<?xml version="1.0" encoding="UTF-8"?>
<testsuites>
  <testsuite name="/app/phpunit-ci.xml" tests="937" assertions="14760" errors="0" failures="0" skipped="0" time="318.908911">
    <testsuite name="Unit" tests="130" assertions="135" errors="0" failures="0" skipped="0" time="6.042722">
      <testsuite name="Tests\Unit\Playground\Lead\Resource\Http\Requests\Campaign\CreateRequestTest" file="/app/tests/Unit/Http/Requests/Campaign/CreateRequestTest.php" tests="1" assertions="1" errors="0" failures="0" skipped="0" time="0.226945">
        <testcase name="test_request_instance" file="/app/vendor/gammamatrix/playground-test/src/Unit/Http/Requests/RequestCase.php" line="42" class="Tests\Unit\Playground\Lead\Resource\Http\Requests\Campaign\CreateRequestTest" classname="Tests.Unit.Playground.Lead.Resource.Http.Requests.Campaign.CreateRequestTest" assertions="1" time="0.226945"/>
      </testsuite>
      <testsuite name="Tests\Unit\Playground\Lead\Resource\Http\Requests\Campaign\DestroyRequestTest" file="/app/tests/Unit/Http/Requests/Campaign/DestroyRequestTest.php" tests="1" assertions="1" errors="0" failures="0" skipped="0" time="0.045952">
        <testcase name="test_request_instance" file="/app/vendor/gammamatrix/playground-test/src/Unit/Http/Requests/RequestCase.php" line="42" class="Tests\Unit\Playground\Lead\Resource\Http\Requests\Campaign\DestroyRequestTest" classname="Tests.Unit.Playground.Lead.Resource.Http.Requests.Campaign.DestroyRequestTest" assertions="1" time="0.045952"/>
      </testsuite>
      <testsuite name="Tests\Unit\Playground\Lead\Resource\Http\Requests\Campaign\EditRequestTest" file="/app/tests/Unit/Http/Requests/Campaign/EditRequestTest.php" tests="1" assertions="1" errors="0" failures="0" skipped="0" time="0.045132">
        <testcase name="test_request_instance" file="/app/vendor/gammamatrix/playground-test/src/Unit/Http/Requests/RequestCase.php" line="42" class="Tests\Unit\Playground\Lead\Resource\Http\Requests\Campaign\EditRequestTest" classname="Tests.Unit.Playground.Lead.Resource.Http.Requests.Campaign.EditRequestTest" assertions="1" time="0.045132"/>
      </testsuite>
      <testsuite name="Tests\Unit\Playground\Lead\Resource\Http\Requests\Campaign\IndexRequestTest" file="/app/tests/Unit/Http/Requests/Campaign/IndexRequestTest.php" tests="1" assertions="1" errors="0" failures="0" skipped="0" time="0.046945">
        <testcase name="test_request_instance" file="/app/vendor/gammamatrix/playground-test/src/Unit/Http/Requests/RequestCase.php" line="42" class="Tests\Unit\Playground\Lead\Resource\Http\Requests\Campaign\IndexRequestTest" classname="Tests.Unit.Playground.Lead.Resource.Http.Requests.Campaign.IndexRequestTest" assertions="1" time="0.046945"/>
      </testsuite>
      <testsuite name="Tests\Unit\Playground\Lead\Resource\Http\Requests\Campaign\LockRequestTest" file="/app/tests/Unit/Http/Requests/Campaign/LockRequestTest.php" tests="1" assertions="1" errors="0" failures="0" skipped="0" time="0.045319">
        <testcase name="test_request_instance" file="/app/vendor/gammamatrix/playground-test/src/Unit/Http/Requests/RequestCase.php" line="42" class="Tests\Unit\Playground\Lead\Resource\Http\Requests\Campaign\LockRequestTest" classname="Tests.Unit.Playground.Lead.Resource.Http.Requests.Campaign.LockRequestTest" assertions="1" time="0.045319"/>
      </testsuite>
      <testsuite name="Tests\Unit\Playground\Lead\Resource\Http\Requests\Campaign\RestoreRequestTest" file="/app/tests/Unit/Http/Requests/Campaign/RestoreRequestTest.php" tests="1" assertions="1" errors="0" failures="0" skipped="0" time="0.046938">
        <testcase name="test_request_instance" file="/app/vendor/gammamatrix/playground-test/src/Unit/Http/Requests/RequestCase.php" line="42" class="Tests\Unit\Playground\Lead\Resource\Http\Requests\Campaign\RestoreRequestTest" classname="Tests.Unit.Playground.Lead.Resource.Http.Requests.Campaign.RestoreRequestTest" assertions="1" time="0.046938"/>
      </testsuite>
      <testsuite name="Tests\Unit\Playground\Lead\Resource\Http\Requests\Campaign\ShowRequestTest" file="/app/tests/Unit/Http/Requests/Campaign/ShowRequestTest.php" tests="1" assertions="1" errors="0" failures="0" skipped="0" time="0.045450">
        <testcase name="test_request_instance" file="/app/vendor/gammamatrix/playground-test/src/Unit/Http/Requests/RequestCase.php" line="42" class="Tests\Unit\Playground\Lead\Resource\Http\Requests\Campaign\ShowRequestTest" classname="Tests.Unit.Playground.Lead.Resource.Http.Requests.Campaign.ShowRequestTest" assertions="1" time="0.045450"/>
      </testsuite>
      <testsuite name="Tests\Unit\Playground\Lead\Resource\Http\Requests\Campaign\StoreRequestTest" file="/app/tests/Unit/Http/Requests/Campaign/StoreRequestTest.php" tests="1" assertions="1" errors="0" failures="0" skipped="0" time="0.045893">
        <testcase name="test_request_instance" file="/app/vendor/gammamatrix/playground-test/src/Unit/Http/Requests/RequestCase.php" line="42" class="Tests\Unit\Playground\Lead\Resource\Http\Requests\Campaign\StoreRequestTest" classname="Tests.Unit.Playground.Lead.Resource.Http.Requests.Campaign.StoreRequestTest" assertions="1" time="0.045893"/>
      </testsuite>
      <testsuite name="Tests\Unit\Playground\Lead\Resource\Http\Requests\Campaign\UnlockRequestTest" file="/app/tests/Unit/Http/Requests/Campaign/UnlockRequestTest.php" tests="1" assertions="1" errors="0" failures="0" skipped="0" time="0.044520">
        <testcase name="test_request_instance" file="/app/vendor/gammamatrix/playground-test/src/Unit/Http/Requests/RequestCase.php" line="42" class="Tests\Unit\Playground\Lead\Resource\Http\Requests\Campaign\UnlockRequestTest" classname="Tests.Unit.Playground.Lead.Resource.Http.Requests.Campaign.UnlockRequestTest" assertions="1" time="0.044520"/>
      </testsuite>
      <testsuite name="Tests\Unit\Playground\Lead\Resource\Http\Requests\Campaign\UpdateRequestTest" file="/app/tests/Unit/Http/Requests/Campaign/UpdateRequestTest.php" tests="1" assertions="1" errors="0" failures="0" skipped="0" time="0.045789">
        <testcase name="test_request_instance" file="/app/vendor/gammamatrix/playground-test/src/Unit/Http/Requests/RequestCase.php" line="42" class="Tests\Unit\Playground\Lead\Resource\Http\Requests\Campaign\UpdateRequestTest" classname="Tests.Unit.Playground.Lead.Resource.Http.Requests.Campaign.UpdateRequestTest" assertions="1" time="0.045789"/>
      </testsuite>
      <testsuite name="Tests\Unit\Playground\Lead\Resource\Http\Requests\FormRequest\InstanceTest" file="/app/tests/Unit/Http/Requests/FormRequest/InstanceTest.php" tests="5" assertions="6" errors="0" failures="0" skipped="0" time="0.254996">
        <testcase name="test_form_request_authorize_without_user" file="/app/tests/Unit/Http/Requests/FormRequest/InstanceTest.php" line="23" class="Tests\Unit\Playground\Lead\Resource\Http\Requests\FormRequest\InstanceTest" classname="Tests.Unit.Playground.Lead.Resource.Http.Requests.FormRequest.InstanceTest" assertions="1" time="0.044541"/>
        <testcase name="test_rules_is_empty_by_default" file="/app/tests/Unit/Http/Requests/FormRequest/InstanceTest.php" line="30" class="Tests\Unit\Playground\Lead\Resource\Http\Requests\FormRequest\InstanceTest" classname="Tests.Unit.Playground.Lead.Resource.Http.Requests.FormRequest.InstanceTest" assertions="2" time="0.046943"/>
        <testcase name="test_user_has_admin_privileges_without_user" file="/app/tests/Unit/Http/Requests/FormRequest/InstanceTest.php" line="38" class="Tests\Unit\Playground\Lead\Resource\Http\Requests\FormRequest\InstanceTest" classname="Tests.Unit.Playground.Lead.Resource.Http.Requests.FormRequest.InstanceTest" assertions="1" time="0.044776"/>
        <testcase name="test_user_has_admin_privileges_with_admin" file="/app/tests/Unit/Http/Requests/FormRequest/InstanceTest.php" line="45" class="Tests\Unit\Playground\Lead\Resource\Http\Requests\FormRequest\InstanceTest" classname="Tests.Unit.Playground.Lead.Resource.Http.Requests.FormRequest.InstanceTest" assertions="1" time="0.067728"/>
        <testcase name="test_user_has_admin_privileges_with_default_laravel_user" file="/app/tests/Unit/Http/Requests/FormRequest/InstanceTest.php" line="57" class="Tests\Unit\Playground\Lead\Resource\Http\Requests\FormRequest\InstanceTest" classname="Tests.Unit.Playground.Lead.Resource.Http.Requests.FormRequest.InstanceTest" assertions="1" time="0.051009"/>
      </testsuite>
      <testsuite name="Tests\Unit\Playground\Lead\Resource\Http\Requests\Goal\CreateRequestTest" file="/app/tests/Unit/Http/Requests/Goal/CreateRequestTest.php" tests="1" assertions="1" errors="0" failures="0" skipped="0" time="0.045984">
        <testcase name="test_request_instance" file="/app/vendor/gammamatrix/playground-test/src/Unit/Http/Requests/RequestCase.php" line="42" class="Tests\Unit\Playground\Lead\Resource\Http\Requests\Goal\CreateRequestTest" classname="Tests.Unit.Playground.Lead.Resource.Http.Requests.Goal.CreateRequestTest" assertions="1" time="0.045984"/>
      </testsuite>
      <testsuite name="Tests\Unit\Playground\Lead\Resource\Http\Requests\Goal\DestroyRequestTest" file="/app/tests/Unit/Http/Requests/Goal/DestroyRequestTest.php" tests="1" assertions="1" errors="0" failures="0" skipped="0" time="0.044802">
        <testcase name="test_request_instance" file="/app/vendor/gammamatrix/playground-test/src/Unit/Http/Requests/RequestCase.php" line="42" class="Tests\Unit\Playground\Lead\Resource\Http\Requests\Goal\DestroyRequestTest" classname="Tests.Unit.Playground.Lead.Resource.Http.Requests.Goal.DestroyRequestTest" assertions="1" time="0.044802"/>
      </testsuite>
      <testsuite name="Tests\Unit\Playground\Lead\Resource\Http\Requests\Goal\EditRequestTest" file="/app/tests/Unit/Http/Requests/Goal/EditRequestTest.php" tests="1" assertions="1" errors="0" failures="0" skipped="0" time="0.044876">
        <testcase name="test_request_instance" file="/app/vendor/gammamatrix/playground-test/src/Unit/Http/Requests/RequestCase.php" line="42" class="Tests\Unit\Playground\Lead\Resource\Http\Requests\Goal\EditRequestTest" classname="Tests.Unit.Playground.Lead.Resource.Http.Requests.Goal.EditRequestTest" assertions="1" time="0.044876"/>
      </testsuite>
      <testsuite name="Tests\Unit\Playground\Lead\Resource\Http\Requests\Goal\IndexRequestTest" file="/app/tests/Unit/Http/Requests/Goal/IndexRequestTest.php" tests="1" assertions="1" errors="0" failures="0" skipped="0" time="0.044385">
        <testcase name="test_request_instance" file="/app/vendor/gammamatrix/playground-test/src/Unit/Http/Requests/RequestCase.php" line="42" class="Tests\Unit\Playground\Lead\Resource\Http\Requests\Goal\IndexRequestTest" classname="Tests.Unit.Playground.Lead.Resource.Http.Requests.Goal.IndexRequestTest" assertions="1" time="0.044385"/>
      </testsuite>
      <testsuite name="Tests\Unit\Playground\Lead\Resource\Http\Requests\Goal\LockRequestTest" file="/app/tests/Unit/Http/Requests/Goal/LockRequestTest.php" tests="1" assertions="1" errors="0" failures="0" skipped="0" time="0.043721">
        <testcase name="test_request_instance" file="/app/vendor/gammamatrix/playground-test/src/Unit/Http/Requests/RequestCase.php" line="42" class="Tests\Unit\Playground\Lead\Resource\Http\Requests\Goal\LockRequestTest" classname="Tests.Unit.Playground.Lead.Resource.Http.Requests.Goal.LockRequestTest" assertions="1" time="0.043721"/>
      </testsuite>
      <testsuite name="Tests\Unit\Playground\Lead\Resource\Http\Requests\Goal\RestoreRequestTest" file="/app/tests/Unit/Http/Requests/Goal/RestoreRequestTest.php" tests="1" assertions="1" errors="0" failures="0" skipped="0" time="0.051462">
        <testcase name="test_request_instance" file="/app/vendor/gammamatrix/playground-test/src/Unit/Http/Requests/RequestCase.php" line="42" class="Tests\Unit\Playground\Lead\Resource\Http\Requests\Goal\RestoreRequestTest" classname="Tests.Unit.Playground.Lead.Resource.Http.Requests.Goal.RestoreRequestTest" assertions="1" time="0.051462"/>
      </testsuite>
      <testsuite name="Tests\Unit\Playground\Lead\Resource\Http\Requests\Goal\ShowRequestTest" file="/app/tests/Unit/Http/Requests/Goal/ShowRequestTest.php" tests="1" assertions="1" errors="0" failures="0" skipped="0" time="0.043988">
        <testcase name="test_request_instance" file="/app/vendor/gammamatrix/playground-test/src/Unit/Http/Requests/RequestCase.php" line="42" class="Tests\Unit\Playground\Lead\Resource\Http\Requests\Goal\ShowRequestTest" classname="Tests.Unit.Playground.Lead.Resource.Http.Requests.Goal.ShowRequestTest" assertions="1" time="0.043988"/>
      </testsuite>
      <testsuite name="Tests\Unit\Playground\Lead\Resource\Http\Requests\Goal\StoreRequestTest" file="/app/tests/Unit/Http/Requests/Goal/StoreRequestTest.php" tests="1" assertions="1" errors="0" failures="0" skipped="0" time="0.045602">
        <testcase name="test_request_instance" file="/app/vendor/gammamatrix/playground-test/src/Unit/Http/Requests/RequestCase.php" line="42" class="Tests\Unit\Playground\Lead\Resource\Http\Requests\Goal\StoreRequestTest" classname="Tests.Unit.Playground.Lead.Resource.Http.Requests.Goal.StoreRequestTest" assertions="1" time="0.045602"/>
      </testsuite>
      <testsuite name="Tests\Unit\Playground\Lead\Resource\Http\Requests\Goal\UnlockRequestTest" file="/app/tests/Unit/Http/Requests/Goal/UnlockRequestTest.php" tests="1" assertions="1" errors="0" failures="0" skipped="0" time="0.044156">
        <testcase name="test_request_instance" file="/app/vendor/gammamatrix/playground-test/src/Unit/Http/Requests/RequestCase.php" line="42" class="Tests\Unit\Playground\Lead\Resource\Http\Requests\Goal\UnlockRequestTest" classname="Tests.Unit.Playground.Lead.Resource.Http.Requests.Goal.UnlockRequestTest" assertions="1" time="0.044156"/>
      </testsuite>
      <testsuite name="Tests\Unit\Playground\Lead\Resource\Http\Requests\Goal\UpdateRequestTest" file="/app/tests/Unit/Http/Requests/Goal/UpdateRequestTest.php" tests="1" assertions="1" errors="0" failures="0" skipped="0" time="0.043878">
        <testcase name="test_request_instance" file="/app/vendor/gammamatrix/playground-test/src/Unit/Http/Requests/RequestCase.php" line="42" class="Tests\Unit\Playground\Lead\Resource\Http\Requests\Goal\UpdateRequestTest" classname="Tests.Unit.Playground.Lead.Resource.Http.Requests.Goal.UpdateRequestTest" assertions="1" time="0.043878"/>
      </testsuite>
      <testsuite name="Tests\Unit\Playground\Lead\Resource\Http\Requests\Lead\CreateRequestTest" file="/app/tests/Unit/Http/Requests/Lead/CreateRequestTest.php" tests="1" assertions="1" errors="0" failures="0" skipped="0" time="0.043705">
        <testcase name="test_request_instance" file="/app/vendor/gammamatrix/playground-test/src/Unit/Http/Requests/RequestCase.php" line="42" class="Tests\Unit\Playground\Lead\Resource\Http\Requests\Lead\CreateRequestTest" classname="Tests.Unit.Playground.Lead.Resource.Http.Requests.Lead.CreateRequestTest" assertions="1" time="0.043705"/>
      </testsuite>
      <testsuite name="Tests\Unit\Playground\Lead\Resource\Http\Requests\Lead\DestroyRequestTest" file="/app/tests/Unit/Http/Requests/Lead/DestroyRequestTest.php" tests="1" assertions="1" errors="0" failures="0" skipped="0" time="0.043614">
        <testcase name="test_request_instance" file="/app/vendor/gammamatrix/playground-test/src/Unit/Http/Requests/RequestCase.php" line="42" class="Tests\Unit\Playground\Lead\Resource\Http\Requests\Lead\DestroyRequestTest" classname="Tests.Unit.Playground.Lead.Resource.Http.Requests.Lead.DestroyRequestTest" assertions="1" time="0.043614"/>
      </testsuite>
      <testsuite name="Tests\Unit\Playground\Lead\Resource\Http\Requests\Lead\EditRequestTest" file="/app/tests/Unit/Http/Requests/Lead/EditRequestTest.php" tests="1" assertions="1" errors="0" failures="0" skipped="0" time="0.043765">
        <testcase name="test_request_instance" file="/app/vendor/gammamatrix/playground-test/src/Unit/Http/Requests/RequestCase.php" line="42" class="Tests\Unit\Playground\Lead\Resource\Http\Requests\Lead\EditRequestTest" classname="Tests.Unit.Playground.Lead.Resource.Http.Requests.Lead.EditRequestTest" assertions="1" time="0.043765"/>
      </testsuite>
      <testsuite name="Tests\Unit\Playground\Lead\Resource\Http\Requests\Lead\IndexRequestTest" file="/app/tests/Unit/Http/Requests/Lead/IndexRequestTest.php" tests="1" assertions="1" errors="0" failures="0" skipped="0" time="0.044163">
        <testcase name="test_request_instance" file="/app/vendor/gammamatrix/playground-test/src/Unit/Http/Requests/RequestCase.php" line="42" class="Tests\Unit\Playground\Lead\Resource\Http\Requests\Lead\IndexRequestTest" classname="Tests.Unit.Playground.Lead.Resource.Http.Requests.Lead.IndexRequestTest" assertions="1" time="0.044163"/>
      </testsuite>
      <testsuite name="Tests\Unit\Playground\Lead\Resource\Http\Requests\Lead\LockRequestTest" file="/app/tests/Unit/Http/Requests/Lead/LockRequestTest.php" tests="1" assertions="1" errors="0" failures="0" skipped="0" time="0.043533">
        <testcase name="test_request_instance" file="/app/vendor/gammamatrix/playground-test/src/Unit/Http/Requests/RequestCase.php" line="42" class="Tests\Unit\Playground\Lead\Resource\Http\Requests\Lead\LockRequestTest" classname="Tests.Unit.Playground.Lead.Resource.Http.Requests.Lead.LockRequestTest" assertions="1" time="0.043533"/>
      </testsuite>
      <testsuite name="Tests\Unit\Playground\Lead\Resource\Http\Requests\Lead\RestoreRequestTest" file="/app/tests/Unit/Http/Requests/Lead/RestoreRequestTest.php" tests="1" assertions="1" errors="0" failures="0" skipped="0" time="0.043646">
        <testcase name="test_request_instance" file="/app/vendor/gammamatrix/playground-test/src/Unit/Http/Requests/RequestCase.php" line="42" class="Tests\Unit\Playground\Lead\Resource\Http\Requests\Lead\RestoreRequestTest" classname="Tests.Unit.Playground.Lead.Resource.Http.Requests.Lead.RestoreRequestTest" assertions="1" time="0.043646"/>
      </testsuite>
      <testsuite name="Tests\Unit\Playground\Lead\Resource\Http\Requests\Lead\ShowRequestTest" file="/app/tests/Unit/Http/Requests/Lead/ShowRequestTest.php" tests="1" assertions="1" errors="0" failures="0" skipped="0" time="0.045078">
        <testcase name="test_request_instance" file="/app/vendor/gammamatrix/playground-test/src/Unit/Http/Requests/RequestCase.php" line="42" class="Tests\Unit\Playground\Lead\Resource\Http\Requests\Lead\ShowRequestTest" classname="Tests.Unit.Playground.Lead.Resource.Http.Requests.Lead.ShowRequestTest" assertions="1" time="0.045078"/>
      </testsuite>
      <testsuite name="Tests\Unit\Playground\Lead\Resource\Http\Requests\Lead\StoreRequestTest" file="/app/tests/Unit/Http/Requests/Lead/StoreRequestTest.php" tests="1" assertions="1" errors="0" failures="0" skipped="0" time="0.043570">
        <testcase name="test_request_instance" file="/app/vendor/gammamatrix/playground-test/src/Unit/Http/Requests/RequestCase.php" line="42" class="Tests\Unit\Playground\Lead\Resource\Http\Requests\Lead\StoreRequestTest" classname="Tests.Unit.Playground.Lead.Resource.Http.Requests.Lead.StoreRequestTest" assertions="1" time="0.043570"/>
      </testsuite>
      <testsuite name="Tests\Unit\Playground\Lead\Resource\Http\Requests\Lead\UnlockRequestTest" file="/app/tests/Unit/Http/Requests/Lead/UnlockRequestTest.php" tests="1" assertions="1" errors="0" failures="0" skipped="0" time="0.047829">
        <testcase name="test_request_instance" file="/app/vendor/gammamatrix/playground-test/src/Unit/Http/Requests/RequestCase.php" line="42" class="Tests\Unit\Playground\Lead\Resource\Http\Requests\Lead\UnlockRequestTest" classname="Tests.Unit.Playground.Lead.Resource.Http.Requests.Lead.UnlockRequestTest" assertions="1" time="0.047829"/>
      </testsuite>
      <testsuite name="Tests\Unit\Playground\Lead\Resource\Http\Requests\Lead\UpdateRequestTest" file="/app/tests/Unit/Http/Requests/Lead/UpdateRequestTest.php" tests="1" assertions="1" errors="0" failures="0" skipped="0" time="0.043635">
        <testcase name="test_request_instance" file="/app/vendor/gammamatrix/playground-test/src/Unit/Http/Requests/RequestCase.php" line="42" class="Tests\Unit\Playground\Lead\Resource\Http\Requests\Lead\UpdateRequestTest" classname="Tests.Unit.Playground.Lead.Resource.Http.Requests.Lead.UpdateRequestTest" assertions="1" time="0.043635"/>
      </testsuite>
      <testsuite name="Tests\Unit\Playground\Lead\Resource\Http\Requests\Opportunity\CreateRequestTest" file="/app/tests/Unit/Http/Requests/Opportunity/CreateRequestTest.php" tests="1" assertions="1" errors="0" failures="0" skipped="0" time="0.044455">
        <testcase name="test_request_instance" file="/app/vendor/gammamatrix/playground-test/src/Unit/Http/Requests/RequestCase.php" line="42" class="Tests\Unit\Playground\Lead\Resource\Http\Requests\Opportunity\CreateRequestTest" classname="Tests.Unit.Playground.Lead.Resource.Http.Requests.Opportunity.CreateRequestTest" assertions="1" time="0.044455"/>
      </testsuite>
      <testsuite name="Tests\Unit\Playground\Lead\Resource\Http\Requests\Opportunity\DestroyRequestTest" file="/app/tests/Unit/Http/Requests/Opportunity/DestroyRequestTest.php" tests="1" assertions="1" errors="0" failures="0" skipped="0" time="0.043867">
        <testcase name="test_request_instance" file="/app/vendor/gammamatrix/playground-test/src/Unit/Http/Requests/RequestCase.php" line="42" class="Tests\Unit\Playground\Lead\Resource\Http\Requests\Opportunity\DestroyRequestTest" classname="Tests.Unit.Playground.Lead.Resource.Http.Requests.Opportunity.DestroyRequestTest" assertions="1" time="0.043867"/>
      </testsuite>
      <testsuite name="Tests\Unit\Playground\Lead\Resource\Http\Requests\Opportunity\EditRequestTest" file="/app/tests/Unit/Http/Requests/Opportunity/EditRequestTest.php" tests="1" assertions="1" errors="0" failures="0" skipped="0" time="0.043353">
        <testcase name="test_request_instance" file="/app/vendor/gammamatrix/playground-test/src/Unit/Http/Requests/RequestCase.php" line="42" class="Tests\Unit\Playground\Lead\Resource\Http\Requests\Opportunity\EditRequestTest" classname="Tests.Unit.Playground.Lead.Resource.Http.Requests.Opportunity.EditRequestTest" assertions="1" time="0.043353"/>
      </testsuite>
      <testsuite name="Tests\Unit\Playground\Lead\Resource\Http\Requests\Opportunity\IndexRequestTest" file="/app/tests/Unit/Http/Requests/Opportunity/IndexRequestTest.php" tests="1" assertions="1" errors="0" failures="0" skipped="0" time="0.043798">
        <testcase name="test_request_instance" file="/app/vendor/gammamatrix/playground-test/src/Unit/Http/Requests/RequestCase.php" line="42" class="Tests\Unit\Playground\Lead\Resource\Http\Requests\Opportunity\IndexRequestTest" classname="Tests.Unit.Playground.Lead.Resource.Http.Requests.Opportunity.IndexRequestTest" assertions="1" time="0.043798"/>
      </testsuite>
      <testsuite name="Tests\Unit\Playground\Lead\Resource\Http\Requests\Opportunity\LockRequestTest" file="/app/tests/Unit/Http/Requests/Opportunity/LockRequestTest.php" tests="1" assertions="1" errors="0" failures="0" skipped="0" time="0.043462">
        <testcase name="test_request_instance" file="/app/vendor/gammamatrix/playground-test/src/Unit/Http/Requests/RequestCase.php" line="42" class="Tests\Unit\Playground\Lead\Resource\Http\Requests\Opportunity\LockRequestTest" classname="Tests.Unit.Playground.Lead.Resource.Http.Requests.Opportunity.LockRequestTest" assertions="1" time="0.043462"/>
      </testsuite>
      <testsuite name="Tests\Unit\Playground\Lead\Resource\Http\Requests\Opportunity\RestoreRequestTest" file="/app/tests/Unit/Http/Requests/Opportunity/RestoreRequestTest.php" tests="1" assertions="1" errors="0" failures="0" skipped="0" time="0.044436">
        <testcase name="test_request_instance" file="/app/vendor/gammamatrix/playground-test/src/Unit/Http/Requests/RequestCase.php" line="42" class="Tests\Unit\Playground\Lead\Resource\Http\Requests\Opportunity\RestoreRequestTest" classname="Tests.Unit.Playground.Lead.Resource.Http.Requests.Opportunity.RestoreRequestTest" assertions="1" time="0.044436"/>
      </testsuite>
      <testsuite name="Tests\Unit\Playground\Lead\Resource\Http\Requests\Opportunity\ShowRequestTest" file="/app/tests/Unit/Http/Requests/Opportunity/ShowRequestTest.php" tests="1" assertions="1" errors="0" failures="0" skipped="0" time="0.043974">
        <testcase name="test_request_instance" file="/app/vendor/gammamatrix/playground-test/src/Unit/Http/Requests/RequestCase.php" line="42" class="Tests\Unit\Playground\Lead\Resource\Http\Requests\Opportunity\ShowRequestTest" classname="Tests.Unit.Playground.Lead.Resource.Http.Requests.Opportunity.ShowRequestTest" assertions="1" time="0.043974"/>
      </testsuite>
      <testsuite name="Tests\Unit\Playground\Lead\Resource\Http\Requests\Opportunity\StoreRequestTest" file="/app/tests/Unit/Http/Requests/Opportunity/StoreRequestTest.php" tests="1" assertions="1" errors="0" failures="0" skipped="0" time="0.044641">
        <testcase name="test_request_instance" file="/app/vendor/gammamatrix/playground-test/src/Unit/Http/Requests/RequestCase.php" line="42" class="Tests\Unit\Playground\Lead\Resource\Http\Requests\Opportunity\StoreRequestTest" classname="Tests.Unit.Playground.Lead.Resource.Http.Requests.Opportunity.StoreRequestTest" assertions="1" time="0.044641"/>
      </testsuite>
      <testsuite name="Tests\Unit\Playground\Lead\Resource\Http\Requests\Opportunity\UnlockRequestTest" file="/app/tests/Unit/Http/Requests/Opportunity/UnlockRequestTest.php" tests="1" assertions="1" errors="0" failures="0" skipped="0" time="0.043638">
        <testcase name="test_request_instance" file="/app/vendor/gammamatrix/playground-test/src/Unit/Http/Requests/RequestCase.php" line="42" class="Tests\Unit\Playground\Lead\Resource\Http\Requests\Opportunity\UnlockRequestTest" classname="Tests.Unit.Playground.Lead.Resource.Http.Requests.Opportunity.UnlockRequestTest" assertions="1" time="0.043638"/>
      </testsuite>
      <testsuite name="Tests\Unit\Playground\Lead\Resource\Http\Requests\Opportunity\UpdateRequestTest" file="/app/tests/Unit/Http/Requests/Opportunity/UpdateRequestTest.php" tests="1" assertions="1" errors="0" failures="0" skipped="0" time="0.043713">
        <testcase name="test_request_instance" file="/app/vendor/gammamatrix/playground-test/src/Unit/Http/Requests/RequestCase.php" line="42" class="Tests\Unit\Playground\Lead\Resource\Http\Requests\Opportunity\UpdateRequestTest" classname="Tests.Unit.Playground.Lead.Resource.Http.Requests.Opportunity.UpdateRequestTest" assertions="1" time="0.043713"/>
      </testsuite>
      <testsuite name="Tests\Unit\Playground\Lead\Resource\Http\Requests\Plan\CreateRequestTest" file="/app/tests/Unit/Http/Requests/Plan/CreateRequestTest.php" tests="1" assertions="1" errors="0" failures="0" skipped="0" time="0.047615">
        <testcase name="test_request_instance" file="/app/vendor/gammamatrix/playground-test/src/Unit/Http/Requests/RequestCase.php" line="42" class="Tests\Unit\Playground\Lead\Resource\Http\Requests\Plan\CreateRequestTest" classname="Tests.Unit.Playground.Lead.Resource.Http.Requests.Plan.CreateRequestTest" assertions="1" time="0.047615"/>
      </testsuite>
      <testsuite name="Tests\Unit\Playground\Lead\Resource\Http\Requests\Plan\DestroyRequestTest" file="/app/tests/Unit/Http/Requests/Plan/DestroyRequestTest.php" tests="1" assertions="1" errors="0" failures="0" skipped="0" time="0.044186">
        <testcase name="test_request_instance" file="/app/vendor/gammamatrix/playground-test/src/Unit/Http/Requests/RequestCase.php" line="42" class="Tests\Unit\Playground\Lead\Resource\Http\Requests\Plan\DestroyRequestTest" classname="Tests.Unit.Playground.Lead.Resource.Http.Requests.Plan.DestroyRequestTest" assertions="1" time="0.044186"/>
      </testsuite>
      <testsuite name="Tests\Unit\Playground\Lead\Resource\Http\Requests\Plan\EditRequestTest" file="/app/tests/Unit/Http/Requests/Plan/EditRequestTest.php" tests="1" assertions="1" errors="0" failures="0" skipped="0" time="0.044046">
        <testcase name="test_request_instance" file="/app/vendor/gammamatrix/playground-test/src/Unit/Http/Requests/RequestCase.php" line="42" class="Tests\Unit\Playground\Lead\Resource\Http\Requests\Plan\EditRequestTest" classname="Tests.Unit.Playground.Lead.Resource.Http.Requests.Plan.EditRequestTest" assertions="1" time="0.044046"/>
      </testsuite>
      <testsuite name="Tests\Unit\Playground\Lead\Resource\Http\Requests\Plan\IndexRequestTest" file="/app/tests/Unit/Http/Requests/Plan/IndexRequestTest.php" tests="1" assertions="1" errors="0" failures="0" skipped="0" time="0.043952">
        <testcase name="test_request_instance" file="/app/vendor/gammamatrix/playground-test/src/Unit/Http/Requests/RequestCase.php" line="42" class="Tests\Unit\Playground\Lead\Resource\Http\Requests\Plan\IndexRequestTest" classname="Tests.Unit.Playground.Lead.Resource.Http.Requests.Plan.IndexRequestTest" assertions="1" time="0.043952"/>
      </testsuite>
      <testsuite name="Tests\Unit\Playground\Lead\Resource\Http\Requests\Plan\LockRequestTest" file="/app/tests/Unit/Http/Requests/Plan/LockRequestTest.php" tests="1" assertions="1" errors="0" failures="0" skipped="0" time="0.043849">
        <testcase name="test_request_instance" file="/app/vendor/gammamatrix/playground-test/src/Unit/Http/Requests/RequestCase.php" line="42" class="Tests\Unit\Playground\Lead\Resource\Http\Requests\Plan\LockRequestTest" classname="Tests.Unit.Playground.Lead.Resource.Http.Requests.Plan.LockRequestTest" assertions="1" time="0.043849"/>
      </testsuite>
      <testsuite name="Tests\Unit\Playground\Lead\Resource\Http\Requests\Plan\RestoreRequestTest" file="/app/tests/Unit/Http/Requests/Plan/RestoreRequestTest.php" tests="1" assertions="1" errors="0" failures="0" skipped="0" time="0.044361">
        <testcase name="test_request_instance" file="/app/vendor/gammamatrix/playground-test/src/Unit/Http/Requests/RequestCase.php" line="42" class="Tests\Unit\Playground\Lead\Resource\Http\Requests\Plan\RestoreRequestTest" classname="Tests.Unit.Playground.Lead.Resource.Http.Requests.Plan.RestoreRequestTest" assertions="1" time="0.044361"/>
      </testsuite>
      <testsuite name="Tests\Unit\Playground\Lead\Resource\Http\Requests\Plan\ShowRequestTest" file="/app/tests/Unit/Http/Requests/Plan/ShowRequestTest.php" tests="1" assertions="1" errors="0" failures="0" skipped="0" time="0.044590">
        <testcase name="test_request_instance" file="/app/vendor/gammamatrix/playground-test/src/Unit/Http/Requests/RequestCase.php" line="42" class="Tests\Unit\Playground\Lead\Resource\Http\Requests\Plan\ShowRequestTest" classname="Tests.Unit.Playground.Lead.Resource.Http.Requests.Plan.ShowRequestTest" assertions="1" time="0.044590"/>
      </testsuite>
      <testsuite name="Tests\Unit\Playground\Lead\Resource\Http\Requests\Plan\StoreRequestTest" file="/app/tests/Unit/Http/Requests/Plan/StoreRequestTest.php" tests="1" assertions="1" errors="0" failures="0" skipped="0" time="0.044670">
        <testcase name="test_request_instance" file="/app/vendor/gammamatrix/playground-test/src/Unit/Http/Requests/RequestCase.php" line="42" class="Tests\Unit\Playground\Lead\Resource\Http\Requests\Plan\StoreRequestTest" classname="Tests.Unit.Playground.Lead.Resource.Http.Requests.Plan.StoreRequestTest" assertions="1" time="0.044670"/>
      </testsuite>
      <testsuite name="Tests\Unit\Playground\Lead\Resource\Http\Requests\Plan\UnlockRequestTest" file="/app/tests/Unit/Http/Requests/Plan/UnlockRequestTest.php" tests="1" assertions="1" errors="0" failures="0" skipped="0" time="0.045177">
        <testcase name="test_request_instance" file="/app/vendor/gammamatrix/playground-test/src/Unit/Http/Requests/RequestCase.php" line="42" class="Tests\Unit\Playground\Lead\Resource\Http\Requests\Plan\UnlockRequestTest" classname="Tests.Unit.Playground.Lead.Resource.Http.Requests.Plan.UnlockRequestTest" assertions="1" time="0.045177"/>
      </testsuite>
      <testsuite name="Tests\Unit\Playground\Lead\Resource\Http\Requests\Plan\UpdateRequestTest" file="/app/tests/Unit/Http/Requests/Plan/UpdateRequestTest.php" tests="1" assertions="1" errors="0" failures="0" skipped="0" time="0.043660">
        <testcase name="test_request_instance" file="/app/vendor/gammamatrix/playground-test/src/Unit/Http/Requests/RequestCase.php" line="42" class="Tests\Unit\Playground\Lead\Resource\Http\Requests\Plan\UpdateRequestTest" classname="Tests.Unit.Playground.Lead.Resource.Http.Requests.Plan.UpdateRequestTest" assertions="1" time="0.043660"/>
      </testsuite>
      <testsuite name="Tests\Unit\Playground\Lead\Resource\Http\Requests\Region\CreateRequestTest" file="/app/tests/Unit/Http/Requests/Region/CreateRequestTest.php" tests="1" assertions="1" errors="0" failures="0" skipped="0" time="0.043453">
        <testcase name="test_request_instance" file="/app/vendor/gammamatrix/playground-test/src/Unit/Http/Requests/RequestCase.php" line="42" class="Tests\Unit\Playground\Lead\Resource\Http\Requests\Region\CreateRequestTest" classname="Tests.Unit.Playground.Lead.Resource.Http.Requests.Region.CreateRequestTest" assertions="1" time="0.043453"/>
      </testsuite>
      <testsuite name="Tests\Unit\Playground\Lead\Resource\Http\Requests\Region\DestroyRequestTest" file="/app/tests/Unit/Http/Requests/Region/DestroyRequestTest.php" tests="1" assertions="1" errors="0" failures="0" skipped="0" time="0.043593">
        <testcase name="test_request_instance" file="/app/vendor/gammamatrix/playground-test/src/Unit/Http/Requests/RequestCase.php" line="42" class="Tests\Unit\Playground\Lead\Resource\Http\Requests\Region\DestroyRequestTest" classname="Tests.Unit.Playground.Lead.Resource.Http.Requests.Region.DestroyRequestTest" assertions="1" time="0.043593"/>
      </testsuite>
      <testsuite name="Tests\Unit\Playground\Lead\Resource\Http\Requests\Region\EditRequestTest" file="/app/tests/Unit/Http/Requests/Region/EditRequestTest.php" tests="1" assertions="1" errors="0" failures="0" skipped="0" time="0.043851">
        <testcase name="test_request_instance" file="/app/vendor/gammamatrix/playground-test/src/Unit/Http/Requests/RequestCase.php" line="42" class="Tests\Unit\Playground\Lead\Resource\Http\Requests\Region\EditRequestTest" classname="Tests.Unit.Playground.Lead.Resource.Http.Requests.Region.EditRequestTest" assertions="1" time="0.043851"/>
      </testsuite>
      <testsuite name="Tests\Unit\Playground\Lead\Resource\Http\Requests\Region\IndexRequestTest" file="/app/tests/Unit/Http/Requests/Region/IndexRequestTest.php" tests="1" assertions="1" errors="0" failures="0" skipped="0" time="0.048981">
        <testcase name="test_request_instance" file="/app/vendor/gammamatrix/playground-test/src/Unit/Http/Requests/RequestCase.php" line="42" class="Tests\Unit\Playground\Lead\Resource\Http\Requests\Region\IndexRequestTest" classname="Tests.Unit.Playground.Lead.Resource.Http.Requests.Region.IndexRequestTest" assertions="1" time="0.048981"/>
      </testsuite>
      <testsuite name="Tests\Unit\Playground\Lead\Resource\Http\Requests\Region\LockRequestTest" file="/app/tests/Unit/Http/Requests/Region/LockRequestTest.php" tests="1" assertions="1" errors="0" failures="0" skipped="0" time="0.044150">
        <testcase name="test_request_instance" file="/app/vendor/gammamatrix/playground-test/src/Unit/Http/Requests/RequestCase.php" line="42" class="Tests\Unit\Playground\Lead\Resource\Http\Requests\Region\LockRequestTest" classname="Tests.Unit.Playground.Lead.Resource.Http.Requests.Region.LockRequestTest" assertions="1" time="0.044150"/>
      </testsuite>
      <testsuite name="Tests\Unit\Playground\Lead\Resource\Http\Requests\Region\RestoreRequestTest" file="/app/tests/Unit/Http/Requests/Region/RestoreRequestTest.php" tests="1" assertions="1" errors="0" failures="0" skipped="0" time="0.043949">
        <testcase name="test_request_instance" file="/app/vendor/gammamatrix/playground-test/src/Unit/Http/Requests/RequestCase.php" line="42" class="Tests\Unit\Playground\Lead\Resource\Http\Requests\Region\RestoreRequestTest" classname="Tests.Unit.Playground.Lead.Resource.Http.Requests.Region.RestoreRequestTest" assertions="1" time="0.043949"/>
      </testsuite>
      <testsuite name="Tests\Unit\Playground\Lead\Resource\Http\Requests\Region\ShowRequestTest" file="/app/tests/Unit/Http/Requests/Region/ShowRequestTest.php" tests="1" assertions="1" errors="0" failures="0" skipped="0" time="0.044394">
        <testcase name="test_request_instance" file="/app/vendor/gammamatrix/playground-test/src/Unit/Http/Requests/RequestCase.php" line="42" class="Tests\Unit\Playground\Lead\Resource\Http\Requests\Region\ShowRequestTest" classname="Tests.Unit.Playground.Lead.Resource.Http.Requests.Region.ShowRequestTest" assertions="1" time="0.044394"/>
      </testsuite>
      <testsuite name="Tests\Unit\Playground\Lead\Resource\Http\Requests\Region\StoreRequestTest" file="/app/tests/Unit/Http/Requests/Region/StoreRequestTest.php" tests="1" assertions="1" errors="0" failures="0" skipped="0" time="0.044758">
        <testcase name="test_request_instance" file="/app/vendor/gammamatrix/playground-test/src/Unit/Http/Requests/RequestCase.php" line="42" class="Tests\Unit\Playground\Lead\Resource\Http\Requests\Region\StoreRequestTest" classname="Tests.Unit.Playground.Lead.Resource.Http.Requests.Region.StoreRequestTest" assertions="1" time="0.044758"/>
      </testsuite>
      <testsuite name="Tests\Unit\Playground\Lead\Resource\Http\Requests\Region\UnlockRequestTest" file="/app/tests/Unit/Http/Requests/Region/UnlockRequestTest.php" tests="1" assertions="1" errors="0" failures="0" skipped="0" time="0.043818">
        <testcase name="test_request_instance" file="/app/vendor/gammamatrix/playground-test/src/Unit/Http/Requests/RequestCase.php" line="42" class="Tests\Unit\Playground\Lead\Resource\Http\Requests\Region\UnlockRequestTest" classname="Tests.Unit.Playground.Lead.Resource.Http.Requests.Region.UnlockRequestTest" assertions="1" time="0.043818"/>
      </testsuite>
      <testsuite name="Tests\Unit\Playground\Lead\Resource\Http\Requests\Region\UpdateRequestTest" file="/app/tests/Unit/Http/Requests/Region/UpdateRequestTest.php" tests="1" assertions="1" errors="0" failures="0" skipped="0" time="0.044064">
        <testcase name="test_request_instance" file="/app/vendor/gammamatrix/playground-test/src/Unit/Http/Requests/RequestCase.php" line="42" class="Tests\Unit\Playground\Lead\Resource\Http\Requests\Region\UpdateRequestTest" classname="Tests.Unit.Playground.Lead.Resource.Http.Requests.Region.UpdateRequestTest" assertions="1" time="0.044064"/>
      </testsuite>
      <testsuite name="Tests\Unit\Playground\Lead\Resource\Http\Requests\Report\CreateRequestTest" file="/app/tests/Unit/Http/Requests/Report/CreateRequestTest.php" tests="1" assertions="1" errors="0" failures="0" skipped="0" time="0.044250">
        <testcase name="test_request_instance" file="/app/vendor/gammamatrix/playground-test/src/Unit/Http/Requests/RequestCase.php" line="42" class="Tests\Unit\Playground\Lead\Resource\Http\Requests\Report\CreateRequestTest" classname="Tests.Unit.Playground.Lead.Resource.Http.Requests.Report.CreateRequestTest" assertions="1" time="0.044250"/>
      </testsuite>
      <testsuite name="Tests\Unit\Playground\Lead\Resource\Http\Requests\Report\DestroyRequestTest" file="/app/tests/Unit/Http/Requests/Report/DestroyRequestTest.php" tests="1" assertions="1" errors="0" failures="0" skipped="0" time="0.043773">
        <testcase name="test_request_instance" file="/app/vendor/gammamatrix/playground-test/src/Unit/Http/Requests/RequestCase.php" line="42" class="Tests\Unit\Playground\Lead\Resource\Http\Requests\Report\DestroyRequestTest" classname="Tests.Unit.Playground.Lead.Resource.Http.Requests.Report.DestroyRequestTest" assertions="1" time="0.043773"/>
      </testsuite>
      <testsuite name="Tests\Unit\Playground\Lead\Resource\Http\Requests\Report\EditRequestTest" file="/app/tests/Unit/Http/Requests/Report/EditRequestTest.php" tests="1" assertions="1" errors="0" failures="0" skipped="0" time="0.043985">
        <testcase name="test_request_instance" file="/app/vendor/gammamatrix/playground-test/src/Unit/Http/Requests/RequestCase.php" line="42" class="Tests\Unit\Playground\Lead\Resource\Http\Requests\Report\EditRequestTest" classname="Tests.Unit.Playground.Lead.Resource.Http.Requests.Report.EditRequestTest" assertions="1" time="0.043985"/>
      </testsuite>
      <testsuite name="Tests\Unit\Playground\Lead\Resource\Http\Requests\Report\IndexRequestTest" file="/app/tests/Unit/Http/Requests/Report/IndexRequestTest.php" tests="1" assertions="1" errors="0" failures="0" skipped="0" time="0.043919">
        <testcase name="test_request_instance" file="/app/vendor/gammamatrix/playground-test/src/Unit/Http/Requests/RequestCase.php" line="42" class="Tests\Unit\Playground\Lead\Resource\Http\Requests\Report\IndexRequestTest" classname="Tests.Unit.Playground.Lead.Resource.Http.Requests.Report.IndexRequestTest" assertions="1" time="0.043919"/>
      </testsuite>
      <testsuite name="Tests\Unit\Playground\Lead\Resource\Http\Requests\Report\LockRequestTest" file="/app/tests/Unit/Http/Requests/Report/LockRequestTest.php" tests="1" assertions="1" errors="0" failures="0" skipped="0" time="0.043894">
        <testcase name="test_request_instance" file="/app/vendor/gammamatrix/playground-test/src/Unit/Http/Requests/RequestCase.php" line="42" class="Tests\Unit\Playground\Lead\Resource\Http\Requests\Report\LockRequestTest" classname="Tests.Unit.Playground.Lead.Resource.Http.Requests.Report.LockRequestTest" assertions="1" time="0.043894"/>
      </testsuite>
      <testsuite name="Tests\Unit\Playground\Lead\Resource\Http\Requests\Report\RestoreRequestTest" file="/app/tests/Unit/Http/Requests/Report/RestoreRequestTest.php" tests="1" assertions="1" errors="0" failures="0" skipped="0" time="0.048313">
        <testcase name="test_request_instance" file="/app/vendor/gammamatrix/playground-test/src/Unit/Http/Requests/RequestCase.php" line="42" class="Tests\Unit\Playground\Lead\Resource\Http\Requests\Report\RestoreRequestTest" classname="Tests.Unit.Playground.Lead.Resource.Http.Requests.Report.RestoreRequestTest" assertions="1" time="0.048313"/>
      </testsuite>
      <testsuite name="Tests\Unit\Playground\Lead\Resource\Http\Requests\Report\ShowRequestTest" file="/app/tests/Unit/Http/Requests/Report/ShowRequestTest.php" tests="1" assertions="1" errors="0" failures="0" skipped="0" time="0.044191">
        <testcase name="test_request_instance" file="/app/vendor/gammamatrix/playground-test/src/Unit/Http/Requests/RequestCase.php" line="42" class="Tests\Unit\Playground\Lead\Resource\Http\Requests\Report\ShowRequestTest" classname="Tests.Unit.Playground.Lead.Resource.Http.Requests.Report.ShowRequestTest" assertions="1" time="0.044191"/>
      </testsuite>
      <testsuite name="Tests\Unit\Playground\Lead\Resource\Http\Requests\Report\StoreRequestTest" file="/app/tests/Unit/Http/Requests/Report/StoreRequestTest.php" tests="1" assertions="1" errors="0" failures="0" skipped="0" time="0.044231">
        <testcase name="test_request_instance" file="/app/vendor/gammamatrix/playground-test/src/Unit/Http/Requests/RequestCase.php" line="42" class="Tests\Unit\Playground\Lead\Resource\Http\Requests\Report\StoreRequestTest" classname="Tests.Unit.Playground.Lead.Resource.Http.Requests.Report.StoreRequestTest" assertions="1" time="0.044231"/>
      </testsuite>
      <testsuite name="Tests\Unit\Playground\Lead\Resource\Http\Requests\Report\UnlockRequestTest" file="/app/tests/Unit/Http/Requests/Report/UnlockRequestTest.php" tests="1" assertions="1" errors="0" failures="0" skipped="0" time="0.045768">
        <testcase name="test_request_instance" file="/app/vendor/gammamatrix/playground-test/src/Unit/Http/Requests/RequestCase.php" line="42" class="Tests\Unit\Playground\Lead\Resource\Http\Requests\Report\UnlockRequestTest" classname="Tests.Unit.Playground.Lead.Resource.Http.Requests.Report.UnlockRequestTest" assertions="1" time="0.045768"/>
      </testsuite>
      <testsuite name="Tests\Unit\Playground\Lead\Resource\Http\Requests\Report\UpdateRequestTest" file="/app/tests/Unit/Http/Requests/Report/UpdateRequestTest.php" tests="1" assertions="1" errors="0" failures="0" skipped="0" time="0.044110">
        <testcase name="test_request_instance" file="/app/vendor/gammamatrix/playground-test/src/Unit/Http/Requests/RequestCase.php" line="42" class="Tests\Unit\Playground\Lead\Resource\Http\Requests\Report\UpdateRequestTest" classname="Tests.Unit.Playground.Lead.Resource.Http.Requests.Report.UpdateRequestTest" assertions="1" time="0.044110"/>
      </testsuite>
      <testsuite name="Tests\Unit\Playground\Lead\Resource\Http\Requests\Source\CreateRequestTest" file="/app/tests/Unit/Http/Requests/Source/CreateRequestTest.php" tests="1" assertions="1" errors="0" failures="0" skipped="0" time="0.043720">
        <testcase name="test_request_instance" file="/app/vendor/gammamatrix/playground-test/src/Unit/Http/Requests/RequestCase.php" line="42" class="Tests\Unit\Playground\Lead\Resource\Http\Requests\Source\CreateRequestTest" classname="Tests.Unit.Playground.Lead.Resource.Http.Requests.Source.CreateRequestTest" assertions="1" time="0.043720"/>
      </testsuite>
      <testsuite name="Tests\Unit\Playground\Lead\Resource\Http\Requests\Source\DestroyRequestTest" file="/app/tests/Unit/Http/Requests/Source/DestroyRequestTest.php" tests="1" assertions="1" errors="0" failures="0" skipped="0" time="0.043765">
        <testcase name="test_request_instance" file="/app/vendor/gammamatrix/playground-test/src/Unit/Http/Requests/RequestCase.php" line="42" class="Tests\Unit\Playground\Lead\Resource\Http\Requests\Source\DestroyRequestTest" classname="Tests.Unit.Playground.Lead.Resource.Http.Requests.Source.DestroyRequestTest" assertions="1" time="0.043765"/>
      </testsuite>
      <testsuite name="Tests\Unit\Playground\Lead\Resource\Http\Requests\Source\EditRequestTest" file="/app/tests/Unit/Http/Requests/Source/EditRequestTest.php" tests="1" assertions="1" errors="0" failures="0" skipped="0" time="0.044984">
        <testcase name="test_request_instance" file="/app/vendor/gammamatrix/playground-test/src/Unit/Http/Requests/RequestCase.php" line="42" class="Tests\Unit\Playground\Lead\Resource\Http\Requests\Source\EditRequestTest" classname="Tests.Unit.Playground.Lead.Resource.Http.Requests.Source.EditRequestTest" assertions="1" time="0.044984"/>
      </testsuite>
      <testsuite name="Tests\Unit\Playground\Lead\Resource\Http\Requests\Source\IndexRequestTest" file="/app/tests/Unit/Http/Requests/Source/IndexRequestTest.php" tests="1" assertions="1" errors="0" failures="0" skipped="0" time="0.045488">
        <testcase name="test_request_instance" file="/app/vendor/gammamatrix/playground-test/src/Unit/Http/Requests/RequestCase.php" line="42" class="Tests\Unit\Playground\Lead\Resource\Http\Requests\Source\IndexRequestTest" classname="Tests.Unit.Playground.Lead.Resource.Http.Requests.Source.IndexRequestTest" assertions="1" time="0.045488"/>
      </testsuite>
      <testsuite name="Tests\Unit\Playground\Lead\Resource\Http\Requests\Source\LockRequestTest" file="/app/tests/Unit/Http/Requests/Source/LockRequestTest.php" tests="1" assertions="1" errors="0" failures="0" skipped="0" time="0.044616">
        <testcase name="test_request_instance" file="/app/vendor/gammamatrix/playground-test/src/Unit/Http/Requests/RequestCase.php" line="42" class="Tests\Unit\Playground\Lead\Resource\Http\Requests\Source\LockRequestTest" classname="Tests.Unit.Playground.Lead.Resource.Http.Requests.Source.LockRequestTest" assertions="1" time="0.044616"/>
      </testsuite>
      <testsuite name="Tests\Unit\Playground\Lead\Resource\Http\Requests\Source\RestoreRequestTest" file="/app/tests/Unit/Http/Requests/Source/RestoreRequestTest.php" tests="1" assertions="1" errors="0" failures="0" skipped="0" time="0.044088">
        <testcase name="test_request_instance" file="/app/vendor/gammamatrix/playground-test/src/Unit/Http/Requests/RequestCase.php" line="42" class="Tests\Unit\Playground\Lead\Resource\Http\Requests\Source\RestoreRequestTest" classname="Tests.Unit.Playground.Lead.Resource.Http.Requests.Source.RestoreRequestTest" assertions="1" time="0.044088"/>
      </testsuite>
      <testsuite name="Tests\Unit\Playground\Lead\Resource\Http\Requests\Source\ShowRequestTest" file="/app/tests/Unit/Http/Requests/Source/ShowRequestTest.php" tests="1" assertions="1" errors="0" failures="0" skipped="0" time="0.044130">
        <testcase name="test_request_instance" file="/app/vendor/gammamatrix/playground-test/src/Unit/Http/Requests/RequestCase.php" line="42" class="Tests\Unit\Playground\Lead\Resource\Http\Requests\Source\ShowRequestTest" classname="Tests.Unit.Playground.Lead.Resource.Http.Requests.Source.ShowRequestTest" assertions="1" time="0.044130"/>
      </testsuite>
      <testsuite name="Tests\Unit\Playground\Lead\Resource\Http\Requests\Source\StoreRequestTest" file="/app/tests/Unit/Http/Requests/Source/StoreRequestTest.php" tests="1" assertions="1" errors="0" failures="0" skipped="0" time="0.045060">
        <testcase name="test_request_instance" file="/app/vendor/gammamatrix/playground-test/src/Unit/Http/Requests/RequestCase.php" line="42" class="Tests\Unit\Playground\Lead\Resource\Http\Requests\Source\StoreRequestTest" classname="Tests.Unit.Playground.Lead.Resource.Http.Requests.Source.StoreRequestTest" assertions="1" time="0.045060"/>
      </testsuite>
      <testsuite name="Tests\Unit\Playground\Lead\Resource\Http\Requests\Source\UnlockRequestTest" file="/app/tests/Unit/Http/Requests/Source/UnlockRequestTest.php" tests="1" assertions="1" errors="0" failures="0" skipped="0" time="0.049150">
        <testcase name="test_request_instance" file="/app/vendor/gammamatrix/playground-test/src/Unit/Http/Requests/RequestCase.php" line="42" class="Tests\Unit\Playground\Lead\Resource\Http\Requests\Source\UnlockRequestTest" classname="Tests.Unit.Playground.Lead.Resource.Http.Requests.Source.UnlockRequestTest" assertions="1" time="0.049150"/>
      </testsuite>
      <testsuite name="Tests\Unit\Playground\Lead\Resource\Http\Requests\Source\UpdateRequestTest" file="/app/tests/Unit/Http/Requests/Source/UpdateRequestTest.php" tests="1" assertions="1" errors="0" failures="0" skipped="0" time="0.045678">
        <testcase name="test_request_instance" file="/app/vendor/gammamatrix/playground-test/src/Unit/Http/Requests/RequestCase.php" line="42" class="Tests\Unit\Playground\Lead\Resource\Http\Requests\Source\UpdateRequestTest" classname="Tests.Unit.Playground.Lead.Resource.Http.Requests.Source.UpdateRequestTest" assertions="1" time="0.045678"/>
      </testsuite>
      <testsuite name="Tests\Unit\Playground\Lead\Resource\Http\Requests\Task\CreateRequestTest" file="/app/tests/Unit/Http/Requests/Task/CreateRequestTest.php" tests="1" assertions="1" errors="0" failures="0" skipped="0" time="0.044357">
        <testcase name="test_request_instance" file="/app/vendor/gammamatrix/playground-test/src/Unit/Http/Requests/RequestCase.php" line="42" class="Tests\Unit\Playground\Lead\Resource\Http\Requests\Task\CreateRequestTest" classname="Tests.Unit.Playground.Lead.Resource.Http.Requests.Task.CreateRequestTest" assertions="1" time="0.044357"/>
      </testsuite>
      <testsuite name="Tests\Unit\Playground\Lead\Resource\Http\Requests\Task\DestroyRequestTest" file="/app/tests/Unit/Http/Requests/Task/DestroyRequestTest.php" tests="1" assertions="1" errors="0" failures="0" skipped="0" time="0.044644">
        <testcase name="test_request_instance" file="/app/vendor/gammamatrix/playground-test/src/Unit/Http/Requests/RequestCase.php" line="42" class="Tests\Unit\Playground\Lead\Resource\Http\Requests\Task\DestroyRequestTest" classname="Tests.Unit.Playground.Lead.Resource.Http.Requests.Task.DestroyRequestTest" assertions="1" time="0.044644"/>
      </testsuite>
      <testsuite name="Tests\Unit\Playground\Lead\Resource\Http\Requests\Task\EditRequestTest" file="/app/tests/Unit/Http/Requests/Task/EditRequestTest.php" tests="1" assertions="1" errors="0" failures="0" skipped="0" time="0.044280">
        <testcase name="test_request_instance" file="/app/vendor/gammamatrix/playground-test/src/Unit/Http/Requests/RequestCase.php" line="42" class="Tests\Unit\Playground\Lead\Resource\Http\Requests\Task\EditRequestTest" classname="Tests.Unit.Playground.Lead.Resource.Http.Requests.Task.EditRequestTest" assertions="1" time="0.044280"/>
      </testsuite>
      <testsuite name="Tests\Unit\Playground\Lead\Resource\Http\Requests\Task\IndexRequestTest" file="/app/tests/Unit/Http/Requests/Task/IndexRequestTest.php" tests="1" assertions="1" errors="0" failures="0" skipped="0" time="0.045596">
        <testcase name="test_request_instance" file="/app/vendor/gammamatrix/playground-test/src/Unit/Http/Requests/RequestCase.php" line="42" class="Tests\Unit\Playground\Lead\Resource\Http\Requests\Task\IndexRequestTest" classname="Tests.Unit.Playground.Lead.Resource.Http.Requests.Task.IndexRequestTest" assertions="1" time="0.045596"/>
      </testsuite>
      <testsuite name="Tests\Unit\Playground\Lead\Resource\Http\Requests\Task\LockRequestTest" file="/app/tests/Unit/Http/Requests/Task/LockRequestTest.php" tests="1" assertions="1" errors="0" failures="0" skipped="0" time="0.044714">
        <testcase name="test_request_instance" file="/app/vendor/gammamatrix/playground-test/src/Unit/Http/Requests/RequestCase.php" line="42" class="Tests\Unit\Playground\Lead\Resource\Http\Requests\Task\LockRequestTest" classname="Tests.Unit.Playground.Lead.Resource.Http.Requests.Task.LockRequestTest" assertions="1" time="0.044714"/>
      </testsuite>
      <testsuite name="Tests\Unit\Playground\Lead\Resource\Http\Requests\Task\RestoreRequestTest" file="/app/tests/Unit/Http/Requests/Task/RestoreRequestTest.php" tests="1" assertions="1" errors="0" failures="0" skipped="0" time="0.045217">
        <testcase name="test_request_instance" file="/app/vendor/gammamatrix/playground-test/src/Unit/Http/Requests/RequestCase.php" line="42" class="Tests\Unit\Playground\Lead\Resource\Http\Requests\Task\RestoreRequestTest" classname="Tests.Unit.Playground.Lead.Resource.Http.Requests.Task.RestoreRequestTest" assertions="1" time="0.045217"/>
      </testsuite>
      <testsuite name="Tests\Unit\Playground\Lead\Resource\Http\Requests\Task\ShowRequestTest" file="/app/tests/Unit/Http/Requests/Task/ShowRequestTest.php" tests="1" assertions="1" errors="0" failures="0" skipped="0" time="0.044800">
        <testcase name="test_request_instance" file="/app/vendor/gammamatrix/playground-test/src/Unit/Http/Requests/RequestCase.php" line="42" class="Tests\Unit\Playground\Lead\Resource\Http\Requests\Task\ShowRequestTest" classname="Tests.Unit.Playground.Lead.Resource.Http.Requests.Task.ShowRequestTest" assertions="1" time="0.044800"/>
      </testsuite>
      <testsuite name="Tests\Unit\Playground\Lead\Resource\Http\Requests\Task\StoreRequestTest" file="/app/tests/Unit/Http/Requests/Task/StoreRequestTest.php" tests="1" assertions="1" errors="0" failures="0" skipped="0" time="0.044803">
        <testcase name="test_request_instance" file="/app/vendor/gammamatrix/playground-test/src/Unit/Http/Requests/RequestCase.php" line="42" class="Tests\Unit\Playground\Lead\Resource\Http\Requests\Task\StoreRequestTest" classname="Tests.Unit.Playground.Lead.Resource.Http.Requests.Task.StoreRequestTest" assertions="1" time="0.044803"/>
      </testsuite>
      <testsuite name="Tests\Unit\Playground\Lead\Resource\Http\Requests\Task\UnlockRequestTest" file="/app/tests/Unit/Http/Requests/Task/UnlockRequestTest.php" tests="1" assertions="1" errors="0" failures="0" skipped="0" time="0.045792">
        <testcase name="test_request_instance" file="/app/vendor/gammamatrix/playground-test/src/Unit/Http/Requests/RequestCase.php" line="42" class="Tests\Unit\Playground\Lead\Resource\Http\Requests\Task\UnlockRequestTest" classname="Tests.Unit.Playground.Lead.Resource.Http.Requests.Task.UnlockRequestTest" assertions="1" time="0.045792"/>
      </testsuite>
      <testsuite name="Tests\Unit\Playground\Lead\Resource\Http\Requests\Task\UpdateRequestTest" file="/app/tests/Unit/Http/Requests/Task/UpdateRequestTest.php" tests="1" assertions="1" errors="0" failures="0" skipped="0" time="0.044614">
        <testcase name="test_request_instance" file="/app/vendor/gammamatrix/playground-test/src/Unit/Http/Requests/RequestCase.php" line="42" class="Tests\Unit\Playground\Lead\Resource\Http\Requests\Task\UpdateRequestTest" classname="Tests.Unit.Playground.Lead.Resource.Http.Requests.Task.UpdateRequestTest" assertions="1" time="0.044614"/>
      </testsuite>
      <testsuite name="Tests\Unit\Playground\Lead\Resource\Http\Requests\Team\CreateRequestTest" file="/app/tests/Unit/Http/Requests/Team/CreateRequestTest.php" tests="1" assertions="1" errors="0" failures="0" skipped="0" time="0.049122">
        <testcase name="test_request_instance" file="/app/vendor/gammamatrix/playground-test/src/Unit/Http/Requests/RequestCase.php" line="42" class="Tests\Unit\Playground\Lead\Resource\Http\Requests\Team\CreateRequestTest" classname="Tests.Unit.Playground.Lead.Resource.Http.Requests.Team.CreateRequestTest" assertions="1" time="0.049122"/>
      </testsuite>
      <testsuite name="Tests\Unit\Playground\Lead\Resource\Http\Requests\Team\DestroyRequestTest" file="/app/tests/Unit/Http/Requests/Team/DestroyRequestTest.php" tests="1" assertions="1" errors="0" failures="0" skipped="0" time="0.044650">
        <testcase name="test_request_instance" file="/app/vendor/gammamatrix/playground-test/src/Unit/Http/Requests/RequestCase.php" line="42" class="Tests\Unit\Playground\Lead\Resource\Http\Requests\Team\DestroyRequestTest" classname="Tests.Unit.Playground.Lead.Resource.Http.Requests.Team.DestroyRequestTest" assertions="1" time="0.044650"/>
      </testsuite>
      <testsuite name="Tests\Unit\Playground\Lead\Resource\Http\Requests\Team\EditRequestTest" file="/app/tests/Unit/Http/Requests/Team/EditRequestTest.php" tests="1" assertions="1" errors="0" failures="0" skipped="0" time="0.044244">
        <testcase name="test_request_instance" file="/app/vendor/gammamatrix/playground-test/src/Unit/Http/Requests/RequestCase.php" line="42" class="Tests\Unit\Playground\Lead\Resource\Http\Requests\Team\EditRequestTest" classname="Tests.Unit.Playground.Lead.Resource.Http.Requests.Team.EditRequestTest" assertions="1" time="0.044244"/>
      </testsuite>
      <testsuite name="Tests\Unit\Playground\Lead\Resource\Http\Requests\Team\IndexRequestTest" file="/app/tests/Unit/Http/Requests/Team/IndexRequestTest.php" tests="1" assertions="1" errors="0" failures="0" skipped="0" time="0.044859">
        <testcase name="test_request_instance" file="/app/vendor/gammamatrix/playground-test/src/Unit/Http/Requests/RequestCase.php" line="42" class="Tests\Unit\Playground\Lead\Resource\Http\Requests\Team\IndexRequestTest" classname="Tests.Unit.Playground.Lead.Resource.Http.Requests.Team.IndexRequestTest" assertions="1" time="0.044859"/>
      </testsuite>
      <testsuite name="Tests\Unit\Playground\Lead\Resource\Http\Requests\Team\LockRequestTest" file="/app/tests/Unit/Http/Requests/Team/LockRequestTest.php" tests="1" assertions="1" errors="0" failures="0" skipped="0" time="0.044520">
        <testcase name="test_request_instance" file="/app/vendor/gammamatrix/playground-test/src/Unit/Http/Requests/RequestCase.php" line="42" class="Tests\Unit\Playground\Lead\Resource\Http\Requests\Team\LockRequestTest" classname="Tests.Unit.Playground.Lead.Resource.Http.Requests.Team.LockRequestTest" assertions="1" time="0.044520"/>
      </testsuite>
      <testsuite name="Tests\Unit\Playground\Lead\Resource\Http\Requests\Team\RestoreRequestTest" file="/app/tests/Unit/Http/Requests/Team/RestoreRequestTest.php" tests="1" assertions="1" errors="0" failures="0" skipped="0" time="0.045094">
        <testcase name="test_request_instance" file="/app/vendor/gammamatrix/playground-test/src/Unit/Http/Requests/RequestCase.php" line="42" class="Tests\Unit\Playground\Lead\Resource\Http\Requests\Team\RestoreRequestTest" classname="Tests.Unit.Playground.Lead.Resource.Http.Requests.Team.RestoreRequestTest" assertions="1" time="0.045094"/>
      </testsuite>
      <testsuite name="Tests\Unit\Playground\Lead\Resource\Http\Requests\Team\ShowRequestTest" file="/app/tests/Unit/Http/Requests/Team/ShowRequestTest.php" tests="1" assertions="1" errors="0" failures="0" skipped="0" time="0.045282">
        <testcase name="test_request_instance" file="/app/vendor/gammamatrix/playground-test/src/Unit/Http/Requests/RequestCase.php" line="42" class="Tests\Unit\Playground\Lead\Resource\Http\Requests\Team\ShowRequestTest" classname="Tests.Unit.Playground.Lead.Resource.Http.Requests.Team.ShowRequestTest" assertions="1" time="0.045282"/>
      </testsuite>
      <testsuite name="Tests\Unit\Playground\Lead\Resource\Http\Requests\Team\StoreRequestTest" file="/app/tests/Unit/Http/Requests/Team/StoreRequestTest.php" tests="1" assertions="1" errors="0" failures="0" skipped="0" time="0.045174">
        <testcase name="test_request_instance" file="/app/vendor/gammamatrix/playground-test/src/Unit/Http/Requests/RequestCase.php" line="42" class="Tests\Unit\Playground\Lead\Resource\Http\Requests\Team\StoreRequestTest" classname="Tests.Unit.Playground.Lead.Resource.Http.Requests.Team.StoreRequestTest" assertions="1" time="0.045174"/>
      </testsuite>
      <testsuite name="Tests\Unit\Playground\Lead\Resource\Http\Requests\Team\UnlockRequestTest" file="/app/tests/Unit/Http/Requests/Team/UnlockRequestTest.php" tests="1" assertions="1" errors="0" failures="0" skipped="0" time="0.044518">
        <testcase name="test_request_instance" file="/app/vendor/gammamatrix/playground-test/src/Unit/Http/Requests/RequestCase.php" line="42" class="Tests\Unit\Playground\Lead\Resource\Http\Requests\Team\UnlockRequestTest" classname="Tests.Unit.Playground.Lead.Resource.Http.Requests.Team.UnlockRequestTest" assertions="1" time="0.044518"/>
      </testsuite>
      <testsuite name="Tests\Unit\Playground\Lead\Resource\Http\Requests\Team\UpdateRequestTest" file="/app/tests/Unit/Http/Requests/Team/UpdateRequestTest.php" tests="1" assertions="1" errors="0" failures="0" skipped="0" time="0.045458">
        <testcase name="test_request_instance" file="/app/vendor/gammamatrix/playground-test/src/Unit/Http/Requests/RequestCase.php" line="42" class="Tests\Unit\Playground\Lead\Resource\Http\Requests\Team\UpdateRequestTest" classname="Tests.Unit.Playground.Lead.Resource.Http.Requests.Team.UpdateRequestTest" assertions="1" time="0.045458"/>
      </testsuite>
      <testsuite name="Tests\Unit\Playground\Lead\Resource\Http\Requests\Teammate\CreateRequestTest" file="/app/tests/Unit/Http/Requests/Teammate/CreateRequestTest.php" tests="1" assertions="1" errors="0" failures="0" skipped="0" time="0.044747">
        <testcase name="test_request_instance" file="/app/vendor/gammamatrix/playground-test/src/Unit/Http/Requests/RequestCase.php" line="42" class="Tests\Unit\Playground\Lead\Resource\Http\Requests\Teammate\CreateRequestTest" classname="Tests.Unit.Playground.Lead.Resource.Http.Requests.Teammate.CreateRequestTest" assertions="1" time="0.044747"/>
      </testsuite>
      <testsuite name="Tests\Unit\Playground\Lead\Resource\Http\Requests\Teammate\DestroyRequestTest" file="/app/tests/Unit/Http/Requests/Teammate/DestroyRequestTest.php" tests="1" assertions="1" errors="0" failures="0" skipped="0" time="0.044661">
        <testcase name="test_request_instance" file="/app/vendor/gammamatrix/playground-test/src/Unit/Http/Requests/RequestCase.php" line="42" class="Tests\Unit\Playground\Lead\Resource\Http\Requests\Teammate\DestroyRequestTest" classname="Tests.Unit.Playground.Lead.Resource.Http.Requests.Teammate.DestroyRequestTest" assertions="1" time="0.044661"/>
      </testsuite>
      <testsuite name="Tests\Unit\Playground\Lead\Resource\Http\Requests\Teammate\EditRequestTest" file="/app/tests/Unit/Http/Requests/Teammate/EditRequestTest.php" tests="1" assertions="1" errors="0" failures="0" skipped="0" time="0.044781">
        <testcase name="test_request_instance" file="/app/vendor/gammamatrix/playground-test/src/Unit/Http/Requests/RequestCase.php" line="42" class="Tests\Unit\Playground\Lead\Resource\Http\Requests\Teammate\EditRequestTest" classname="Tests.Unit.Playground.Lead.Resource.Http.Requests.Teammate.EditRequestTest" assertions="1" time="0.044781"/>
      </testsuite>
      <testsuite name="Tests\Unit\Playground\Lead\Resource\Http\Requests\Teammate\IndexRequestTest" file="/app/tests/Unit/Http/Requests/Teammate/IndexRequestTest.php" tests="1" assertions="1" errors="0" failures="0" skipped="0" time="0.049156">
        <testcase name="test_request_instance" file="/app/vendor/gammamatrix/playground-test/src/Unit/Http/Requests/RequestCase.php" line="42" class="Tests\Unit\Playground\Lead\Resource\Http\Requests\Teammate\IndexRequestTest" classname="Tests.Unit.Playground.Lead.Resource.Http.Requests.Teammate.IndexRequestTest" assertions="1" time="0.049156"/>
      </testsuite>
      <testsuite name="Tests\Unit\Playground\Lead\Resource\Http\Requests\Teammate\LockRequestTest" file="/app/tests/Unit/Http/Requests/Teammate/LockRequestTest.php" tests="1" assertions="1" errors="0" failures="0" skipped="0" time="0.043947">
        <testcase name="test_request_instance" file="/app/vendor/gammamatrix/playground-test/src/Unit/Http/Requests/RequestCase.php" line="42" class="Tests\Unit\Playground\Lead\Resource\Http\Requests\Teammate\LockRequestTest" classname="Tests.Unit.Playground.Lead.Resource.Http.Requests.Teammate.LockRequestTest" assertions="1" time="0.043947"/>
      </testsuite>
      <testsuite name="Tests\Unit\Playground\Lead\Resource\Http\Requests\Teammate\RestoreRequestTest" file="/app/tests/Unit/Http/Requests/Teammate/RestoreRequestTest.php" tests="1" assertions="1" errors="0" failures="0" skipped="0" time="0.043725">
        <testcase name="test_request_instance" file="/app/vendor/gammamatrix/playground-test/src/Unit/Http/Requests/RequestCase.php" line="42" class="Tests\Unit\Playground\Lead\Resource\Http\Requests\Teammate\RestoreRequestTest" classname="Tests.Unit.Playground.Lead.Resource.Http.Requests.Teammate.RestoreRequestTest" assertions="1" time="0.043725"/>
      </testsuite>
      <testsuite name="Tests\Unit\Playground\Lead\Resource\Http\Requests\Teammate\ShowRequestTest" file="/app/tests/Unit/Http/Requests/Teammate/ShowRequestTest.php" tests="1" assertions="1" errors="0" failures="0" skipped="0" time="0.043672">
        <testcase name="test_request_instance" file="/app/vendor/gammamatrix/playground-test/src/Unit/Http/Requests/RequestCase.php" line="42" class="Tests\Unit\Playground\Lead\Resource\Http\Requests\Teammate\ShowRequestTest" classname="Tests.Unit.Playground.Lead.Resource.Http.Requests.Teammate.ShowRequestTest" assertions="1" time="0.043672"/>
      </testsuite>
      <testsuite name="Tests\Unit\Playground\Lead\Resource\Http\Requests\Teammate\StoreRequestTest" file="/app/tests/Unit/Http/Requests/Teammate/StoreRequestTest.php" tests="1" assertions="1" errors="0" failures="0" skipped="0" time="0.043992">
        <testcase name="test_request_instance" file="/app/vendor/gammamatrix/playground-test/src/Unit/Http/Requests/RequestCase.php" line="42" class="Tests\Unit\Playground\Lead\Resource\Http\Requests\Teammate\StoreRequestTest" classname="Tests.Unit.Playground.Lead.Resource.Http.Requests.Teammate.StoreRequestTest" assertions="1" time="0.043992"/>
      </testsuite>
      <testsuite name="Tests\Unit\Playground\Lead\Resource\Http\Requests\Teammate\UnlockRequestTest" file="/app/tests/Unit/Http/Requests/Teammate/UnlockRequestTest.php" tests="1" assertions="1" errors="0" failures="0" skipped="0" time="0.045636">
        <testcase name="test_request_instance" file="/app/vendor/gammamatrix/playground-test/src/Unit/Http/Requests/RequestCase.php" line="42" class="Tests\Unit\Playground\Lead\Resource\Http\Requests\Teammate\UnlockRequestTest" classname="Tests.Unit.Playground.Lead.Resource.Http.Requests.Teammate.UnlockRequestTest" assertions="1" time="0.045636"/>
      </testsuite>
      <testsuite name="Tests\Unit\Playground\Lead\Resource\Http\Requests\Teammate\UpdateRequestTest" file="/app/tests/Unit/Http/Requests/Teammate/UpdateRequestTest.php" tests="1" assertions="1" errors="0" failures="0" skipped="0" time="0.044042">
        <testcase name="test_request_instance" file="/app/vendor/gammamatrix/playground-test/src/Unit/Http/Requests/RequestCase.php" line="42" class="Tests\Unit\Playground\Lead\Resource\Http\Requests\Teammate\UpdateRequestTest" classname="Tests.Unit.Playground.Lead.Resource.Http.Requests.Teammate.UpdateRequestTest" assertions="1" time="0.044042"/>
      </testsuite>
      <testsuite name="Tests\Unit\Playground\Lead\Resource\Policies\CampaignPolicy\PolicyTest" file="/app/tests/Unit/Policies/CampaignPolicy/PolicyTest.php" tests="1" assertions="1" errors="0" failures="0" skipped="0" time="0.045473">
        <testcase name="test_policy_instance" file="/app/tests/Unit/Policies/CampaignPolicy/PolicyTest.php" line="21" class="Tests\Unit\Playground\Lead\Resource\Policies\CampaignPolicy\PolicyTest" classname="Tests.Unit.Playground.Lead.Resource.Policies.CampaignPolicy.PolicyTest" assertions="1" time="0.045473"/>
      </testsuite>
      <testsuite name="Tests\Unit\Playground\Lead\Resource\Policies\GoalPolicy\PolicyTest" file="/app/tests/Unit/Policies/GoalPolicy/PolicyTest.php" tests="1" assertions="1" errors="0" failures="0" skipped="0" time="0.044157">
        <testcase name="test_policy_instance" file="/app/tests/Unit/Policies/GoalPolicy/PolicyTest.php" line="21" class="Tests\Unit\Playground\Lead\Resource\Policies\GoalPolicy\PolicyTest" classname="Tests.Unit.Playground.Lead.Resource.Policies.GoalPolicy.PolicyTest" assertions="1" time="0.044157"/>
      </testsuite>
      <testsuite name="Tests\Unit\Playground\Lead\Resource\Policies\LeadPolicy\PolicyTest" file="/app/tests/Unit/Policies/LeadPolicy/PolicyTest.php" tests="1" assertions="1" errors="0" failures="0" skipped="0" time="0.043592">
        <testcase name="test_policy_instance" file="/app/tests/Unit/Policies/LeadPolicy/PolicyTest.php" line="21" class="Tests\Unit\Playground\Lead\Resource\Policies\LeadPolicy\PolicyTest" classname="Tests.Unit.Playground.Lead.Resource.Policies.LeadPolicy.PolicyTest" assertions="1" time="0.043592"/>
      </testsuite>
      <testsuite name="Tests\Unit\Playground\Lead\Resource\Policies\OpportunityPolicy\PolicyTest" file="/app/tests/Unit/Policies/OpportunityPolicy/PolicyTest.php" tests="1" assertions="1" errors="0" failures="0" skipped="0" time="0.043634">
        <testcase name="test_policy_instance" file="/app/tests/Unit/Policies/OpportunityPolicy/PolicyTest.php" line="21" class="Tests\Unit\Playground\Lead\Resource\Policies\OpportunityPolicy\PolicyTest" classname="Tests.Unit.Playground.Lead.Resource.Policies.OpportunityPolicy.PolicyTest" assertions="1" time="0.043634"/>
      </testsuite>
      <testsuite name="Tests\Unit\Playground\Lead\Resource\Policies\PlanPolicy\PolicyTest" file="/app/tests/Unit/Policies/PlanPolicy/PolicyTest.php" tests="1" assertions="1" errors="0" failures="0" skipped="0" time="0.044792">
        <testcase name="test_policy_instance" file="/app/tests/Unit/Policies/PlanPolicy/PolicyTest.php" line="21" class="Tests\Unit\Playground\Lead\Resource\Policies\PlanPolicy\PolicyTest" classname="Tests.Unit.Playground.Lead.Resource.Policies.PlanPolicy.PolicyTest" assertions="1" time="0.044792"/>
      </testsuite>
      <testsuite name="Tests\Unit\Playground\Lead\Resource\Policies\RegionPolicy\PolicyTest" file="/app/tests/Unit/Policies/RegionPolicy/PolicyTest.php" tests="1" assertions="1" errors="0" failures="0" skipped="0" time="0.052439">
        <testcase name="test_policy_instance" file="/app/tests/Unit/Policies/RegionPolicy/PolicyTest.php" line="21" class="Tests\Unit\Playground\Lead\Resource\Policies\RegionPolicy\PolicyTest" classname="Tests.Unit.Playground.Lead.Resource.Policies.RegionPolicy.PolicyTest" assertions="1" time="0.052439"/>
      </testsuite>
      <testsuite name="Tests\Unit\Playground\Lead\Resource\Policies\ReportPolicy\PolicyTest" file="/app/tests/Unit/Policies/ReportPolicy/PolicyTest.php" tests="1" assertions="1" errors="0" failures="0" skipped="0" time="0.044153">
        <testcase name="test_policy_instance" file="/app/tests/Unit/Policies/ReportPolicy/PolicyTest.php" line="21" class="Tests\Unit\Playground\Lead\Resource\Policies\ReportPolicy\PolicyTest" classname="Tests.Unit.Playground.Lead.Resource.Policies.ReportPolicy.PolicyTest" assertions="1" time="0.044153"/>
      </testsuite>
      <testsuite name="Tests\Unit\Playground\Lead\Resource\Policies\SourcePolicy\PolicyTest" file="/app/tests/Unit/Policies/SourcePolicy/PolicyTest.php" tests="1" assertions="1" errors="0" failures="0" skipped="0" time="0.044075">
        <testcase name="test_policy_instance" file="/app/tests/Unit/Policies/SourcePolicy/PolicyTest.php" line="21" class="Tests\Unit\Playground\Lead\Resource\Policies\SourcePolicy\PolicyTest" classname="Tests.Unit.Playground.Lead.Resource.Policies.SourcePolicy.PolicyTest" assertions="1" time="0.044075"/>
      </testsuite>
      <testsuite name="Tests\Unit\Playground\Lead\Resource\Policies\TaskPolicy\PolicyTest" file="/app/tests/Unit/Policies/TaskPolicy/PolicyTest.php" tests="1" assertions="1" errors="0" failures="0" skipped="0" time="0.044020">
        <testcase name="test_policy_instance" file="/app/tests/Unit/Policies/TaskPolicy/PolicyTest.php" line="21" class="Tests\Unit\Playground\Lead\Resource\Policies\TaskPolicy\PolicyTest" classname="Tests.Unit.Playground.Lead.Resource.Policies.TaskPolicy.PolicyTest" assertions="1" time="0.044020"/>
      </testsuite>
      <testsuite name="Tests\Unit\Playground\Lead\Resource\Policies\TeamPolicy\PolicyTest" file="/app/tests/Unit/Policies/TeamPolicy/PolicyTest.php" tests="1" assertions="1" errors="0" failures="0" skipped="0" time="0.045175">
        <testcase name="test_policy_instance" file="/app/tests/Unit/Policies/TeamPolicy/PolicyTest.php" line="21" class="Tests\Unit\Playground\Lead\Resource\Policies\TeamPolicy\PolicyTest" classname="Tests.Unit.Playground.Lead.Resource.Policies.TeamPolicy.PolicyTest" assertions="1" time="0.045175"/>
      </testsuite>
      <testsuite name="Tests\Unit\Playground\Lead\Resource\Policies\TeammatePolicy\PolicyTest" file="/app/tests/Unit/Policies/TeammatePolicy/PolicyTest.php" tests="1" assertions="1" errors="0" failures="0" skipped="0" time="0.044516">
        <testcase name="test_policy_instance" file="/app/tests/Unit/Policies/TeammatePolicy/PolicyTest.php" line="21" class="Tests\Unit\Playground\Lead\Resource\Policies\TeammatePolicy\PolicyTest" classname="Tests.Unit.Playground.Lead.Resource.Policies.TeammatePolicy.PolicyTest" assertions="1" time="0.044516"/>
      </testsuite>
      <testsuite name="Tests\Unit\Playground\Lead\Resource\ServiceProvider\InstanceTest" file="/app/tests/Unit/ServiceProvider/InstanceTest.php" tests="4" assertions="8" errors="0" failures="0" skipped="0" time="0.179760">
        <testcase name="test_version_matches" file="/app/tests/Unit/ServiceProvider/InstanceTest.php" line="22" class="Tests\Unit\Playground\Lead\Resource\ServiceProvider\InstanceTest" classname="Tests.Unit.Playground.Lead.Resource.ServiceProvider.InstanceTest" assertions="3" time="0.044795"/>
        <testcase name="test_set_policies_with_empty_array" file="/app/tests/Unit/ServiceProvider/InstanceTest.php" line="32" class="Tests\Unit\Playground\Lead\Resource\ServiceProvider\InstanceTest" classname="Tests.Unit.Playground.Lead.Resource.ServiceProvider.InstanceTest" assertions="1" time="0.044080"/>
        <testcase name="test_set_policies_with_invalid_model" file="/app/tests/Unit/ServiceProvider/InstanceTest.php" line="46" class="Tests\Unit\Playground\Lead\Resource\ServiceProvider\InstanceTest" classname="Tests.Unit.Playground.Lead.Resource.ServiceProvider.InstanceTest" assertions="2" time="0.045752"/>
        <testcase name="test_set_policies_with_invalid_policy" file="/app/tests/Unit/ServiceProvider/InstanceTest.php" line="77" class="Tests\Unit\Playground\Lead\Resource\ServiceProvider\InstanceTest" classname="Tests.Unit.Playground.Lead.Resource.ServiceProvider.InstanceTest" assertions="2" time="0.045133"/>
      </testsuite>
    </testsuite>
    <testsuite name="Feature" tests="807" assertions="14625" errors="0" failures="0" skipped="0" time="312.866189">
      <testsuite name="Tests\Feature\Playground\Lead\Resource\Console\Commands\About\CommandTest" file="/app/tests/Feature/Console/Commands/About/CommandTest.php" tests="1" assertions="2" errors="0" failures="0" skipped="0" time="0.614294">
        <testcase name="test_command_about_displays_package_information_and_succeed" file="/app/tests/Feature/Console/Commands/About/CommandTest.php" line="23" class="Tests\Feature\Playground\Lead\Resource\Console\Commands\About\CommandTest" classname="Tests.Feature.Playground.Lead.Resource.Console.Commands.About.CommandTest" assertions="2" time="0.614294"/>
      </testsuite>
      <testsuite name="Tests\Feature\Playground\Lead\Resource\Http\Controllers\Playground\CampaignRouteTest" file="/app/tests/Feature/Http/Controllers/Playground/CampaignRouteTest.php" tests="73" assertions="1329" errors="0" failures="0" skipped="0" time="28.218407">
        <testcase name="test_json_guest_cannot_get_create_info" file="/app/vendor/gammamatrix/playground-test/src/Feature/Http/Controllers/Resource/Playground/CreateJsonTrait.php" line="39" class="Tests\Feature\Playground\Lead\Resource\Http\Controllers\Playground\CampaignRouteTest" classname="Tests.Feature.Playground.Lead.Resource.Http.Controllers.Playground.CampaignRouteTest" assertions="1" time="0.375450"/>
        <testcase name="test_json_admin_can_get_create_info" file="/app/vendor/gammamatrix/playground-test/src/Feature/Http/Controllers/Resource/Playground/CreateJsonTrait.php" line="54" class="Tests\Feature\Playground\Lead\Resource\Http\Controllers\Playground\CampaignRouteTest" classname="Tests.Feature.Playground.Lead.Resource.Http.Controllers.Playground.CampaignRouteTest" assertions="123" time="0.390147"/>
        <testcase name="test_json_get_create_info_as_admin_with_invalid_parameter_and_fail_validation" file="/app/vendor/gammamatrix/playground-test/src/Feature/Http/Controllers/Resource/Playground/CreateJsonTrait.php" line="74" class="Tests\Feature\Playground\Lead\Resource\Http\Controllers\Playground\CampaignRouteTest" classname="Tests.Feature.Playground.Lead.Resource.Http.Controllers.Playground.CampaignRouteTest" assertions="4" time="0.366437"/>
        <testcase name="test_guest_cannot_render_create_view" file="/app/vendor/gammamatrix/playground-test/src/Feature/Http/Controllers/Resource/Playground/CreateTrait.php" line="34" class="Tests\Feature\Playground\Lead\Resource\Http\Controllers\Playground\CampaignRouteTest" classname="Tests.Feature.Playground.Lead.Resource.Http.Controllers.Playground.CampaignRouteTest" assertions="1" time="0.347639"/>
        <testcase name="test_admin_can_render_create_view" file="/app/vendor/gammamatrix/playground-test/src/Feature/Http/Controllers/Resource/Playground/CreateTrait.php" line="48" class="Tests\Feature\Playground\Lead\Resource\Http\Controllers\Playground\CampaignRouteTest" classname="Tests.Feature.Playground.Lead.Resource.Http.Controllers.Playground.CampaignRouteTest" assertions="2" time="0.479522"/>
        <testcase name="test_admin_can_render_create_view_with_return_url" file="/app/vendor/gammamatrix/playground-test/src/Feature/Http/Controllers/Resource/Playground/CreateTrait.php" line="66" class="Tests\Feature\Playground\Lead\Resource\Http\Controllers\Playground\CampaignRouteTest" classname="Tests.Feature.Playground.Lead.Resource.Http.Controllers.Playground.CampaignRouteTest" assertions="3" time="0.401365"/>
        <testcase name="test_create_view_as_admin_with_invalid_parameter_and_fail_validation_and_redirect" file="/app/vendor/gammamatrix/playground-test/src/Feature/Http/Controllers/Resource/Playground/CreateTrait.php" line="90" class="Tests\Feature\Playground\Lead\Resource\Http\Controllers\Playground\CampaignRouteTest" classname="Tests.Feature.Playground.Lead.Resource.Http.Controllers.Playground.CampaignRouteTest" assertions="5" time="0.366761"/>
        <testcase name="test_json_guest_cannot_destroy" file="/app/vendor/gammamatrix/playground-test/src/Feature/Http/Controllers/Resource/Playground/DestroyJsonTrait.php" line="32" class="Tests\Feature\Playground\Lead\Resource\Http\Controllers\Playground\CampaignRouteTest" classname="Tests.Feature.Playground.Lead.Resource.Http.Controllers.Playground.CampaignRouteTest" assertions="3" time="0.356678"/>
        <testcase name="test_json_destroy_as_admin_and_succeed" file="/app/vendor/gammamatrix/playground-test/src/Feature/Http/Controllers/Resource/Playground/DestroyJsonTrait.php" line="62" class="Tests\Feature\Playground\Lead\Resource\Http\Controllers\Playground\CampaignRouteTest" classname="Tests.Feature.Playground.Lead.Resource.Http.Controllers.Playground.CampaignRouteTest" assertions="5" time="0.384058"/>
        <testcase name="test_json_destroy_as_admin_and_succeed_with_force_delete" file="/app/vendor/gammamatrix/playground-test/src/Feature/Http/Controllers/Resource/Playground/DestroyJsonTrait.php" line="101" class="Tests\Feature\Playground\Lead\Resource\Http\Controllers\Playground\CampaignRouteTest" classname="Tests.Feature.Playground.Lead.Resource.Http.Controllers.Playground.CampaignRouteTest" assertions="4" time="0.370026"/>
        <testcase name="test_json_destroy_as_admin_and_succeed_with_no_content" file="/app/vendor/gammamatrix/playground-test/src/Feature/Http/Controllers/Resource/Playground/DestroyJsonTrait.php" line="133" class="Tests\Feature\Playground\Lead\Resource\Http\Controllers\Playground\CampaignRouteTest" classname="Tests.Feature.Playground.Lead.Resource.Http.Controllers.Playground.CampaignRouteTest" assertions="5" time="0.370121"/>
        <testcase name="test_json_destroy_as_admin_and_succeed_and_ignore_redirect" file="/app/vendor/gammamatrix/playground-test/src/Feature/Http/Controllers/Resource/Playground/DestroyJsonTrait.php" line="168" class="Tests\Feature\Playground\Lead\Resource\Http\Controllers\Playground\CampaignRouteTest" classname="Tests.Feature.Playground.Lead.Resource.Http.Controllers.Playground.CampaignRouteTest" assertions="5" time="0.380729"/>
        <testcase name="test_json_destroy_as_user_and_get_denied_and_no_force_delete_allowed" file="/app/vendor/gammamatrix/playground-test/src/Feature/Http/Controllers/Resource/Playground/DestroyJsonTrait.php" line="210" class="Tests\Feature\Playground\Lead\Resource\Http\Controllers\Playground\CampaignRouteTest" classname="Tests.Feature.Playground.Lead.Resource.Http.Controllers.Playground.CampaignRouteTest" assertions="3" time="0.368191"/>
        <testcase name="test_guest_cannot_destroy" file="/app/vendor/gammamatrix/playground-test/src/Feature/Http/Controllers/Resource/Playground/DestroyTrait.php" line="32" class="Tests\Feature\Playground\Lead\Resource\Http\Controllers\Playground\CampaignRouteTest" classname="Tests.Feature.Playground.Lead.Resource.Http.Controllers.Playground.CampaignRouteTest" assertions="3" time="0.359136"/>
        <testcase name="test_destroy_as_admin_and_succeed" file="/app/vendor/gammamatrix/playground-test/src/Feature/Http/Controllers/Resource/Playground/DestroyTrait.php" line="62" class="Tests\Feature\Playground\Lead\Resource\Http\Controllers\Playground\CampaignRouteTest" classname="Tests.Feature.Playground.Lead.Resource.Http.Controllers.Playground.CampaignRouteTest" assertions="5" time="0.379624"/>
        <testcase name="test_destroy_as_admin_and_succeed_with_force_delete" file="/app/vendor/gammamatrix/playground-test/src/Feature/Http/Controllers/Resource/Playground/DestroyTrait.php" line="98" class="Tests\Feature\Playground\Lead\Resource\Http\Controllers\Playground\CampaignRouteTest" classname="Tests.Feature.Playground.Lead.Resource.Http.Controllers.Playground.CampaignRouteTest" assertions="4" time="0.368470"/>
        <testcase name="test_destroy_as_admin_and_succeed_with_redirect_to_index_with_trash" file="/app/vendor/gammamatrix/playground-test/src/Feature/Http/Controllers/Resource/Playground/DestroyTrait.php" line="130" class="Tests\Feature\Playground\Lead\Resource\Http\Controllers\Playground\CampaignRouteTest" classname="Tests.Feature.Playground.Lead.Resource.Http.Controllers.Playground.CampaignRouteTest" assertions="5" time="0.370002"/>
        <testcase name="test_destroy_as_user_and_get_denied_and_no_force_delete_allowed" file="/app/vendor/gammamatrix/playground-test/src/Feature/Http/Controllers/Resource/Playground/DestroyTrait.php" line="172" class="Tests\Feature\Playground\Lead\Resource\Http\Controllers\Playground\CampaignRouteTest" classname="Tests.Feature.Playground.Lead.Resource.Http.Controllers.Playground.CampaignRouteTest" assertions="3" time="0.367900"/>
        <testcase name="test_json_guest_cannot_get_edit_info" file="/app/vendor/gammamatrix/playground-test/src/Feature/Http/Controllers/Resource/Playground/EditJsonTrait.php" line="39" class="Tests\Feature\Playground\Lead\Resource\Http\Controllers\Playground\CampaignRouteTest" classname="Tests.Feature.Playground.Lead.Resource.Http.Controllers.Playground.CampaignRouteTest" assertions="1" time="0.358637"/>
        <testcase name="test_json_admin_can_get_edit_info" file="/app/vendor/gammamatrix/playground-test/src/Feature/Http/Controllers/Resource/Playground/EditJsonTrait.php" line="59" class="Tests\Feature\Playground\Lead\Resource\Http\Controllers\Playground\CampaignRouteTest" classname="Tests.Feature.Playground.Lead.Resource.Http.Controllers.Playground.CampaignRouteTest" assertions="4" time="0.381721"/>
        <testcase name="test_json_edit_as_admin_and_fail_validation_with_invalid_parameter" file="/app/vendor/gammamatrix/playground-test/src/Feature/Http/Controllers/Resource/Playground/EditJsonTrait.php" line="88" class="Tests\Feature\Playground\Lead\Resource\Http\Controllers\Playground\CampaignRouteTest" classname="Tests.Feature.Playground.Lead.Resource.Http.Controllers.Playground.CampaignRouteTest" assertions="4" time="0.385377"/>
        <testcase name="test_guest_cannot_render_edit_view" file="/app/vendor/gammamatrix/playground-test/src/Feature/Http/Controllers/Resource/Playground/EditTrait.php" line="34" class="Tests\Feature\Playground\Lead\Resource\Http\Controllers\Playground\CampaignRouteTest" classname="Tests.Feature.Playground.Lead.Resource.Http.Controllers.Playground.CampaignRouteTest" assertions="1" time="0.359471"/>
        <testcase name="test_admin_can_render_edit_view" file="/app/vendor/gammamatrix/playground-test/src/Feature/Http/Controllers/Resource/Playground/EditTrait.php" line="54" class="Tests\Feature\Playground\Lead\Resource\Http\Controllers\Playground\CampaignRouteTest" classname="Tests.Feature.Playground.Lead.Resource.Http.Controllers.Playground.CampaignRouteTest" assertions="2" time="0.423331"/>
        <testcase name="test_admin_can_render_edit_view_with_return_url" file="/app/vendor/gammamatrix/playground-test/src/Feature/Http/Controllers/Resource/Playground/EditTrait.php" line="78" class="Tests\Feature\Playground\Lead\Resource\Http\Controllers\Playground\CampaignRouteTest" classname="Tests.Feature.Playground.Lead.Resource.Http.Controllers.Playground.CampaignRouteTest" assertions="3" time="0.410721"/>
        <testcase name="test_edit_view_as_admin_with_invalid_parameter_and_fail_validation_and_redirect" file="/app/vendor/gammamatrix/playground-test/src/Feature/Http/Controllers/Resource/Playground/EditTrait.php" line="107" class="Tests\Feature\Playground\Lead\Resource\Http\Controllers\Playground\CampaignRouteTest" classname="Tests.Feature.Playground.Lead.Resource.Http.Controllers.Playground.CampaignRouteTest" assertions="4" time="0.380654"/>
        <testcase name="test_json_guest_cannot_get_index" file="/app/vendor/gammamatrix/playground-test/src/Feature/Http/Controllers/Resource/Playground/IndexJsonTrait.php" line="35" class="Tests\Feature\Playground\Lead\Resource\Http\Controllers\Playground\CampaignRouteTest" classname="Tests.Feature.Playground.Lead.Resource.Http.Controllers.Playground.CampaignRouteTest" assertions="1" time="0.360874"/>
        <testcase name="test_json_admin_can_get_index" file="/app/vendor/gammamatrix/playground-test/src/Feature/Http/Controllers/Resource/Playground/IndexJsonTrait.php" line="50" class="Tests\Feature\Playground\Lead\Resource\Http\Controllers\Playground\CampaignRouteTest" classname="Tests.Feature.Playground.Lead.Resource.Http.Controllers.Playground.CampaignRouteTest" assertions="127" time="0.410723"/>
        <testcase name="test_json_admin_can_get_index_with_filters" file="/app/vendor/gammamatrix/playground-test/src/Feature/Http/Controllers/Resource/Playground/IndexJsonTrait.php" line="86" class="Tests\Feature\Playground\Lead\Resource\Http\Controllers\Playground\CampaignRouteTest" classname="Tests.Feature.Playground.Lead.Resource.Http.Controllers.Playground.CampaignRouteTest" assertions="3" time="0.395227"/>
        <testcase name="test_guest_cannot_render_index_view" file="/app/vendor/gammamatrix/playground-test/src/Feature/Http/Controllers/Resource/Playground/IndexTrait.php" line="30" class="Tests\Feature\Playground\Lead\Resource\Http\Controllers\Playground\CampaignRouteTest" classname="Tests.Feature.Playground.Lead.Resource.Http.Controllers.Playground.CampaignRouteTest" assertions="1" time="0.370633"/>
        <testcase name="test_admin_can_render_index_view" file="/app/vendor/gammamatrix/playground-test/src/Feature/Http/Controllers/Resource/Playground/IndexTrait.php" line="45" class="Tests\Feature\Playground\Lead\Resource\Http\Controllers\Playground\CampaignRouteTest" classname="Tests.Feature.Playground.Lead.Resource.Http.Controllers.Playground.CampaignRouteTest" assertions="2" time="0.433011"/>
        <testcase name="test_admin_can_render_index_view_with_filters" file="/app/vendor/gammamatrix/playground-test/src/Feature/Http/Controllers/Resource/Playground/IndexTrait.php" line="78" class="Tests\Feature\Playground\Lead\Resource\Http\Controllers\Playground\CampaignRouteTest" classname="Tests.Feature.Playground.Lead.Resource.Http.Controllers.Playground.CampaignRouteTest" assertions="3" time="0.410788"/>
        <testcase name="test_json_guest_cannot_lock" file="/app/vendor/gammamatrix/playground-test/src/Feature/Http/Controllers/Resource/Playground/LockJsonTrait.php" line="37" class="Tests\Feature\Playground\Lead\Resource\Http\Controllers\Playground\CampaignRouteTest" classname="Tests.Feature.Playground.Lead.Resource.Http.Controllers.Playground.CampaignRouteTest" assertions="3" time="0.361865"/>
        <testcase name="test_json_lock_as_admin_and_succeed" file="/app/vendor/gammamatrix/playground-test/src/Feature/Http/Controllers/Resource/Playground/LockJsonTrait.php" line="67" class="Tests\Feature\Playground\Lead\Resource\Http\Controllers\Playground\CampaignRouteTest" classname="Tests.Feature.Playground.Lead.Resource.Http.Controllers.Playground.CampaignRouteTest" assertions="3" time="0.407426"/>
        <testcase name="test_json_lock_as_admin_and_succeed_with_no_redirect" file="/app/vendor/gammamatrix/playground-test/src/Feature/Http/Controllers/Resource/Playground/LockJsonTrait.php" line="99" class="Tests\Feature\Playground\Lead\Resource\Http\Controllers\Playground\CampaignRouteTest" classname="Tests.Feature.Playground.Lead.Resource.Http.Controllers.Playground.CampaignRouteTest" assertions="125" time="0.388619"/>
        <testcase name="test_json_lock_as_user_and_get_denied" file="/app/vendor/gammamatrix/playground-test/src/Feature/Http/Controllers/Resource/Playground/LockJsonTrait.php" line="144" class="Tests\Feature\Playground\Lead\Resource\Http\Controllers\Playground\CampaignRouteTest" classname="Tests.Feature.Playground.Lead.Resource.Http.Controllers.Playground.CampaignRouteTest" assertions="3" time="0.371270"/>
        <testcase name="test_guest_cannot_lock" file="/app/vendor/gammamatrix/playground-test/src/Feature/Http/Controllers/Resource/Playground/LockTrait.php" line="32" class="Tests\Feature\Playground\Lead\Resource\Http\Controllers\Playground\CampaignRouteTest" classname="Tests.Feature.Playground.Lead.Resource.Http.Controllers.Playground.CampaignRouteTest" assertions="3" time="0.364183"/>
        <testcase name="test_lock_as_admin_and_succeed" file="/app/vendor/gammamatrix/playground-test/src/Feature/Http/Controllers/Resource/Playground/LockTrait.php" line="62" class="Tests\Feature\Playground\Lead\Resource\Http\Controllers\Playground\CampaignRouteTest" classname="Tests.Feature.Playground.Lead.Resource.Http.Controllers.Playground.CampaignRouteTest" assertions="4" time="0.388299"/>
        <testcase name="test_lock_as_admin_and_succeed_with_redirect_to_index_with_sorted_by_locked_desc" file="/app/vendor/gammamatrix/playground-test/src/Feature/Http/Controllers/Resource/Playground/LockTrait.php" line="96" class="Tests\Feature\Playground\Lead\Resource\Http\Controllers\Playground\CampaignRouteTest" classname="Tests.Feature.Playground.Lead.Resource.Http.Controllers.Playground.CampaignRouteTest" assertions="4" time="0.377428"/>
        <testcase name="test_lock_as_user_and_get_denied" file="/app/vendor/gammamatrix/playground-test/src/Feature/Http/Controllers/Resource/Playground/LockTrait.php" line="133" class="Tests\Feature\Playground\Lead\Resource\Http\Controllers\Playground\CampaignRouteTest" classname="Tests.Feature.Playground.Lead.Resource.Http.Controllers.Playground.CampaignRouteTest" assertions="3" time="0.380074"/>
        <testcase name="test_json_guest_cannot_restore" file="/app/vendor/gammamatrix/playground-test/src/Feature/Http/Controllers/Resource/Playground/RestoreJsonTrait.php" line="33" class="Tests\Feature\Playground\Lead\Resource\Http\Controllers\Playground\CampaignRouteTest" classname="Tests.Feature.Playground.Lead.Resource.Http.Controllers.Playground.CampaignRouteTest" assertions="3" time="0.363040"/>
        <testcase name="test_json_restore_as_admin_and_succeed" file="/app/vendor/gammamatrix/playground-test/src/Feature/Http/Controllers/Resource/Playground/RestoreJsonTrait.php" line="65" class="Tests\Feature\Playground\Lead\Resource\Http\Controllers\Playground\CampaignRouteTest" classname="Tests.Feature.Playground.Lead.Resource.Http.Controllers.Playground.CampaignRouteTest" assertions="125" time="0.391237"/>
        <testcase name="test_json_restore_as_admin_and_succeed_with_no_redirect" file="/app/vendor/gammamatrix/playground-test/src/Feature/Http/Controllers/Resource/Playground/RestoreJsonTrait.php" line="101" class="Tests\Feature\Playground\Lead\Resource\Http\Controllers\Playground\CampaignRouteTest" classname="Tests.Feature.Playground.Lead.Resource.Http.Controllers.Playground.CampaignRouteTest" assertions="125" time="0.392064"/>
        <testcase name="test_json_restore_as_user_and_get_denied" file="/app/vendor/gammamatrix/playground-test/src/Feature/Http/Controllers/Resource/Playground/RestoreJsonTrait.php" line="144" class="Tests\Feature\Playground\Lead\Resource\Http\Controllers\Playground\CampaignRouteTest" classname="Tests.Feature.Playground.Lead.Resource.Http.Controllers.Playground.CampaignRouteTest" assertions="3" time="0.374147"/>
        <testcase name="test_guest_cannot_restore" file="/app/vendor/gammamatrix/playground-test/src/Feature/Http/Controllers/Resource/Playground/RestoreTrait.php" line="33" class="Tests\Feature\Playground\Lead\Resource\Http\Controllers\Playground\CampaignRouteTest" classname="Tests.Feature.Playground.Lead.Resource.Http.Controllers.Playground.CampaignRouteTest" assertions="3" time="0.378802"/>
        <testcase name="test_restore_as_admin_and_succeed" file="/app/vendor/gammamatrix/playground-test/src/Feature/Http/Controllers/Resource/Playground/RestoreTrait.php" line="65" class="Tests\Feature\Playground\Lead\Resource\Http\Controllers\Playground\CampaignRouteTest" classname="Tests.Feature.Playground.Lead.Resource.Http.Controllers.Playground.CampaignRouteTest" assertions="4" time="0.382041"/>
        <testcase name="test_restore_as_admin_and_succeed_with_redirect_to_index_with_only_trash" file="/app/vendor/gammamatrix/playground-test/src/Feature/Http/Controllers/Resource/Playground/RestoreTrait.php" line="101" class="Tests\Feature\Playground\Lead\Resource\Http\Controllers\Playground\CampaignRouteTest" classname="Tests.Feature.Playground.Lead.Resource.Http.Controllers.Playground.CampaignRouteTest" assertions="4" time="0.390373"/>
        <testcase name="test_restore_as_user_and_get_denied" file="/app/vendor/gammamatrix/playground-test/src/Feature/Http/Controllers/Resource/Playground/RestoreTrait.php" line="147" class="Tests\Feature\Playground\Lead\Resource\Http\Controllers\Playground\CampaignRouteTest" classname="Tests.Feature.Playground.Lead.Resource.Http.Controllers.Playground.CampaignRouteTest" assertions="3" time="0.375824"/>
        <testcase name="test_json_guest_cannot_see_info" file="/app/vendor/gammamatrix/playground-test/src/Feature/Http/Controllers/Resource/Playground/ShowJsonTrait.php" line="30" class="Tests\Feature\Playground\Lead\Resource\Http\Controllers\Playground\CampaignRouteTest" classname="Tests.Feature.Playground.Lead.Resource.Http.Controllers.Playground.CampaignRouteTest" assertions="1" time="0.370170"/>
        <testcase name="test_json_show_info_for_admin" file="/app/vendor/gammamatrix/playground-test/src/Feature/Http/Controllers/Resource/Playground/ShowJsonTrait.php" line="50" class="Tests\Feature\Playground\Lead\Resource\Http\Controllers\Playground\CampaignRouteTest" classname="Tests.Feature.Playground.Lead.Resource.Http.Controllers.Playground.CampaignRouteTest" assertions="124" time="0.389921"/>
        <testcase name="test_guest_cannot_render_show_view" file="/app/vendor/gammamatrix/playground-test/src/Feature/Http/Controllers/Resource/Playground/ShowTrait.php" line="30" class="Tests\Feature\Playground\Lead\Resource\Http\Controllers\Playground\CampaignRouteTest" classname="Tests.Feature.Playground.Lead.Resource.Http.Controllers.Playground.CampaignRouteTest" assertions="1" time="0.368139"/>
        <testcase name="test_show_view_rendered_by_admin" file="/app/vendor/gammamatrix/playground-test/src/Feature/Http/Controllers/Resource/Playground/ShowTrait.php" line="50" class="Tests\Feature\Playground\Lead\Resource\Http\Controllers\Playground\CampaignRouteTest" classname="Tests.Feature.Playground.Lead.Resource.Http.Controllers.Playground.CampaignRouteTest" assertions="2" time="0.420739"/>
        <testcase name="test_json_guest_cannot_store" file="/app/vendor/gammamatrix/playground-test/src/Feature/Http/Controllers/Resource/Playground/StoreJsonTrait.php" line="44" class="Tests\Feature\Playground\Lead\Resource\Http\Controllers\Playground\CampaignRouteTest" classname="Tests.Feature.Playground.Lead.Resource.Http.Controllers.Playground.CampaignRouteTest" assertions="3" time="0.365655"/>
        <testcase name="test_json_store_as_admin_without_payload_and_fail_validation" file="/app/vendor/gammamatrix/playground-test/src/Feature/Http/Controllers/Resource/Playground/StoreJsonTrait.php" line="67" class="Tests\Feature\Playground\Lead\Resource\Http\Controllers\Playground\CampaignRouteTest" classname="Tests.Feature.Playground.Lead.Resource.Http.Controllers.Playground.CampaignRouteTest" assertions="5" time="0.382696"/>
        <testcase name="test_json_store_as_admin_and_succeed" file="/app/vendor/gammamatrix/playground-test/src/Feature/Http/Controllers/Resource/Playground/StoreJsonTrait.php" line="93" class="Tests\Feature\Playground\Lead\Resource\Http\Controllers\Playground\CampaignRouteTest" classname="Tests.Feature.Playground.Lead.Resource.Http.Controllers.Playground.CampaignRouteTest" assertions="3" time="0.440734"/>
        <testcase name="test_guest_cannot_store" file="/app/vendor/gammamatrix/playground-test/src/Feature/Http/Controllers/Resource/Playground/StoreTrait.php" line="39" class="Tests\Feature\Playground\Lead\Resource\Http\Controllers\Playground\CampaignRouteTest" classname="Tests.Feature.Playground.Lead.Resource.Http.Controllers.Playground.CampaignRouteTest" assertions="3" time="0.363127"/>
        <testcase name="test_store_as_admin_without_payload_and_fail_validation" file="/app/vendor/gammamatrix/playground-test/src/Feature/Http/Controllers/Resource/Playground/StoreTrait.php" line="62" class="Tests\Feature\Playground\Lead\Resource\Http\Controllers\Playground\CampaignRouteTest" classname="Tests.Feature.Playground.Lead.Resource.Http.Controllers.Playground.CampaignRouteTest" assertions="5" time="0.378156"/>
        <testcase name="test_store_as_admin_and_succeed" file="/app/vendor/gammamatrix/playground-test/src/Feature/Http/Controllers/Resource/Playground/StoreTrait.php" line="91" class="Tests\Feature\Playground\Lead\Resource\Http\Controllers\Playground\CampaignRouteTest" classname="Tests.Feature.Playground.Lead.Resource.Http.Controllers.Playground.CampaignRouteTest" assertions="4" time="0.416285"/>
        <testcase name="test_store_as_admin_and_succeed_with_return_url" file="/app/vendor/gammamatrix/playground-test/src/Feature/Http/Controllers/Resource/Playground/StoreTrait.php" line="136" class="Tests\Feature\Playground\Lead\Resource\Http\Controllers\Playground\CampaignRouteTest" classname="Tests.Feature.Playground.Lead.Resource.Http.Controllers.Playground.CampaignRouteTest" assertions="4" time="0.409803"/>
        <testcase name="test_json_guest_cannot_unlock" file="/app/vendor/gammamatrix/playground-test/src/Feature/Http/Controllers/Resource/Playground/UnlockJsonTrait.php" line="37" class="Tests\Feature\Playground\Lead\Resource\Http\Controllers\Playground\CampaignRouteTest" classname="Tests.Feature.Playground.Lead.Resource.Http.Controllers.Playground.CampaignRouteTest" assertions="3" time="0.367214"/>
        <testcase name="test_json_unlock_as_admin_and_succeed" file="/app/vendor/gammamatrix/playground-test/src/Feature/Http/Controllers/Resource/Playground/UnlockJsonTrait.php" line="69" class="Tests\Feature\Playground\Lead\Resource\Http\Controllers\Playground\CampaignRouteTest" classname="Tests.Feature.Playground.Lead.Resource.Http.Controllers.Playground.CampaignRouteTest" assertions="125" time="0.396264"/>
        <testcase name="test_json_unlock_as_admin_and_succeed_with_no_redirect" file="/app/vendor/gammamatrix/playground-test/src/Feature/Http/Controllers/Resource/Playground/UnlockJsonTrait.php" line="105" class="Tests\Feature\Playground\Lead\Resource\Http\Controllers\Playground\CampaignRouteTest" classname="Tests.Feature.Playground.Lead.Resource.Http.Controllers.Playground.CampaignRouteTest" assertions="125" time="0.391226"/>
        <testcase name="test_json_unlock_as_user_and_get_denied" file="/app/vendor/gammamatrix/playground-test/src/Feature/Http/Controllers/Resource/Playground/UnlockJsonTrait.php" line="146" class="Tests\Feature\Playground\Lead\Resource\Http\Controllers\Playground\CampaignRouteTest" classname="Tests.Feature.Playground.Lead.Resource.Http.Controllers.Playground.CampaignRouteTest" assertions="3" time="0.378370"/>
        <testcase name="test_guest_cannot_unlock" file="/app/vendor/gammamatrix/playground-test/src/Feature/Http/Controllers/Resource/Playground/UnlockTrait.php" line="37" class="Tests\Feature\Playground\Lead\Resource\Http\Controllers\Playground\CampaignRouteTest" classname="Tests.Feature.Playground.Lead.Resource.Http.Controllers.Playground.CampaignRouteTest" assertions="3" time="0.378124"/>
        <testcase name="test_unlock_as_admin_and_succeed" file="/app/vendor/gammamatrix/playground-test/src/Feature/Http/Controllers/Resource/Playground/UnlockTrait.php" line="69" class="Tests\Feature\Playground\Lead\Resource\Http\Controllers\Playground\CampaignRouteTest" classname="Tests.Feature.Playground.Lead.Resource.Http.Controllers.Playground.CampaignRouteTest" assertions="4" time="0.396312"/>
        <testcase name="test_unlock_as_admin_and_succeed_with_redirect_to_index_with_sorted_by_unlocked_desc" file="/app/vendor/gammamatrix/playground-test/src/Feature/Http/Controllers/Resource/Playground/UnlockTrait.php" line="110" class="Tests\Feature\Playground\Lead\Resource\Http\Controllers\Playground\CampaignRouteTest" classname="Tests.Feature.Playground.Lead.Resource.Http.Controllers.Playground.CampaignRouteTest" assertions="4" time="0.385405"/>
        <testcase name="test_unlock_as_user_and_get_denied" file="/app/vendor/gammamatrix/playground-test/src/Feature/Http/Controllers/Resource/Playground/UnlockTrait.php" line="149" class="Tests\Feature\Playground\Lead\Resource\Http\Controllers\Playground\CampaignRouteTest" classname="Tests.Feature.Playground.Lead.Resource.Http.Controllers.Playground.CampaignRouteTest" assertions="3" time="0.379271"/>
        <testcase name="test_json_guest_cannot_update" file="/app/vendor/gammamatrix/playground-test/src/Feature/Http/Controllers/Resource/Playground/UpdateJsonTrait.php" line="46" class="Tests\Feature\Playground\Lead\Resource\Http\Controllers\Playground\CampaignRouteTest" classname="Tests.Feature.Playground.Lead.Resource.Http.Controllers.Playground.CampaignRouteTest" assertions="1" time="0.366500"/>
        <testcase name="test_json_update_as_admin_without_payload_and_passes_validation" file="/app/vendor/gammamatrix/playground-test/src/Feature/Http/Controllers/Resource/Playground/UpdateJsonTrait.php" line="66" class="Tests\Feature\Playground\Lead\Resource\Http\Controllers\Playground\CampaignRouteTest" classname="Tests.Feature.Playground.Lead.Resource.Http.Controllers.Playground.CampaignRouteTest" assertions="2" time="0.400333"/>
        <testcase name="test_json_admin_can_update" file="/app/vendor/gammamatrix/playground-test/src/Feature/Http/Controllers/Resource/Playground/UpdateJsonTrait.php" line="114" class="Tests\Feature\Playground\Lead\Resource\Http\Controllers\Playground\CampaignRouteTest" classname="Tests.Feature.Playground.Lead.Resource.Http.Controllers.Playground.CampaignRouteTest" assertions="127" time="0.449667"/>
        <testcase name="test_guest_cannot_update" file="/app/vendor/gammamatrix/playground-test/src/Feature/Http/Controllers/Resource/Playground/UpdateTrait.php" line="46" class="Tests\Feature\Playground\Lead\Resource\Http\Controllers\Playground\CampaignRouteTest" classname="Tests.Feature.Playground.Lead.Resource.Http.Controllers.Playground.CampaignRouteTest" assertions="1" time="0.369257"/>
        <testcase name="test_update_as_admin_without_payload_and_passes_validation" file="/app/vendor/gammamatrix/playground-test/src/Feature/Http/Controllers/Resource/Playground/UpdateTrait.php" line="66" class="Tests\Feature\Playground\Lead\Resource\Http\Controllers\Playground\CampaignRouteTest" classname="Tests.Feature.Playground.Lead.Resource.Http.Controllers.Playground.CampaignRouteTest" assertions="3" time="0.403205"/>
        <testcase name="test_admin_can_update" file="/app/vendor/gammamatrix/playground-test/src/Feature/Http/Controllers/Resource/Playground/UpdateTrait.php" line="117" class="Tests\Feature\Playground\Lead\Resource\Http\Controllers\Playground\CampaignRouteTest" classname="Tests.Feature.Playground.Lead.Resource.Http.Controllers.Playground.CampaignRouteTest" assertions="6" time="0.440575"/>
        <testcase name="test_admin_can_update_view_with_return_url" file="/app/vendor/gammamatrix/playground-test/src/Feature/Http/Controllers/Resource/Playground/UpdateTrait.php" line="160" class="Tests\Feature\Playground\Lead\Resource\Http\Controllers\Playground\CampaignRouteTest" classname="Tests.Feature.Playground.Lead.Resource.Http.Controllers.Playground.CampaignRouteTest" assertions="6" time="0.441142"/>
      </testsuite>
      <testsuite name="Tests\Feature\Playground\Lead\Resource\Http\Controllers\Playground\GoalRouteTest" file="/app/tests/Feature/Http/Controllers/Playground/GoalRouteTest.php" tests="73" assertions="1329" errors="0" failures="0" skipped="0" time="28.049040">
        <testcase name="test_json_guest_cannot_get_create_info" file="/app/vendor/gammamatrix/playground-test/src/Feature/Http/Controllers/Resource/Playground/CreateJsonTrait.php" line="39" class="Tests\Feature\Playground\Lead\Resource\Http\Controllers\Playground\GoalRouteTest" classname="Tests.Feature.Playground.Lead.Resource.Http.Controllers.Playground.GoalRouteTest" assertions="1" time="0.365060"/>
        <testcase name="test_json_admin_can_get_create_info" file="/app/vendor/gammamatrix/playground-test/src/Feature/Http/Controllers/Resource/Playground/CreateJsonTrait.php" line="54" class="Tests\Feature\Playground\Lead\Resource\Http\Controllers\Playground\GoalRouteTest" classname="Tests.Feature.Playground.Lead.Resource.Http.Controllers.Playground.GoalRouteTest" assertions="123" time="0.379832"/>
        <testcase name="test_json_get_create_info_as_admin_with_invalid_parameter_and_fail_validation" file="/app/vendor/gammamatrix/playground-test/src/Feature/Http/Controllers/Resource/Playground/CreateJsonTrait.php" line="74" class="Tests\Feature\Playground\Lead\Resource\Http\Controllers\Playground\GoalRouteTest" classname="Tests.Feature.Playground.Lead.Resource.Http.Controllers.Playground.GoalRouteTest" assertions="4" time="0.362528"/>
        <testcase name="test_guest_cannot_render_create_view" file="/app/vendor/gammamatrix/playground-test/src/Feature/Http/Controllers/Resource/Playground/CreateTrait.php" line="34" class="Tests\Feature\Playground\Lead\Resource\Http\Controllers\Playground\GoalRouteTest" classname="Tests.Feature.Playground.Lead.Resource.Http.Controllers.Playground.GoalRouteTest" assertions="1" time="0.344870"/>
        <testcase name="test_admin_can_render_create_view" file="/app/vendor/gammamatrix/playground-test/src/Feature/Http/Controllers/Resource/Playground/CreateTrait.php" line="48" class="Tests\Feature\Playground\Lead\Resource\Http\Controllers\Playground\GoalRouteTest" classname="Tests.Feature.Playground.Lead.Resource.Http.Controllers.Playground.GoalRouteTest" assertions="2" time="0.398306"/>
        <testcase name="test_admin_can_render_create_view_with_return_url" file="/app/vendor/gammamatrix/playground-test/src/Feature/Http/Controllers/Resource/Playground/CreateTrait.php" line="66" class="Tests\Feature\Playground\Lead\Resource\Http\Controllers\Playground\GoalRouteTest" classname="Tests.Feature.Playground.Lead.Resource.Http.Controllers.Playground.GoalRouteTest" assertions="3" time="0.396037"/>
        <testcase name="test_create_view_as_admin_with_invalid_parameter_and_fail_validation_and_redirect" file="/app/vendor/gammamatrix/playground-test/src/Feature/Http/Controllers/Resource/Playground/CreateTrait.php" line="90" class="Tests\Feature\Playground\Lead\Resource\Http\Controllers\Playground\GoalRouteTest" classname="Tests.Feature.Playground.Lead.Resource.Http.Controllers.Playground.GoalRouteTest" assertions="5" time="0.366028"/>
        <testcase name="test_json_guest_cannot_destroy" file="/app/vendor/gammamatrix/playground-test/src/Feature/Http/Controllers/Resource/Playground/DestroyJsonTrait.php" line="32" class="Tests\Feature\Playground\Lead\Resource\Http\Controllers\Playground\GoalRouteTest" classname="Tests.Feature.Playground.Lead.Resource.Http.Controllers.Playground.GoalRouteTest" assertions="3" time="0.365745"/>
        <testcase name="test_json_destroy_as_admin_and_succeed" file="/app/vendor/gammamatrix/playground-test/src/Feature/Http/Controllers/Resource/Playground/DestroyJsonTrait.php" line="62" class="Tests\Feature\Playground\Lead\Resource\Http\Controllers\Playground\GoalRouteTest" classname="Tests.Feature.Playground.Lead.Resource.Http.Controllers.Playground.GoalRouteTest" assertions="5" time="0.368042"/>
        <testcase name="test_json_destroy_as_admin_and_succeed_with_force_delete" file="/app/vendor/gammamatrix/playground-test/src/Feature/Http/Controllers/Resource/Playground/DestroyJsonTrait.php" line="101" class="Tests\Feature\Playground\Lead\Resource\Http\Controllers\Playground\GoalRouteTest" classname="Tests.Feature.Playground.Lead.Resource.Http.Controllers.Playground.GoalRouteTest" assertions="4" time="0.371746"/>
        <testcase name="test_json_destroy_as_admin_and_succeed_with_no_content" file="/app/vendor/gammamatrix/playground-test/src/Feature/Http/Controllers/Resource/Playground/DestroyJsonTrait.php" line="133" class="Tests\Feature\Playground\Lead\Resource\Http\Controllers\Playground\GoalRouteTest" classname="Tests.Feature.Playground.Lead.Resource.Http.Controllers.Playground.GoalRouteTest" assertions="5" time="0.366364"/>
        <testcase name="test_json_destroy_as_admin_and_succeed_and_ignore_redirect" file="/app/vendor/gammamatrix/playground-test/src/Feature/Http/Controllers/Resource/Playground/DestroyJsonTrait.php" line="168" class="Tests\Feature\Playground\Lead\Resource\Http\Controllers\Playground\GoalRouteTest" classname="Tests.Feature.Playground.Lead.Resource.Http.Controllers.Playground.GoalRouteTest" assertions="5" time="0.373523"/>
        <testcase name="test_json_destroy_as_user_and_get_denied_and_no_force_delete_allowed" file="/app/vendor/gammamatrix/playground-test/src/Feature/Http/Controllers/Resource/Playground/DestroyJsonTrait.php" line="210" class="Tests\Feature\Playground\Lead\Resource\Http\Controllers\Playground\GoalRouteTest" classname="Tests.Feature.Playground.Lead.Resource.Http.Controllers.Playground.GoalRouteTest" assertions="3" time="0.367507"/>
        <testcase name="test_guest_cannot_destroy" file="/app/vendor/gammamatrix/playground-test/src/Feature/Http/Controllers/Resource/Playground/DestroyTrait.php" line="32" class="Tests\Feature\Playground\Lead\Resource\Http\Controllers\Playground\GoalRouteTest" classname="Tests.Feature.Playground.Lead.Resource.Http.Controllers.Playground.GoalRouteTest" assertions="3" time="0.366384"/>
        <testcase name="test_destroy_as_admin_and_succeed" file="/app/vendor/gammamatrix/playground-test/src/Feature/Http/Controllers/Resource/Playground/DestroyTrait.php" line="62" class="Tests\Feature\Playground\Lead\Resource\Http\Controllers\Playground\GoalRouteTest" classname="Tests.Feature.Playground.Lead.Resource.Http.Controllers.Playground.GoalRouteTest" assertions="5" time="0.368900"/>
        <testcase name="test_destroy_as_admin_and_succeed_with_force_delete" file="/app/vendor/gammamatrix/playground-test/src/Feature/Http/Controllers/Resource/Playground/DestroyTrait.php" line="98" class="Tests\Feature\Playground\Lead\Resource\Http\Controllers\Playground\GoalRouteTest" classname="Tests.Feature.Playground.Lead.Resource.Http.Controllers.Playground.GoalRouteTest" assertions="4" time="0.370492"/>
        <testcase name="test_destroy_as_admin_and_succeed_with_redirect_to_index_with_trash" file="/app/vendor/gammamatrix/playground-test/src/Feature/Http/Controllers/Resource/Playground/DestroyTrait.php" line="130" class="Tests\Feature\Playground\Lead\Resource\Http\Controllers\Playground\GoalRouteTest" classname="Tests.Feature.Playground.Lead.Resource.Http.Controllers.Playground.GoalRouteTest" assertions="5" time="0.366639"/>
        <testcase name="test_destroy_as_user_and_get_denied_and_no_force_delete_allowed" file="/app/vendor/gammamatrix/playground-test/src/Feature/Http/Controllers/Resource/Playground/DestroyTrait.php" line="172" class="Tests\Feature\Playground\Lead\Resource\Http\Controllers\Playground\GoalRouteTest" classname="Tests.Feature.Playground.Lead.Resource.Http.Controllers.Playground.GoalRouteTest" assertions="3" time="0.366201"/>
        <testcase name="test_json_guest_cannot_get_edit_info" file="/app/vendor/gammamatrix/playground-test/src/Feature/Http/Controllers/Resource/Playground/EditJsonTrait.php" line="39" class="Tests\Feature\Playground\Lead\Resource\Http\Controllers\Playground\GoalRouteTest" classname="Tests.Feature.Playground.Lead.Resource.Http.Controllers.Playground.GoalRouteTest" assertions="1" time="0.358489"/>
        <testcase name="test_json_admin_can_get_edit_info" file="/app/vendor/gammamatrix/playground-test/src/Feature/Http/Controllers/Resource/Playground/EditJsonTrait.php" line="59" class="Tests\Feature\Playground\Lead\Resource\Http\Controllers\Playground\GoalRouteTest" classname="Tests.Feature.Playground.Lead.Resource.Http.Controllers.Playground.GoalRouteTest" assertions="4" time="0.396982"/>
        <testcase name="test_json_edit_as_admin_and_fail_validation_with_invalid_parameter" file="/app/vendor/gammamatrix/playground-test/src/Feature/Http/Controllers/Resource/Playground/EditJsonTrait.php" line="88" class="Tests\Feature\Playground\Lead\Resource\Http\Controllers\Playground\GoalRouteTest" classname="Tests.Feature.Playground.Lead.Resource.Http.Controllers.Playground.GoalRouteTest" assertions="4" time="0.380514"/>
        <testcase name="test_guest_cannot_render_edit_view" file="/app/vendor/gammamatrix/playground-test/src/Feature/Http/Controllers/Resource/Playground/EditTrait.php" line="34" class="Tests\Feature\Playground\Lead\Resource\Http\Controllers\Playground\GoalRouteTest" classname="Tests.Feature.Playground.Lead.Resource.Http.Controllers.Playground.GoalRouteTest" assertions="1" time="0.361187"/>
        <testcase name="test_admin_can_render_edit_view" file="/app/vendor/gammamatrix/playground-test/src/Feature/Http/Controllers/Resource/Playground/EditTrait.php" line="54" class="Tests\Feature\Playground\Lead\Resource\Http\Controllers\Playground\GoalRouteTest" classname="Tests.Feature.Playground.Lead.Resource.Http.Controllers.Playground.GoalRouteTest" assertions="2" time="0.415462"/>
        <testcase name="test_admin_can_render_edit_view_with_return_url" file="/app/vendor/gammamatrix/playground-test/src/Feature/Http/Controllers/Resource/Playground/EditTrait.php" line="78" class="Tests\Feature\Playground\Lead\Resource\Http\Controllers\Playground\GoalRouteTest" classname="Tests.Feature.Playground.Lead.Resource.Http.Controllers.Playground.GoalRouteTest" assertions="3" time="0.419500"/>
        <testcase name="test_edit_view_as_admin_with_invalid_parameter_and_fail_validation_and_redirect" file="/app/vendor/gammamatrix/playground-test/src/Feature/Http/Controllers/Resource/Playground/EditTrait.php" line="107" class="Tests\Feature\Playground\Lead\Resource\Http\Controllers\Playground\GoalRouteTest" classname="Tests.Feature.Playground.Lead.Resource.Http.Controllers.Playground.GoalRouteTest" assertions="4" time="0.390215"/>
        <testcase name="test_json_guest_cannot_get_index" file="/app/vendor/gammamatrix/playground-test/src/Feature/Http/Controllers/Resource/Playground/IndexJsonTrait.php" line="35" class="Tests\Feature\Playground\Lead\Resource\Http\Controllers\Playground\GoalRouteTest" classname="Tests.Feature.Playground.Lead.Resource.Http.Controllers.Playground.GoalRouteTest" assertions="1" time="0.373209"/>
        <testcase name="test_json_admin_can_get_index" file="/app/vendor/gammamatrix/playground-test/src/Feature/Http/Controllers/Resource/Playground/IndexJsonTrait.php" line="50" class="Tests\Feature\Playground\Lead\Resource\Http\Controllers\Playground\GoalRouteTest" classname="Tests.Feature.Playground.Lead.Resource.Http.Controllers.Playground.GoalRouteTest" assertions="127" time="0.390433"/>
        <testcase name="test_json_admin_can_get_index_with_filters" file="/app/vendor/gammamatrix/playground-test/src/Feature/Http/Controllers/Resource/Playground/IndexJsonTrait.php" line="86" class="Tests\Feature\Playground\Lead\Resource\Http\Controllers\Playground\GoalRouteTest" classname="Tests.Feature.Playground.Lead.Resource.Http.Controllers.Playground.GoalRouteTest" assertions="3" time="0.387435"/>
        <testcase name="test_guest_cannot_render_index_view" file="/app/vendor/gammamatrix/playground-test/src/Feature/Http/Controllers/Resource/Playground/IndexTrait.php" line="30" class="Tests\Feature\Playground\Lead\Resource\Http\Controllers\Playground\GoalRouteTest" classname="Tests.Feature.Playground.Lead.Resource.Http.Controllers.Playground.GoalRouteTest" assertions="1" time="0.360827"/>
        <testcase name="test_admin_can_render_index_view" file="/app/vendor/gammamatrix/playground-test/src/Feature/Http/Controllers/Resource/Playground/IndexTrait.php" line="45" class="Tests\Feature\Playground\Lead\Resource\Http\Controllers\Playground\GoalRouteTest" classname="Tests.Feature.Playground.Lead.Resource.Http.Controllers.Playground.GoalRouteTest" assertions="2" time="0.420062"/>
        <testcase name="test_admin_can_render_index_view_with_filters" file="/app/vendor/gammamatrix/playground-test/src/Feature/Http/Controllers/Resource/Playground/IndexTrait.php" line="78" class="Tests\Feature\Playground\Lead\Resource\Http\Controllers\Playground\GoalRouteTest" classname="Tests.Feature.Playground.Lead.Resource.Http.Controllers.Playground.GoalRouteTest" assertions="3" time="0.414214"/>
        <testcase name="test_json_guest_cannot_lock" file="/app/vendor/gammamatrix/playground-test/src/Feature/Http/Controllers/Resource/Playground/LockJsonTrait.php" line="37" class="Tests\Feature\Playground\Lead\Resource\Http\Controllers\Playground\GoalRouteTest" classname="Tests.Feature.Playground.Lead.Resource.Http.Controllers.Playground.GoalRouteTest" assertions="3" time="0.363828"/>
        <testcase name="test_json_lock_as_admin_and_succeed" file="/app/vendor/gammamatrix/playground-test/src/Feature/Http/Controllers/Resource/Playground/LockJsonTrait.php" line="67" class="Tests\Feature\Playground\Lead\Resource\Http\Controllers\Playground\GoalRouteTest" classname="Tests.Feature.Playground.Lead.Resource.Http.Controllers.Playground.GoalRouteTest" assertions="3" time="0.382358"/>
        <testcase name="test_json_lock_as_admin_and_succeed_with_no_redirect" file="/app/vendor/gammamatrix/playground-test/src/Feature/Http/Controllers/Resource/Playground/LockJsonTrait.php" line="99" class="Tests\Feature\Playground\Lead\Resource\Http\Controllers\Playground\GoalRouteTest" classname="Tests.Feature.Playground.Lead.Resource.Http.Controllers.Playground.GoalRouteTest" assertions="125" time="0.384762"/>
        <testcase name="test_json_lock_as_user_and_get_denied" file="/app/vendor/gammamatrix/playground-test/src/Feature/Http/Controllers/Resource/Playground/LockJsonTrait.php" line="144" class="Tests\Feature\Playground\Lead\Resource\Http\Controllers\Playground\GoalRouteTest" classname="Tests.Feature.Playground.Lead.Resource.Http.Controllers.Playground.GoalRouteTest" assertions="3" time="0.370435"/>
        <testcase name="test_guest_cannot_lock" file="/app/vendor/gammamatrix/playground-test/src/Feature/Http/Controllers/Resource/Playground/LockTrait.php" line="32" class="Tests\Feature\Playground\Lead\Resource\Http\Controllers\Playground\GoalRouteTest" classname="Tests.Feature.Playground.Lead.Resource.Http.Controllers.Playground.GoalRouteTest" assertions="3" time="0.371000"/>
        <testcase name="test_lock_as_admin_and_succeed" file="/app/vendor/gammamatrix/playground-test/src/Feature/Http/Controllers/Resource/Playground/LockTrait.php" line="62" class="Tests\Feature\Playground\Lead\Resource\Http\Controllers\Playground\GoalRouteTest" classname="Tests.Feature.Playground.Lead.Resource.Http.Controllers.Playground.GoalRouteTest" assertions="4" time="0.379618"/>
        <testcase name="test_lock_as_admin_and_succeed_with_redirect_to_index_with_sorted_by_locked_desc" file="/app/vendor/gammamatrix/playground-test/src/Feature/Http/Controllers/Resource/Playground/LockTrait.php" line="96" class="Tests\Feature\Playground\Lead\Resource\Http\Controllers\Playground\GoalRouteTest" classname="Tests.Feature.Playground.Lead.Resource.Http.Controllers.Playground.GoalRouteTest" assertions="4" time="0.380027"/>
        <testcase name="test_lock_as_user_and_get_denied" file="/app/vendor/gammamatrix/playground-test/src/Feature/Http/Controllers/Resource/Playground/LockTrait.php" line="133" class="Tests\Feature\Playground\Lead\Resource\Http\Controllers\Playground\GoalRouteTest" classname="Tests.Feature.Playground.Lead.Resource.Http.Controllers.Playground.GoalRouteTest" assertions="3" time="0.373586"/>
        <testcase name="test_json_guest_cannot_restore" file="/app/vendor/gammamatrix/playground-test/src/Feature/Http/Controllers/Resource/Playground/RestoreJsonTrait.php" line="33" class="Tests\Feature\Playground\Lead\Resource\Http\Controllers\Playground\GoalRouteTest" classname="Tests.Feature.Playground.Lead.Resource.Http.Controllers.Playground.GoalRouteTest" assertions="3" time="0.366153"/>
        <testcase name="test_json_restore_as_admin_and_succeed" file="/app/vendor/gammamatrix/playground-test/src/Feature/Http/Controllers/Resource/Playground/RestoreJsonTrait.php" line="65" class="Tests\Feature\Playground\Lead\Resource\Http\Controllers\Playground\GoalRouteTest" classname="Tests.Feature.Playground.Lead.Resource.Http.Controllers.Playground.GoalRouteTest" assertions="125" time="0.386390"/>
        <testcase name="test_json_restore_as_admin_and_succeed_with_no_redirect" file="/app/vendor/gammamatrix/playground-test/src/Feature/Http/Controllers/Resource/Playground/RestoreJsonTrait.php" line="101" class="Tests\Feature\Playground\Lead\Resource\Http\Controllers\Playground\GoalRouteTest" classname="Tests.Feature.Playground.Lead.Resource.Http.Controllers.Playground.GoalRouteTest" assertions="125" time="0.393710"/>
        <testcase name="test_json_restore_as_user_and_get_denied" file="/app/vendor/gammamatrix/playground-test/src/Feature/Http/Controllers/Resource/Playground/RestoreJsonTrait.php" line="144" class="Tests\Feature\Playground\Lead\Resource\Http\Controllers\Playground\GoalRouteTest" classname="Tests.Feature.Playground.Lead.Resource.Http.Controllers.Playground.GoalRouteTest" assertions="3" time="0.376236"/>
        <testcase name="test_guest_cannot_restore" file="/app/vendor/gammamatrix/playground-test/src/Feature/Http/Controllers/Resource/Playground/RestoreTrait.php" line="33" class="Tests\Feature\Playground\Lead\Resource\Http\Controllers\Playground\GoalRouteTest" classname="Tests.Feature.Playground.Lead.Resource.Http.Controllers.Playground.GoalRouteTest" assertions="3" time="0.370189"/>
        <testcase name="test_restore_as_admin_and_succeed" file="/app/vendor/gammamatrix/playground-test/src/Feature/Http/Controllers/Resource/Playground/RestoreTrait.php" line="65" class="Tests\Feature\Playground\Lead\Resource\Http\Controllers\Playground\GoalRouteTest" classname="Tests.Feature.Playground.Lead.Resource.Http.Controllers.Playground.GoalRouteTest" assertions="4" time="0.381143"/>
        <testcase name="test_restore_as_admin_and_succeed_with_redirect_to_index_with_only_trash" file="/app/vendor/gammamatrix/playground-test/src/Feature/Http/Controllers/Resource/Playground/RestoreTrait.php" line="101" class="Tests\Feature\Playground\Lead\Resource\Http\Controllers\Playground\GoalRouteTest" classname="Tests.Feature.Playground.Lead.Resource.Http.Controllers.Playground.GoalRouteTest" assertions="4" time="0.383594"/>
        <testcase name="test_restore_as_user_and_get_denied" file="/app/vendor/gammamatrix/playground-test/src/Feature/Http/Controllers/Resource/Playground/RestoreTrait.php" line="147" class="Tests\Feature\Playground\Lead\Resource\Http\Controllers\Playground\GoalRouteTest" classname="Tests.Feature.Playground.Lead.Resource.Http.Controllers.Playground.GoalRouteTest" assertions="3" time="0.374967"/>
        <testcase name="test_json_guest_cannot_see_info" file="/app/vendor/gammamatrix/playground-test/src/Feature/Http/Controllers/Resource/Playground/ShowJsonTrait.php" line="30" class="Tests\Feature\Playground\Lead\Resource\Http\Controllers\Playground\GoalRouteTest" classname="Tests.Feature.Playground.Lead.Resource.Http.Controllers.Playground.GoalRouteTest" assertions="1" time="0.374181"/>
        <testcase name="test_json_show_info_for_admin" file="/app/vendor/gammamatrix/playground-test/src/Feature/Http/Controllers/Resource/Playground/ShowJsonTrait.php" line="50" class="Tests\Feature\Playground\Lead\Resource\Http\Controllers\Playground\GoalRouteTest" classname="Tests.Feature.Playground.Lead.Resource.Http.Controllers.Playground.GoalRouteTest" assertions="124" time="0.385940"/>
        <testcase name="test_guest_cannot_render_show_view" file="/app/vendor/gammamatrix/playground-test/src/Feature/Http/Controllers/Resource/Playground/ShowTrait.php" line="30" class="Tests\Feature\Playground\Lead\Resource\Http\Controllers\Playground\GoalRouteTest" classname="Tests.Feature.Playground.Lead.Resource.Http.Controllers.Playground.GoalRouteTest" assertions="1" time="0.368329"/>
        <testcase name="test_show_view_rendered_by_admin" file="/app/vendor/gammamatrix/playground-test/src/Feature/Http/Controllers/Resource/Playground/ShowTrait.php" line="50" class="Tests\Feature\Playground\Lead\Resource\Http\Controllers\Playground\GoalRouteTest" classname="Tests.Feature.Playground.Lead.Resource.Http.Controllers.Playground.GoalRouteTest" assertions="2" time="0.397714"/>
        <testcase name="test_json_guest_cannot_store" file="/app/vendor/gammamatrix/playground-test/src/Feature/Http/Controllers/Resource/Playground/StoreJsonTrait.php" line="44" class="Tests\Feature\Playground\Lead\Resource\Http\Controllers\Playground\GoalRouteTest" classname="Tests.Feature.Playground.Lead.Resource.Http.Controllers.Playground.GoalRouteTest" assertions="3" time="0.363464"/>
        <testcase name="test_json_store_as_admin_without_payload_and_fail_validation" file="/app/vendor/gammamatrix/playground-test/src/Feature/Http/Controllers/Resource/Playground/StoreJsonTrait.php" line="67" class="Tests\Feature\Playground\Lead\Resource\Http\Controllers\Playground\GoalRouteTest" classname="Tests.Feature.Playground.Lead.Resource.Http.Controllers.Playground.GoalRouteTest" assertions="5" time="0.379594"/>
        <testcase name="test_json_store_as_admin_and_succeed" file="/app/vendor/gammamatrix/playground-test/src/Feature/Http/Controllers/Resource/Playground/StoreJsonTrait.php" line="93" class="Tests\Feature\Playground\Lead\Resource\Http\Controllers\Playground\GoalRouteTest" classname="Tests.Feature.Playground.Lead.Resource.Http.Controllers.Playground.GoalRouteTest" assertions="3" time="0.461034"/>
        <testcase name="test_guest_cannot_store" file="/app/vendor/gammamatrix/playground-test/src/Feature/Http/Controllers/Resource/Playground/StoreTrait.php" line="39" class="Tests\Feature\Playground\Lead\Resource\Http\Controllers\Playground\GoalRouteTest" classname="Tests.Feature.Playground.Lead.Resource.Http.Controllers.Playground.GoalRouteTest" assertions="3" time="0.366579"/>
        <testcase name="test_store_as_admin_without_payload_and_fail_validation" file="/app/vendor/gammamatrix/playground-test/src/Feature/Http/Controllers/Resource/Playground/StoreTrait.php" line="62" class="Tests\Feature\Playground\Lead\Resource\Http\Controllers\Playground\GoalRouteTest" classname="Tests.Feature.Playground.Lead.Resource.Http.Controllers.Playground.GoalRouteTest" assertions="5" time="0.380244"/>
        <testcase name="test_store_as_admin_and_succeed" file="/app/vendor/gammamatrix/playground-test/src/Feature/Http/Controllers/Resource/Playground/StoreTrait.php" line="91" class="Tests\Feature\Playground\Lead\Resource\Http\Controllers\Playground\GoalRouteTest" classname="Tests.Feature.Playground.Lead.Resource.Http.Controllers.Playground.GoalRouteTest" assertions="4" time="0.412878"/>
        <testcase name="test_store_as_admin_and_succeed_with_return_url" file="/app/vendor/gammamatrix/playground-test/src/Feature/Http/Controllers/Resource/Playground/StoreTrait.php" line="136" class="Tests\Feature\Playground\Lead\Resource\Http\Controllers\Playground\GoalRouteTest" classname="Tests.Feature.Playground.Lead.Resource.Http.Controllers.Playground.GoalRouteTest" assertions="4" time="0.425773"/>
        <testcase name="test_json_guest_cannot_unlock" file="/app/vendor/gammamatrix/playground-test/src/Feature/Http/Controllers/Resource/Playground/UnlockJsonTrait.php" line="37" class="Tests\Feature\Playground\Lead\Resource\Http\Controllers\Playground\GoalRouteTest" classname="Tests.Feature.Playground.Lead.Resource.Http.Controllers.Playground.GoalRouteTest" assertions="3" time="0.373570"/>
        <testcase name="test_json_unlock_as_admin_and_succeed" file="/app/vendor/gammamatrix/playground-test/src/Feature/Http/Controllers/Resource/Playground/UnlockJsonTrait.php" line="69" class="Tests\Feature\Playground\Lead\Resource\Http\Controllers\Playground\GoalRouteTest" classname="Tests.Feature.Playground.Lead.Resource.Http.Controllers.Playground.GoalRouteTest" assertions="125" time="0.406539"/>
        <testcase name="test_json_unlock_as_admin_and_succeed_with_no_redirect" file="/app/vendor/gammamatrix/playground-test/src/Feature/Http/Controllers/Resource/Playground/UnlockJsonTrait.php" line="105" class="Tests\Feature\Playground\Lead\Resource\Http\Controllers\Playground\GoalRouteTest" classname="Tests.Feature.Playground.Lead.Resource.Http.Controllers.Playground.GoalRouteTest" assertions="125" time="0.397006"/>
        <testcase name="test_json_unlock_as_user_and_get_denied" file="/app/vendor/gammamatrix/playground-test/src/Feature/Http/Controllers/Resource/Playground/UnlockJsonTrait.php" line="146" class="Tests\Feature\Playground\Lead\Resource\Http\Controllers\Playground\GoalRouteTest" classname="Tests.Feature.Playground.Lead.Resource.Http.Controllers.Playground.GoalRouteTest" assertions="3" time="0.380518"/>
        <testcase name="test_guest_cannot_unlock" file="/app/vendor/gammamatrix/playground-test/src/Feature/Http/Controllers/Resource/Playground/UnlockTrait.php" line="37" class="Tests\Feature\Playground\Lead\Resource\Http\Controllers\Playground\GoalRouteTest" classname="Tests.Feature.Playground.Lead.Resource.Http.Controllers.Playground.GoalRouteTest" assertions="3" time="0.373593"/>
        <testcase name="test_unlock_as_admin_and_succeed" file="/app/vendor/gammamatrix/playground-test/src/Feature/Http/Controllers/Resource/Playground/UnlockTrait.php" line="69" class="Tests\Feature\Playground\Lead\Resource\Http\Controllers\Playground\GoalRouteTest" classname="Tests.Feature.Playground.Lead.Resource.Http.Controllers.Playground.GoalRouteTest" assertions="4" time="0.386847"/>
        <testcase name="test_unlock_as_admin_and_succeed_with_redirect_to_index_with_sorted_by_unlocked_desc" file="/app/vendor/gammamatrix/playground-test/src/Feature/Http/Controllers/Resource/Playground/UnlockTrait.php" line="110" class="Tests\Feature\Playground\Lead\Resource\Http\Controllers\Playground\GoalRouteTest" classname="Tests.Feature.Playground.Lead.Resource.Http.Controllers.Playground.GoalRouteTest" assertions="4" time="0.400110"/>
        <testcase name="test_unlock_as_user_and_get_denied" file="/app/vendor/gammamatrix/playground-test/src/Feature/Http/Controllers/Resource/Playground/UnlockTrait.php" line="149" class="Tests\Feature\Playground\Lead\Resource\Http\Controllers\Playground\GoalRouteTest" classname="Tests.Feature.Playground.Lead.Resource.Http.Controllers.Playground.GoalRouteTest" assertions="3" time="0.386629"/>
        <testcase name="test_json_guest_cannot_update" file="/app/vendor/gammamatrix/playground-test/src/Feature/Http/Controllers/Resource/Playground/UpdateJsonTrait.php" line="46" class="Tests\Feature\Playground\Lead\Resource\Http\Controllers\Playground\GoalRouteTest" classname="Tests.Feature.Playground.Lead.Resource.Http.Controllers.Playground.GoalRouteTest" assertions="1" time="0.369399"/>
        <testcase name="test_json_update_as_admin_without_payload_and_passes_validation" file="/app/vendor/gammamatrix/playground-test/src/Feature/Http/Controllers/Resource/Playground/UpdateJsonTrait.php" line="66" class="Tests\Feature\Playground\Lead\Resource\Http\Controllers\Playground\GoalRouteTest" classname="Tests.Feature.Playground.Lead.Resource.Http.Controllers.Playground.GoalRouteTest" assertions="2" time="0.398901"/>
        <testcase name="test_json_admin_can_update" file="/app/vendor/gammamatrix/playground-test/src/Feature/Http/Controllers/Resource/Playground/UpdateJsonTrait.php" line="114" class="Tests\Feature\Playground\Lead\Resource\Http\Controllers\Playground\GoalRouteTest" classname="Tests.Feature.Playground.Lead.Resource.Http.Controllers.Playground.GoalRouteTest" assertions="127" time="0.441978"/>
        <testcase name="test_guest_cannot_update" file="/app/vendor/gammamatrix/playground-test/src/Feature/Http/Controllers/Resource/Playground/UpdateTrait.php" line="46" class="Tests\Feature\Playground\Lead\Resource\Http\Controllers\Playground\GoalRouteTest" classname="Tests.Feature.Playground.Lead.Resource.Http.Controllers.Playground.GoalRouteTest" assertions="1" time="0.369175"/>
        <testcase name="test_update_as_admin_without_payload_and_passes_validation" file="/app/vendor/gammamatrix/playground-test/src/Feature/Http/Controllers/Resource/Playground/UpdateTrait.php" line="66" class="Tests\Feature\Playground\Lead\Resource\Http\Controllers\Playground\GoalRouteTest" classname="Tests.Feature.Playground.Lead.Resource.Http.Controllers.Playground.GoalRouteTest" assertions="3" time="0.394829"/>
        <testcase name="test_admin_can_update" file="/app/vendor/gammamatrix/playground-test/src/Feature/Http/Controllers/Resource/Playground/UpdateTrait.php" line="117" class="Tests\Feature\Playground\Lead\Resource\Http\Controllers\Playground\GoalRouteTest" classname="Tests.Feature.Playground.Lead.Resource.Http.Controllers.Playground.GoalRouteTest" assertions="6" time="0.446186"/>
        <testcase name="test_admin_can_update_view_with_return_url" file="/app/vendor/gammamatrix/playground-test/src/Feature/Http/Controllers/Resource/Playground/UpdateTrait.php" line="160" class="Tests\Feature\Playground\Lead\Resource\Http\Controllers\Playground\GoalRouteTest" classname="Tests.Feature.Playground.Lead.Resource.Http.Controllers.Playground.GoalRouteTest" assertions="6" time="0.437299"/>
      </testsuite>
      <testsuite name="Tests\Feature\Playground\Lead\Resource\Http\Controllers\Playground\IndexRouteTest" file="/app/tests/Feature/Http/Controllers/Playground/IndexRouteTest.php" tests="2" assertions="3" errors="0" failures="0" skipped="0" time="0.703637">
        <testcase name="test_guest_cannot_render_index_view" file="/app/tests/Feature/Http/Controllers/Playground/IndexRouteTest.php" line="21" class="Tests\Feature\Playground\Lead\Resource\Http\Controllers\Playground\IndexRouteTest" classname="Tests.Feature.Playground.Lead.Resource.Http.Controllers.Playground.IndexRouteTest" assertions="1" time="0.341171"/>
        <testcase name="test_admin_can_render_index_view" file="/app/tests/Feature/Http/Controllers/Playground/IndexRouteTest.php" line="30" class="Tests\Feature\Playground\Lead\Resource\Http\Controllers\Playground\IndexRouteTest" classname="Tests.Feature.Playground.Lead.Resource.Http.Controllers.Playground.IndexRouteTest" assertions="2" time="0.362466"/>
      </testsuite>
      <testsuite name="Tests\Feature\Playground\Lead\Resource\Http\Controllers\Playground\LeadRouteTest" file="/app/tests/Feature/Http/Controllers/Playground/LeadRouteTest.php" tests="73" assertions="1329" errors="0" failures="0" skipped="0" time="28.060571">
        <testcase name="test_json_guest_cannot_get_create_info" file="/app/vendor/gammamatrix/playground-test/src/Feature/Http/Controllers/Resource/Playground/CreateJsonTrait.php" line="39" class="Tests\Feature\Playground\Lead\Resource\Http\Controllers\Playground\LeadRouteTest" classname="Tests.Feature.Playground.Lead.Resource.Http.Controllers.Playground.LeadRouteTest" assertions="1" time="0.343809"/>
        <testcase name="test_json_admin_can_get_create_info" file="/app/vendor/gammamatrix/playground-test/src/Feature/Http/Controllers/Resource/Playground/CreateJsonTrait.php" line="54" class="Tests\Feature\Playground\Lead\Resource\Http\Controllers\Playground\LeadRouteTest" classname="Tests.Feature.Playground.Lead.Resource.Http.Controllers.Playground.LeadRouteTest" assertions="123" time="0.377123"/>
        <testcase name="test_json_get_create_info_as_admin_with_invalid_parameter_and_fail_validation" file="/app/vendor/gammamatrix/playground-test/src/Feature/Http/Controllers/Resource/Playground/CreateJsonTrait.php" line="74" class="Tests\Feature\Playground\Lead\Resource\Http\Controllers\Playground\LeadRouteTest" classname="Tests.Feature.Playground.Lead.Resource.Http.Controllers.Playground.LeadRouteTest" assertions="4" time="0.361552"/>
        <testcase name="test_guest_cannot_render_create_view" file="/app/vendor/gammamatrix/playground-test/src/Feature/Http/Controllers/Resource/Playground/CreateTrait.php" line="34" class="Tests\Feature\Playground\Lead\Resource\Http\Controllers\Playground\LeadRouteTest" classname="Tests.Feature.Playground.Lead.Resource.Http.Controllers.Playground.LeadRouteTest" assertions="1" time="0.343638"/>
        <testcase name="test_admin_can_render_create_view" file="/app/vendor/gammamatrix/playground-test/src/Feature/Http/Controllers/Resource/Playground/CreateTrait.php" line="48" class="Tests\Feature\Playground\Lead\Resource\Http\Controllers\Playground\LeadRouteTest" classname="Tests.Feature.Playground.Lead.Resource.Http.Controllers.Playground.LeadRouteTest" assertions="2" time="0.401071"/>
        <testcase name="test_admin_can_render_create_view_with_return_url" file="/app/vendor/gammamatrix/playground-test/src/Feature/Http/Controllers/Resource/Playground/CreateTrait.php" line="66" class="Tests\Feature\Playground\Lead\Resource\Http\Controllers\Playground\LeadRouteTest" classname="Tests.Feature.Playground.Lead.Resource.Http.Controllers.Playground.LeadRouteTest" assertions="3" time="0.398339"/>
        <testcase name="test_create_view_as_admin_with_invalid_parameter_and_fail_validation_and_redirect" file="/app/vendor/gammamatrix/playground-test/src/Feature/Http/Controllers/Resource/Playground/CreateTrait.php" line="90" class="Tests\Feature\Playground\Lead\Resource\Http\Controllers\Playground\LeadRouteTest" classname="Tests.Feature.Playground.Lead.Resource.Http.Controllers.Playground.LeadRouteTest" assertions="5" time="0.369509"/>
        <testcase name="test_json_guest_cannot_destroy" file="/app/vendor/gammamatrix/playground-test/src/Feature/Http/Controllers/Resource/Playground/DestroyJsonTrait.php" line="32" class="Tests\Feature\Playground\Lead\Resource\Http\Controllers\Playground\LeadRouteTest" classname="Tests.Feature.Playground.Lead.Resource.Http.Controllers.Playground.LeadRouteTest" assertions="3" time="0.363567"/>
        <testcase name="test_json_destroy_as_admin_and_succeed" file="/app/vendor/gammamatrix/playground-test/src/Feature/Http/Controllers/Resource/Playground/DestroyJsonTrait.php" line="62" class="Tests\Feature\Playground\Lead\Resource\Http\Controllers\Playground\LeadRouteTest" classname="Tests.Feature.Playground.Lead.Resource.Http.Controllers.Playground.LeadRouteTest" assertions="5" time="0.370144"/>
        <testcase name="test_json_destroy_as_admin_and_succeed_with_force_delete" file="/app/vendor/gammamatrix/playground-test/src/Feature/Http/Controllers/Resource/Playground/DestroyJsonTrait.php" line="101" class="Tests\Feature\Playground\Lead\Resource\Http\Controllers\Playground\LeadRouteTest" classname="Tests.Feature.Playground.Lead.Resource.Http.Controllers.Playground.LeadRouteTest" assertions="4" time="0.373425"/>
        <testcase name="test_json_destroy_as_admin_and_succeed_with_no_content" file="/app/vendor/gammamatrix/playground-test/src/Feature/Http/Controllers/Resource/Playground/DestroyJsonTrait.php" line="133" class="Tests\Feature\Playground\Lead\Resource\Http\Controllers\Playground\LeadRouteTest" classname="Tests.Feature.Playground.Lead.Resource.Http.Controllers.Playground.LeadRouteTest" assertions="5" time="0.367465"/>
        <testcase name="test_json_destroy_as_admin_and_succeed_and_ignore_redirect" file="/app/vendor/gammamatrix/playground-test/src/Feature/Http/Controllers/Resource/Playground/DestroyJsonTrait.php" line="168" class="Tests\Feature\Playground\Lead\Resource\Http\Controllers\Playground\LeadRouteTest" classname="Tests.Feature.Playground.Lead.Resource.Http.Controllers.Playground.LeadRouteTest" assertions="5" time="0.368832"/>
        <testcase name="test_json_destroy_as_user_and_get_denied_and_no_force_delete_allowed" file="/app/vendor/gammamatrix/playground-test/src/Feature/Http/Controllers/Resource/Playground/DestroyJsonTrait.php" line="210" class="Tests\Feature\Playground\Lead\Resource\Http\Controllers\Playground\LeadRouteTest" classname="Tests.Feature.Playground.Lead.Resource.Http.Controllers.Playground.LeadRouteTest" assertions="3" time="0.368630"/>
        <testcase name="test_guest_cannot_destroy" file="/app/vendor/gammamatrix/playground-test/src/Feature/Http/Controllers/Resource/Playground/DestroyTrait.php" line="32" class="Tests\Feature\Playground\Lead\Resource\Http\Controllers\Playground\LeadRouteTest" classname="Tests.Feature.Playground.Lead.Resource.Http.Controllers.Playground.LeadRouteTest" assertions="3" time="0.367608"/>
        <testcase name="test_destroy_as_admin_and_succeed" file="/app/vendor/gammamatrix/playground-test/src/Feature/Http/Controllers/Resource/Playground/DestroyTrait.php" line="62" class="Tests\Feature\Playground\Lead\Resource\Http\Controllers\Playground\LeadRouteTest" classname="Tests.Feature.Playground.Lead.Resource.Http.Controllers.Playground.LeadRouteTest" assertions="5" time="0.372473"/>
        <testcase name="test_destroy_as_admin_and_succeed_with_force_delete" file="/app/vendor/gammamatrix/playground-test/src/Feature/Http/Controllers/Resource/Playground/DestroyTrait.php" line="98" class="Tests\Feature\Playground\Lead\Resource\Http\Controllers\Playground\LeadRouteTest" classname="Tests.Feature.Playground.Lead.Resource.Http.Controllers.Playground.LeadRouteTest" assertions="4" time="0.367954"/>
        <testcase name="test_destroy_as_admin_and_succeed_with_redirect_to_index_with_trash" file="/app/vendor/gammamatrix/playground-test/src/Feature/Http/Controllers/Resource/Playground/DestroyTrait.php" line="130" class="Tests\Feature\Playground\Lead\Resource\Http\Controllers\Playground\LeadRouteTest" classname="Tests.Feature.Playground.Lead.Resource.Http.Controllers.Playground.LeadRouteTest" assertions="5" time="0.368893"/>
        <testcase name="test_destroy_as_user_and_get_denied_and_no_force_delete_allowed" file="/app/vendor/gammamatrix/playground-test/src/Feature/Http/Controllers/Resource/Playground/DestroyTrait.php" line="172" class="Tests\Feature\Playground\Lead\Resource\Http\Controllers\Playground\LeadRouteTest" classname="Tests.Feature.Playground.Lead.Resource.Http.Controllers.Playground.LeadRouteTest" assertions="3" time="0.367660"/>
        <testcase name="test_json_guest_cannot_get_edit_info" file="/app/vendor/gammamatrix/playground-test/src/Feature/Http/Controllers/Resource/Playground/EditJsonTrait.php" line="39" class="Tests\Feature\Playground\Lead\Resource\Http\Controllers\Playground\LeadRouteTest" classname="Tests.Feature.Playground.Lead.Resource.Http.Controllers.Playground.LeadRouteTest" assertions="1" time="0.362924"/>
        <testcase name="test_json_admin_can_get_edit_info" file="/app/vendor/gammamatrix/playground-test/src/Feature/Http/Controllers/Resource/Playground/EditJsonTrait.php" line="59" class="Tests\Feature\Playground\Lead\Resource\Http\Controllers\Playground\LeadRouteTest" classname="Tests.Feature.Playground.Lead.Resource.Http.Controllers.Playground.LeadRouteTest" assertions="4" time="0.391426"/>
        <testcase name="test_json_edit_as_admin_and_fail_validation_with_invalid_parameter" file="/app/vendor/gammamatrix/playground-test/src/Feature/Http/Controllers/Resource/Playground/EditJsonTrait.php" line="88" class="Tests\Feature\Playground\Lead\Resource\Http\Controllers\Playground\LeadRouteTest" classname="Tests.Feature.Playground.Lead.Resource.Http.Controllers.Playground.LeadRouteTest" assertions="4" time="0.380491"/>
        <testcase name="test_guest_cannot_render_edit_view" file="/app/vendor/gammamatrix/playground-test/src/Feature/Http/Controllers/Resource/Playground/EditTrait.php" line="34" class="Tests\Feature\Playground\Lead\Resource\Http\Controllers\Playground\LeadRouteTest" classname="Tests.Feature.Playground.Lead.Resource.Http.Controllers.Playground.LeadRouteTest" assertions="1" time="0.361743"/>
        <testcase name="test_admin_can_render_edit_view" file="/app/vendor/gammamatrix/playground-test/src/Feature/Http/Controllers/Resource/Playground/EditTrait.php" line="54" class="Tests\Feature\Playground\Lead\Resource\Http\Controllers\Playground\LeadRouteTest" classname="Tests.Feature.Playground.Lead.Resource.Http.Controllers.Playground.LeadRouteTest" assertions="2" time="0.415109"/>
        <testcase name="test_admin_can_render_edit_view_with_return_url" file="/app/vendor/gammamatrix/playground-test/src/Feature/Http/Controllers/Resource/Playground/EditTrait.php" line="78" class="Tests\Feature\Playground\Lead\Resource\Http\Controllers\Playground\LeadRouteTest" classname="Tests.Feature.Playground.Lead.Resource.Http.Controllers.Playground.LeadRouteTest" assertions="3" time="0.416270"/>
        <testcase name="test_edit_view_as_admin_with_invalid_parameter_and_fail_validation_and_redirect" file="/app/vendor/gammamatrix/playground-test/src/Feature/Http/Controllers/Resource/Playground/EditTrait.php" line="107" class="Tests\Feature\Playground\Lead\Resource\Http\Controllers\Playground\LeadRouteTest" classname="Tests.Feature.Playground.Lead.Resource.Http.Controllers.Playground.LeadRouteTest" assertions="4" time="0.383724"/>
        <testcase name="test_json_guest_cannot_get_index" file="/app/vendor/gammamatrix/playground-test/src/Feature/Http/Controllers/Resource/Playground/IndexJsonTrait.php" line="35" class="Tests\Feature\Playground\Lead\Resource\Http\Controllers\Playground\LeadRouteTest" classname="Tests.Feature.Playground.Lead.Resource.Http.Controllers.Playground.LeadRouteTest" assertions="1" time="0.373243"/>
        <testcase name="test_json_admin_can_get_index" file="/app/vendor/gammamatrix/playground-test/src/Feature/Http/Controllers/Resource/Playground/IndexJsonTrait.php" line="50" class="Tests\Feature\Playground\Lead\Resource\Http\Controllers\Playground\LeadRouteTest" classname="Tests.Feature.Playground.Lead.Resource.Http.Controllers.Playground.LeadRouteTest" assertions="127" time="0.390375"/>
        <testcase name="test_json_admin_can_get_index_with_filters" file="/app/vendor/gammamatrix/playground-test/src/Feature/Http/Controllers/Resource/Playground/IndexJsonTrait.php" line="86" class="Tests\Feature\Playground\Lead\Resource\Http\Controllers\Playground\LeadRouteTest" classname="Tests.Feature.Playground.Lead.Resource.Http.Controllers.Playground.LeadRouteTest" assertions="3" time="0.392012"/>
        <testcase name="test_guest_cannot_render_index_view" file="/app/vendor/gammamatrix/playground-test/src/Feature/Http/Controllers/Resource/Playground/IndexTrait.php" line="30" class="Tests\Feature\Playground\Lead\Resource\Http\Controllers\Playground\LeadRouteTest" classname="Tests.Feature.Playground.Lead.Resource.Http.Controllers.Playground.LeadRouteTest" assertions="1" time="0.377587"/>
        <testcase name="test_admin_can_render_index_view" file="/app/vendor/gammamatrix/playground-test/src/Feature/Http/Controllers/Resource/Playground/IndexTrait.php" line="45" class="Tests\Feature\Playground\Lead\Resource\Http\Controllers\Playground\LeadRouteTest" classname="Tests.Feature.Playground.Lead.Resource.Http.Controllers.Playground.LeadRouteTest" assertions="2" time="0.422928"/>
        <testcase name="test_admin_can_render_index_view_with_filters" file="/app/vendor/gammamatrix/playground-test/src/Feature/Http/Controllers/Resource/Playground/IndexTrait.php" line="78" class="Tests\Feature\Playground\Lead\Resource\Http\Controllers\Playground\LeadRouteTest" classname="Tests.Feature.Playground.Lead.Resource.Http.Controllers.Playground.LeadRouteTest" assertions="3" time="0.417667"/>
        <testcase name="test_json_guest_cannot_lock" file="/app/vendor/gammamatrix/playground-test/src/Feature/Http/Controllers/Resource/Playground/LockJsonTrait.php" line="37" class="Tests\Feature\Playground\Lead\Resource\Http\Controllers\Playground\LeadRouteTest" classname="Tests.Feature.Playground.Lead.Resource.Http.Controllers.Playground.LeadRouteTest" assertions="3" time="0.364986"/>
        <testcase name="test_json_lock_as_admin_and_succeed" file="/app/vendor/gammamatrix/playground-test/src/Feature/Http/Controllers/Resource/Playground/LockJsonTrait.php" line="67" class="Tests\Feature\Playground\Lead\Resource\Http\Controllers\Playground\LeadRouteTest" classname="Tests.Feature.Playground.Lead.Resource.Http.Controllers.Playground.LeadRouteTest" assertions="3" time="0.387697"/>
        <testcase name="test_json_lock_as_admin_and_succeed_with_no_redirect" file="/app/vendor/gammamatrix/playground-test/src/Feature/Http/Controllers/Resource/Playground/LockJsonTrait.php" line="99" class="Tests\Feature\Playground\Lead\Resource\Http\Controllers\Playground\LeadRouteTest" classname="Tests.Feature.Playground.Lead.Resource.Http.Controllers.Playground.LeadRouteTest" assertions="125" time="0.385366"/>
        <testcase name="test_json_lock_as_user_and_get_denied" file="/app/vendor/gammamatrix/playground-test/src/Feature/Http/Controllers/Resource/Playground/LockJsonTrait.php" line="144" class="Tests\Feature\Playground\Lead\Resource\Http\Controllers\Playground\LeadRouteTest" classname="Tests.Feature.Playground.Lead.Resource.Http.Controllers.Playground.LeadRouteTest" assertions="3" time="0.372116"/>
        <testcase name="test_guest_cannot_lock" file="/app/vendor/gammamatrix/playground-test/src/Feature/Http/Controllers/Resource/Playground/LockTrait.php" line="32" class="Tests\Feature\Playground\Lead\Resource\Http\Controllers\Playground\LeadRouteTest" classname="Tests.Feature.Playground.Lead.Resource.Http.Controllers.Playground.LeadRouteTest" assertions="3" time="0.372775"/>
        <testcase name="test_lock_as_admin_and_succeed" file="/app/vendor/gammamatrix/playground-test/src/Feature/Http/Controllers/Resource/Playground/LockTrait.php" line="62" class="Tests\Feature\Playground\Lead\Resource\Http\Controllers\Playground\LeadRouteTest" classname="Tests.Feature.Playground.Lead.Resource.Http.Controllers.Playground.LeadRouteTest" assertions="4" time="0.393492"/>
        <testcase name="test_lock_as_admin_and_succeed_with_redirect_to_index_with_sorted_by_locked_desc" file="/app/vendor/gammamatrix/playground-test/src/Feature/Http/Controllers/Resource/Playground/LockTrait.php" line="96" class="Tests\Feature\Playground\Lead\Resource\Http\Controllers\Playground\LeadRouteTest" classname="Tests.Feature.Playground.Lead.Resource.Http.Controllers.Playground.LeadRouteTest" assertions="4" time="0.379151"/>
        <testcase name="test_lock_as_user_and_get_denied" file="/app/vendor/gammamatrix/playground-test/src/Feature/Http/Controllers/Resource/Playground/LockTrait.php" line="133" class="Tests\Feature\Playground\Lead\Resource\Http\Controllers\Playground\LeadRouteTest" classname="Tests.Feature.Playground.Lead.Resource.Http.Controllers.Playground.LeadRouteTest" assertions="3" time="0.376094"/>
        <testcase name="test_json_guest_cannot_restore" file="/app/vendor/gammamatrix/playground-test/src/Feature/Http/Controllers/Resource/Playground/RestoreJsonTrait.php" line="33" class="Tests\Feature\Playground\Lead\Resource\Http\Controllers\Playground\LeadRouteTest" classname="Tests.Feature.Playground.Lead.Resource.Http.Controllers.Playground.LeadRouteTest" assertions="3" time="0.366586"/>
        <testcase name="test_json_restore_as_admin_and_succeed" file="/app/vendor/gammamatrix/playground-test/src/Feature/Http/Controllers/Resource/Playground/RestoreJsonTrait.php" line="65" class="Tests\Feature\Playground\Lead\Resource\Http\Controllers\Playground\LeadRouteTest" classname="Tests.Feature.Playground.Lead.Resource.Http.Controllers.Playground.LeadRouteTest" assertions="125" time="0.386695"/>
        <testcase name="test_json_restore_as_admin_and_succeed_with_no_redirect" file="/app/vendor/gammamatrix/playground-test/src/Feature/Http/Controllers/Resource/Playground/RestoreJsonTrait.php" line="101" class="Tests\Feature\Playground\Lead\Resource\Http\Controllers\Playground\LeadRouteTest" classname="Tests.Feature.Playground.Lead.Resource.Http.Controllers.Playground.LeadRouteTest" assertions="125" time="0.397238"/>
        <testcase name="test_json_restore_as_user_and_get_denied" file="/app/vendor/gammamatrix/playground-test/src/Feature/Http/Controllers/Resource/Playground/RestoreJsonTrait.php" line="144" class="Tests\Feature\Playground\Lead\Resource\Http\Controllers\Playground\LeadRouteTest" classname="Tests.Feature.Playground.Lead.Resource.Http.Controllers.Playground.LeadRouteTest" assertions="3" time="0.390810"/>
        <testcase name="test_guest_cannot_restore" file="/app/vendor/gammamatrix/playground-test/src/Feature/Http/Controllers/Resource/Playground/RestoreTrait.php" line="33" class="Tests\Feature\Playground\Lead\Resource\Http\Controllers\Playground\LeadRouteTest" classname="Tests.Feature.Playground.Lead.Resource.Http.Controllers.Playground.LeadRouteTest" assertions="3" time="0.370027"/>
        <testcase name="test_restore_as_admin_and_succeed" file="/app/vendor/gammamatrix/playground-test/src/Feature/Http/Controllers/Resource/Playground/RestoreTrait.php" line="65" class="Tests\Feature\Playground\Lead\Resource\Http\Controllers\Playground\LeadRouteTest" classname="Tests.Feature.Playground.Lead.Resource.Http.Controllers.Playground.LeadRouteTest" assertions="4" time="0.384628"/>
        <testcase name="test_restore_as_admin_and_succeed_with_redirect_to_index_with_only_trash" file="/app/vendor/gammamatrix/playground-test/src/Feature/Http/Controllers/Resource/Playground/RestoreTrait.php" line="101" class="Tests\Feature\Playground\Lead\Resource\Http\Controllers\Playground\LeadRouteTest" classname="Tests.Feature.Playground.Lead.Resource.Http.Controllers.Playground.LeadRouteTest" assertions="4" time="0.385911"/>
        <testcase name="test_restore_as_user_and_get_denied" file="/app/vendor/gammamatrix/playground-test/src/Feature/Http/Controllers/Resource/Playground/RestoreTrait.php" line="147" class="Tests\Feature\Playground\Lead\Resource\Http\Controllers\Playground\LeadRouteTest" classname="Tests.Feature.Playground.Lead.Resource.Http.Controllers.Playground.LeadRouteTest" assertions="3" time="0.377117"/>
        <testcase name="test_json_guest_cannot_see_info" file="/app/vendor/gammamatrix/playground-test/src/Feature/Http/Controllers/Resource/Playground/ShowJsonTrait.php" line="30" class="Tests\Feature\Playground\Lead\Resource\Http\Controllers\Playground\LeadRouteTest" classname="Tests.Feature.Playground.Lead.Resource.Http.Controllers.Playground.LeadRouteTest" assertions="1" time="0.377831"/>
        <testcase name="test_json_show_info_for_admin" file="/app/vendor/gammamatrix/playground-test/src/Feature/Http/Controllers/Resource/Playground/ShowJsonTrait.php" line="50" class="Tests\Feature\Playground\Lead\Resource\Http\Controllers\Playground\LeadRouteTest" classname="Tests.Feature.Playground.Lead.Resource.Http.Controllers.Playground.LeadRouteTest" assertions="124" time="0.380736"/>
        <testcase name="test_guest_cannot_render_show_view" file="/app/vendor/gammamatrix/playground-test/src/Feature/Http/Controllers/Resource/Playground/ShowTrait.php" line="30" class="Tests\Feature\Playground\Lead\Resource\Http\Controllers\Playground\LeadRouteTest" classname="Tests.Feature.Playground.Lead.Resource.Http.Controllers.Playground.LeadRouteTest" assertions="1" time="0.367171"/>
        <testcase name="test_show_view_rendered_by_admin" file="/app/vendor/gammamatrix/playground-test/src/Feature/Http/Controllers/Resource/Playground/ShowTrait.php" line="50" class="Tests\Feature\Playground\Lead\Resource\Http\Controllers\Playground\LeadRouteTest" classname="Tests.Feature.Playground.Lead.Resource.Http.Controllers.Playground.LeadRouteTest" assertions="2" time="0.397303"/>
        <testcase name="test_json_guest_cannot_store" file="/app/vendor/gammamatrix/playground-test/src/Feature/Http/Controllers/Resource/Playground/StoreJsonTrait.php" line="44" class="Tests\Feature\Playground\Lead\Resource\Http\Controllers\Playground\LeadRouteTest" classname="Tests.Feature.Playground.Lead.Resource.Http.Controllers.Playground.LeadRouteTest" assertions="3" time="0.365463"/>
        <testcase name="test_json_store_as_admin_without_payload_and_fail_validation" file="/app/vendor/gammamatrix/playground-test/src/Feature/Http/Controllers/Resource/Playground/StoreJsonTrait.php" line="67" class="Tests\Feature\Playground\Lead\Resource\Http\Controllers\Playground\LeadRouteTest" classname="Tests.Feature.Playground.Lead.Resource.Http.Controllers.Playground.LeadRouteTest" assertions="5" time="0.380368"/>
        <testcase name="test_json_store_as_admin_and_succeed" file="/app/vendor/gammamatrix/playground-test/src/Feature/Http/Controllers/Resource/Playground/StoreJsonTrait.php" line="93" class="Tests\Feature\Playground\Lead\Resource\Http\Controllers\Playground\LeadRouteTest" classname="Tests.Feature.Playground.Lead.Resource.Http.Controllers.Playground.LeadRouteTest" assertions="3" time="0.420810"/>
        <testcase name="test_guest_cannot_store" file="/app/vendor/gammamatrix/playground-test/src/Feature/Http/Controllers/Resource/Playground/StoreTrait.php" line="39" class="Tests\Feature\Playground\Lead\Resource\Http\Controllers\Playground\LeadRouteTest" classname="Tests.Feature.Playground.Lead.Resource.Http.Controllers.Playground.LeadRouteTest" assertions="3" time="0.364696"/>
        <testcase name="test_store_as_admin_without_payload_and_fail_validation" file="/app/vendor/gammamatrix/playground-test/src/Feature/Http/Controllers/Resource/Playground/StoreTrait.php" line="62" class="Tests\Feature\Playground\Lead\Resource\Http\Controllers\Playground\LeadRouteTest" classname="Tests.Feature.Playground.Lead.Resource.Http.Controllers.Playground.LeadRouteTest" assertions="5" time="0.378141"/>
        <testcase name="test_store_as_admin_and_succeed" file="/app/vendor/gammamatrix/playground-test/src/Feature/Http/Controllers/Resource/Playground/StoreTrait.php" line="91" class="Tests\Feature\Playground\Lead\Resource\Http\Controllers\Playground\LeadRouteTest" classname="Tests.Feature.Playground.Lead.Resource.Http.Controllers.Playground.LeadRouteTest" assertions="4" time="0.409992"/>
        <testcase name="test_store_as_admin_and_succeed_with_return_url" file="/app/vendor/gammamatrix/playground-test/src/Feature/Http/Controllers/Resource/Playground/StoreTrait.php" line="136" class="Tests\Feature\Playground\Lead\Resource\Http\Controllers\Playground\LeadRouteTest" classname="Tests.Feature.Playground.Lead.Resource.Http.Controllers.Playground.LeadRouteTest" assertions="4" time="0.410114"/>
        <testcase name="test_json_guest_cannot_unlock" file="/app/vendor/gammamatrix/playground-test/src/Feature/Http/Controllers/Resource/Playground/UnlockJsonTrait.php" line="37" class="Tests\Feature\Playground\Lead\Resource\Http\Controllers\Playground\LeadRouteTest" classname="Tests.Feature.Playground.Lead.Resource.Http.Controllers.Playground.LeadRouteTest" assertions="3" time="0.369944"/>
        <testcase name="test_json_unlock_as_admin_and_succeed" file="/app/vendor/gammamatrix/playground-test/src/Feature/Http/Controllers/Resource/Playground/UnlockJsonTrait.php" line="69" class="Tests\Feature\Playground\Lead\Resource\Http\Controllers\Playground\LeadRouteTest" classname="Tests.Feature.Playground.Lead.Resource.Http.Controllers.Playground.LeadRouteTest" assertions="125" time="0.399222"/>
        <testcase name="test_json_unlock_as_admin_and_succeed_with_no_redirect" file="/app/vendor/gammamatrix/playground-test/src/Feature/Http/Controllers/Resource/Playground/UnlockJsonTrait.php" line="105" class="Tests\Feature\Playground\Lead\Resource\Http\Controllers\Playground\LeadRouteTest" classname="Tests.Feature.Playground.Lead.Resource.Http.Controllers.Playground.LeadRouteTest" assertions="125" time="0.395238"/>
        <testcase name="test_json_unlock_as_user_and_get_denied" file="/app/vendor/gammamatrix/playground-test/src/Feature/Http/Controllers/Resource/Playground/UnlockJsonTrait.php" line="146" class="Tests\Feature\Playground\Lead\Resource\Http\Controllers\Playground\LeadRouteTest" classname="Tests.Feature.Playground.Lead.Resource.Http.Controllers.Playground.LeadRouteTest" assertions="3" time="0.379473"/>
        <testcase name="test_guest_cannot_unlock" file="/app/vendor/gammamatrix/playground-test/src/Feature/Http/Controllers/Resource/Playground/UnlockTrait.php" line="37" class="Tests\Feature\Playground\Lead\Resource\Http\Controllers\Playground\LeadRouteTest" classname="Tests.Feature.Playground.Lead.Resource.Http.Controllers.Playground.LeadRouteTest" assertions="3" time="0.375083"/>
        <testcase name="test_unlock_as_admin_and_succeed" file="/app/vendor/gammamatrix/playground-test/src/Feature/Http/Controllers/Resource/Playground/UnlockTrait.php" line="69" class="Tests\Feature\Playground\Lead\Resource\Http\Controllers\Playground\LeadRouteTest" classname="Tests.Feature.Playground.Lead.Resource.Http.Controllers.Playground.LeadRouteTest" assertions="4" time="0.390072"/>
        <testcase name="test_unlock_as_admin_and_succeed_with_redirect_to_index_with_sorted_by_unlocked_desc" file="/app/vendor/gammamatrix/playground-test/src/Feature/Http/Controllers/Resource/Playground/UnlockTrait.php" line="110" class="Tests\Feature\Playground\Lead\Resource\Http\Controllers\Playground\LeadRouteTest" classname="Tests.Feature.Playground.Lead.Resource.Http.Controllers.Playground.LeadRouteTest" assertions="4" time="0.390940"/>
        <testcase name="test_unlock_as_user_and_get_denied" file="/app/vendor/gammamatrix/playground-test/src/Feature/Http/Controllers/Resource/Playground/UnlockTrait.php" line="149" class="Tests\Feature\Playground\Lead\Resource\Http\Controllers\Playground\LeadRouteTest" classname="Tests.Feature.Playground.Lead.Resource.Http.Controllers.Playground.LeadRouteTest" assertions="3" time="0.392413"/>
        <testcase name="test_json_guest_cannot_update" file="/app/vendor/gammamatrix/playground-test/src/Feature/Http/Controllers/Resource/Playground/UpdateJsonTrait.php" line="46" class="Tests\Feature\Playground\Lead\Resource\Http\Controllers\Playground\LeadRouteTest" classname="Tests.Feature.Playground.Lead.Resource.Http.Controllers.Playground.LeadRouteTest" assertions="1" time="0.370150"/>
        <testcase name="test_json_update_as_admin_without_payload_and_passes_validation" file="/app/vendor/gammamatrix/playground-test/src/Feature/Http/Controllers/Resource/Playground/UpdateJsonTrait.php" line="66" class="Tests\Feature\Playground\Lead\Resource\Http\Controllers\Playground\LeadRouteTest" classname="Tests.Feature.Playground.Lead.Resource.Http.Controllers.Playground.LeadRouteTest" assertions="2" time="0.402101"/>
        <testcase name="test_json_admin_can_update" file="/app/vendor/gammamatrix/playground-test/src/Feature/Http/Controllers/Resource/Playground/UpdateJsonTrait.php" line="114" class="Tests\Feature\Playground\Lead\Resource\Http\Controllers\Playground\LeadRouteTest" classname="Tests.Feature.Playground.Lead.Resource.Http.Controllers.Playground.LeadRouteTest" assertions="127" time="0.446467"/>
        <testcase name="test_guest_cannot_update" file="/app/vendor/gammamatrix/playground-test/src/Feature/Http/Controllers/Resource/Playground/UpdateTrait.php" line="46" class="Tests\Feature\Playground\Lead\Resource\Http\Controllers\Playground\LeadRouteTest" classname="Tests.Feature.Playground.Lead.Resource.Http.Controllers.Playground.LeadRouteTest" assertions="1" time="0.377724"/>
        <testcase name="test_update_as_admin_without_payload_and_passes_validation" file="/app/vendor/gammamatrix/playground-test/src/Feature/Http/Controllers/Resource/Playground/UpdateTrait.php" line="66" class="Tests\Feature\Playground\Lead\Resource\Http\Controllers\Playground\LeadRouteTest" classname="Tests.Feature.Playground.Lead.Resource.Http.Controllers.Playground.LeadRouteTest" assertions="3" time="0.396628"/>
        <testcase name="test_admin_can_update" file="/app/vendor/gammamatrix/playground-test/src/Feature/Http/Controllers/Resource/Playground/UpdateTrait.php" line="117" class="Tests\Feature\Playground\Lead\Resource\Http\Controllers\Playground\LeadRouteTest" classname="Tests.Feature.Playground.Lead.Resource.Http.Controllers.Playground.LeadRouteTest" assertions="6" time="0.452266"/>
        <testcase name="test_admin_can_update_view_with_return_url" file="/app/vendor/gammamatrix/playground-test/src/Feature/Http/Controllers/Resource/Playground/UpdateTrait.php" line="160" class="Tests\Feature\Playground\Lead\Resource\Http\Controllers\Playground\LeadRouteTest" classname="Tests.Feature.Playground.Lead.Resource.Http.Controllers.Playground.LeadRouteTest" assertions="6" time="0.442345"/>
      </testsuite>
      <testsuite name="Tests\Feature\Playground\Lead\Resource\Http\Controllers\Playground\OpportunityRouteTest" file="/app/tests/Feature/Http/Controllers/Playground/OpportunityRouteTest.php" tests="73" assertions="1329" errors="0" failures="0" skipped="0" time="28.220873">
        <testcase name="test_json_guest_cannot_get_create_info" file="/app/vendor/gammamatrix/playground-test/src/Feature/Http/Controllers/Resource/Playground/CreateJsonTrait.php" line="39" class="Tests\Feature\Playground\Lead\Resource\Http\Controllers\Playground\OpportunityRouteTest" classname="Tests.Feature.Playground.Lead.Resource.Http.Controllers.Playground.OpportunityRouteTest" assertions="1" time="0.348659"/>
        <testcase name="test_json_admin_can_get_create_info" file="/app/vendor/gammamatrix/playground-test/src/Feature/Http/Controllers/Resource/Playground/CreateJsonTrait.php" line="54" class="Tests\Feature\Playground\Lead\Resource\Http\Controllers\Playground\OpportunityRouteTest" classname="Tests.Feature.Playground.Lead.Resource.Http.Controllers.Playground.OpportunityRouteTest" assertions="123" time="0.373262"/>
        <testcase name="test_json_get_create_info_as_admin_with_invalid_parameter_and_fail_validation" file="/app/vendor/gammamatrix/playground-test/src/Feature/Http/Controllers/Resource/Playground/CreateJsonTrait.php" line="74" class="Tests\Feature\Playground\Lead\Resource\Http\Controllers\Playground\OpportunityRouteTest" classname="Tests.Feature.Playground.Lead.Resource.Http.Controllers.Playground.OpportunityRouteTest" assertions="4" time="0.378552"/>
        <testcase name="test_guest_cannot_render_create_view" file="/app/vendor/gammamatrix/playground-test/src/Feature/Http/Controllers/Resource/Playground/CreateTrait.php" line="34" class="Tests\Feature\Playground\Lead\Resource\Http\Controllers\Playground\OpportunityRouteTest" classname="Tests.Feature.Playground.Lead.Resource.Http.Controllers.Playground.OpportunityRouteTest" assertions="1" time="0.345674"/>
        <testcase name="test_admin_can_render_create_view" file="/app/vendor/gammamatrix/playground-test/src/Feature/Http/Controllers/Resource/Playground/CreateTrait.php" line="48" class="Tests\Feature\Playground\Lead\Resource\Http\Controllers\Playground\OpportunityRouteTest" classname="Tests.Feature.Playground.Lead.Resource.Http.Controllers.Playground.OpportunityRouteTest" assertions="2" time="0.408075"/>
        <testcase name="test_admin_can_render_create_view_with_return_url" file="/app/vendor/gammamatrix/playground-test/src/Feature/Http/Controllers/Resource/Playground/CreateTrait.php" line="66" class="Tests\Feature\Playground\Lead\Resource\Http\Controllers\Playground\OpportunityRouteTest" classname="Tests.Feature.Playground.Lead.Resource.Http.Controllers.Playground.OpportunityRouteTest" assertions="3" time="0.397729"/>
        <testcase name="test_create_view_as_admin_with_invalid_parameter_and_fail_validation_and_redirect" file="/app/vendor/gammamatrix/playground-test/src/Feature/Http/Controllers/Resource/Playground/CreateTrait.php" line="90" class="Tests\Feature\Playground\Lead\Resource\Http\Controllers\Playground\OpportunityRouteTest" classname="Tests.Feature.Playground.Lead.Resource.Http.Controllers.Playground.OpportunityRouteTest" assertions="5" time="0.364770"/>
        <testcase name="test_json_guest_cannot_destroy" file="/app/vendor/gammamatrix/playground-test/src/Feature/Http/Controllers/Resource/Playground/DestroyJsonTrait.php" line="32" class="Tests\Feature\Playground\Lead\Resource\Http\Controllers\Playground\OpportunityRouteTest" classname="Tests.Feature.Playground.Lead.Resource.Http.Controllers.Playground.OpportunityRouteTest" assertions="3" time="0.357964"/>
        <testcase name="test_json_destroy_as_admin_and_succeed" file="/app/vendor/gammamatrix/playground-test/src/Feature/Http/Controllers/Resource/Playground/DestroyJsonTrait.php" line="62" class="Tests\Feature\Playground\Lead\Resource\Http\Controllers\Playground\OpportunityRouteTest" classname="Tests.Feature.Playground.Lead.Resource.Http.Controllers.Playground.OpportunityRouteTest" assertions="5" time="0.368408"/>
        <testcase name="test_json_destroy_as_admin_and_succeed_with_force_delete" file="/app/vendor/gammamatrix/playground-test/src/Feature/Http/Controllers/Resource/Playground/DestroyJsonTrait.php" line="101" class="Tests\Feature\Playground\Lead\Resource\Http\Controllers\Playground\OpportunityRouteTest" classname="Tests.Feature.Playground.Lead.Resource.Http.Controllers.Playground.OpportunityRouteTest" assertions="4" time="0.369489"/>
        <testcase name="test_json_destroy_as_admin_and_succeed_with_no_content" file="/app/vendor/gammamatrix/playground-test/src/Feature/Http/Controllers/Resource/Playground/DestroyJsonTrait.php" line="133" class="Tests\Feature\Playground\Lead\Resource\Http\Controllers\Playground\OpportunityRouteTest" classname="Tests.Feature.Playground.Lead.Resource.Http.Controllers.Playground.OpportunityRouteTest" assertions="5" time="0.387774"/>
        <testcase name="test_json_destroy_as_admin_and_succeed_and_ignore_redirect" file="/app/vendor/gammamatrix/playground-test/src/Feature/Http/Controllers/Resource/Playground/DestroyJsonTrait.php" line="168" class="Tests\Feature\Playground\Lead\Resource\Http\Controllers\Playground\OpportunityRouteTest" classname="Tests.Feature.Playground.Lead.Resource.Http.Controllers.Playground.OpportunityRouteTest" assertions="5" time="0.369225"/>
        <testcase name="test_json_destroy_as_user_and_get_denied_and_no_force_delete_allowed" file="/app/vendor/gammamatrix/playground-test/src/Feature/Http/Controllers/Resource/Playground/DestroyJsonTrait.php" line="210" class="Tests\Feature\Playground\Lead\Resource\Http\Controllers\Playground\OpportunityRouteTest" classname="Tests.Feature.Playground.Lead.Resource.Http.Controllers.Playground.OpportunityRouteTest" assertions="3" time="0.366766"/>
        <testcase name="test_guest_cannot_destroy" file="/app/vendor/gammamatrix/playground-test/src/Feature/Http/Controllers/Resource/Playground/DestroyTrait.php" line="32" class="Tests\Feature\Playground\Lead\Resource\Http\Controllers\Playground\OpportunityRouteTest" classname="Tests.Feature.Playground.Lead.Resource.Http.Controllers.Playground.OpportunityRouteTest" assertions="3" time="0.361359"/>
        <testcase name="test_destroy_as_admin_and_succeed" file="/app/vendor/gammamatrix/playground-test/src/Feature/Http/Controllers/Resource/Playground/DestroyTrait.php" line="62" class="Tests\Feature\Playground\Lead\Resource\Http\Controllers\Playground\OpportunityRouteTest" classname="Tests.Feature.Playground.Lead.Resource.Http.Controllers.Playground.OpportunityRouteTest" assertions="5" time="0.389902"/>
        <testcase name="test_destroy_as_admin_and_succeed_with_force_delete" file="/app/vendor/gammamatrix/playground-test/src/Feature/Http/Controllers/Resource/Playground/DestroyTrait.php" line="98" class="Tests\Feature\Playground\Lead\Resource\Http\Controllers\Playground\OpportunityRouteTest" classname="Tests.Feature.Playground.Lead.Resource.Http.Controllers.Playground.OpportunityRouteTest" assertions="4" time="0.370292"/>
        <testcase name="test_destroy_as_admin_and_succeed_with_redirect_to_index_with_trash" file="/app/vendor/gammamatrix/playground-test/src/Feature/Http/Controllers/Resource/Playground/DestroyTrait.php" line="130" class="Tests\Feature\Playground\Lead\Resource\Http\Controllers\Playground\OpportunityRouteTest" classname="Tests.Feature.Playground.Lead.Resource.Http.Controllers.Playground.OpportunityRouteTest" assertions="5" time="0.384542"/>
        <testcase name="test_destroy_as_user_and_get_denied_and_no_force_delete_allowed" file="/app/vendor/gammamatrix/playground-test/src/Feature/Http/Controllers/Resource/Playground/DestroyTrait.php" line="172" class="Tests\Feature\Playground\Lead\Resource\Http\Controllers\Playground\OpportunityRouteTest" classname="Tests.Feature.Playground.Lead.Resource.Http.Controllers.Playground.OpportunityRouteTest" assertions="3" time="0.373870"/>
        <testcase name="test_json_guest_cannot_get_edit_info" file="/app/vendor/gammamatrix/playground-test/src/Feature/Http/Controllers/Resource/Playground/EditJsonTrait.php" line="39" class="Tests\Feature\Playground\Lead\Resource\Http\Controllers\Playground\OpportunityRouteTest" classname="Tests.Feature.Playground.Lead.Resource.Http.Controllers.Playground.OpportunityRouteTest" assertions="1" time="0.362354"/>
        <testcase name="test_json_admin_can_get_edit_info" file="/app/vendor/gammamatrix/playground-test/src/Feature/Http/Controllers/Resource/Playground/EditJsonTrait.php" line="59" class="Tests\Feature\Playground\Lead\Resource\Http\Controllers\Playground\OpportunityRouteTest" classname="Tests.Feature.Playground.Lead.Resource.Http.Controllers.Playground.OpportunityRouteTest" assertions="4" time="0.385803"/>
        <testcase name="test_json_edit_as_admin_and_fail_validation_with_invalid_parameter" file="/app/vendor/gammamatrix/playground-test/src/Feature/Http/Controllers/Resource/Playground/EditJsonTrait.php" line="88" class="Tests\Feature\Playground\Lead\Resource\Http\Controllers\Playground\OpportunityRouteTest" classname="Tests.Feature.Playground.Lead.Resource.Http.Controllers.Playground.OpportunityRouteTest" assertions="4" time="0.379656"/>
        <testcase name="test_guest_cannot_render_edit_view" file="/app/vendor/gammamatrix/playground-test/src/Feature/Http/Controllers/Resource/Playground/EditTrait.php" line="34" class="Tests\Feature\Playground\Lead\Resource\Http\Controllers\Playground\OpportunityRouteTest" classname="Tests.Feature.Playground.Lead.Resource.Http.Controllers.Playground.OpportunityRouteTest" assertions="1" time="0.362382"/>
        <testcase name="test_admin_can_render_edit_view" file="/app/vendor/gammamatrix/playground-test/src/Feature/Http/Controllers/Resource/Playground/EditTrait.php" line="54" class="Tests\Feature\Playground\Lead\Resource\Http\Controllers\Playground\OpportunityRouteTest" classname="Tests.Feature.Playground.Lead.Resource.Http.Controllers.Playground.OpportunityRouteTest" assertions="2" time="0.423621"/>
        <testcase name="test_admin_can_render_edit_view_with_return_url" file="/app/vendor/gammamatrix/playground-test/src/Feature/Http/Controllers/Resource/Playground/EditTrait.php" line="78" class="Tests\Feature\Playground\Lead\Resource\Http\Controllers\Playground\OpportunityRouteTest" classname="Tests.Feature.Playground.Lead.Resource.Http.Controllers.Playground.OpportunityRouteTest" assertions="3" time="0.413524"/>
        <testcase name="test_edit_view_as_admin_with_invalid_parameter_and_fail_validation_and_redirect" file="/app/vendor/gammamatrix/playground-test/src/Feature/Http/Controllers/Resource/Playground/EditTrait.php" line="107" class="Tests\Feature\Playground\Lead\Resource\Http\Controllers\Playground\OpportunityRouteTest" classname="Tests.Feature.Playground.Lead.Resource.Http.Controllers.Playground.OpportunityRouteTest" assertions="4" time="0.381755"/>
        <testcase name="test_json_guest_cannot_get_index" file="/app/vendor/gammamatrix/playground-test/src/Feature/Http/Controllers/Resource/Playground/IndexJsonTrait.php" line="35" class="Tests\Feature\Playground\Lead\Resource\Http\Controllers\Playground\OpportunityRouteTest" classname="Tests.Feature.Playground.Lead.Resource.Http.Controllers.Playground.OpportunityRouteTest" assertions="1" time="0.368283"/>
        <testcase name="test_json_admin_can_get_index" file="/app/vendor/gammamatrix/playground-test/src/Feature/Http/Controllers/Resource/Playground/IndexJsonTrait.php" line="50" class="Tests\Feature\Playground\Lead\Resource\Http\Controllers\Playground\OpportunityRouteTest" classname="Tests.Feature.Playground.Lead.Resource.Http.Controllers.Playground.OpportunityRouteTest" assertions="127" time="0.389769"/>
        <testcase name="test_json_admin_can_get_index_with_filters" file="/app/vendor/gammamatrix/playground-test/src/Feature/Http/Controllers/Resource/Playground/IndexJsonTrait.php" line="86" class="Tests\Feature\Playground\Lead\Resource\Http\Controllers\Playground\OpportunityRouteTest" classname="Tests.Feature.Playground.Lead.Resource.Http.Controllers.Playground.OpportunityRouteTest" assertions="3" time="0.401322"/>
        <testcase name="test_guest_cannot_render_index_view" file="/app/vendor/gammamatrix/playground-test/src/Feature/Http/Controllers/Resource/Playground/IndexTrait.php" line="30" class="Tests\Feature\Playground\Lead\Resource\Http\Controllers\Playground\OpportunityRouteTest" classname="Tests.Feature.Playground.Lead.Resource.Http.Controllers.Playground.OpportunityRouteTest" assertions="1" time="0.362047"/>
        <testcase name="test_admin_can_render_index_view" file="/app/vendor/gammamatrix/playground-test/src/Feature/Http/Controllers/Resource/Playground/IndexTrait.php" line="45" class="Tests\Feature\Playground\Lead\Resource\Http\Controllers\Playground\OpportunityRouteTest" classname="Tests.Feature.Playground.Lead.Resource.Http.Controllers.Playground.OpportunityRouteTest" assertions="2" time="0.418702"/>
        <testcase name="test_admin_can_render_index_view_with_filters" file="/app/vendor/gammamatrix/playground-test/src/Feature/Http/Controllers/Resource/Playground/IndexTrait.php" line="78" class="Tests\Feature\Playground\Lead\Resource\Http\Controllers\Playground\OpportunityRouteTest" classname="Tests.Feature.Playground.Lead.Resource.Http.Controllers.Playground.OpportunityRouteTest" assertions="3" time="0.418131"/>
        <testcase name="test_json_guest_cannot_lock" file="/app/vendor/gammamatrix/playground-test/src/Feature/Http/Controllers/Resource/Playground/LockJsonTrait.php" line="37" class="Tests\Feature\Playground\Lead\Resource\Http\Controllers\Playground\OpportunityRouteTest" classname="Tests.Feature.Playground.Lead.Resource.Http.Controllers.Playground.OpportunityRouteTest" assertions="3" time="0.367695"/>
        <testcase name="test_json_lock_as_admin_and_succeed" file="/app/vendor/gammamatrix/playground-test/src/Feature/Http/Controllers/Resource/Playground/LockJsonTrait.php" line="67" class="Tests\Feature\Playground\Lead\Resource\Http\Controllers\Playground\OpportunityRouteTest" classname="Tests.Feature.Playground.Lead.Resource.Http.Controllers.Playground.OpportunityRouteTest" assertions="3" time="0.387832"/>
        <testcase name="test_json_lock_as_admin_and_succeed_with_no_redirect" file="/app/vendor/gammamatrix/playground-test/src/Feature/Http/Controllers/Resource/Playground/LockJsonTrait.php" line="99" class="Tests\Feature\Playground\Lead\Resource\Http\Controllers\Playground\OpportunityRouteTest" classname="Tests.Feature.Playground.Lead.Resource.Http.Controllers.Playground.OpportunityRouteTest" assertions="125" time="0.408121"/>
        <testcase name="test_json_lock_as_user_and_get_denied" file="/app/vendor/gammamatrix/playground-test/src/Feature/Http/Controllers/Resource/Playground/LockJsonTrait.php" line="144" class="Tests\Feature\Playground\Lead\Resource\Http\Controllers\Playground\OpportunityRouteTest" classname="Tests.Feature.Playground.Lead.Resource.Http.Controllers.Playground.OpportunityRouteTest" assertions="3" time="0.375972"/>
        <testcase name="test_guest_cannot_lock" file="/app/vendor/gammamatrix/playground-test/src/Feature/Http/Controllers/Resource/Playground/LockTrait.php" line="32" class="Tests\Feature\Playground\Lead\Resource\Http\Controllers\Playground\OpportunityRouteTest" classname="Tests.Feature.Playground.Lead.Resource.Http.Controllers.Playground.OpportunityRouteTest" assertions="3" time="0.372797"/>
        <testcase name="test_lock_as_admin_and_succeed" file="/app/vendor/gammamatrix/playground-test/src/Feature/Http/Controllers/Resource/Playground/LockTrait.php" line="62" class="Tests\Feature\Playground\Lead\Resource\Http\Controllers\Playground\OpportunityRouteTest" classname="Tests.Feature.Playground.Lead.Resource.Http.Controllers.Playground.OpportunityRouteTest" assertions="4" time="0.388544"/>
        <testcase name="test_lock_as_admin_and_succeed_with_redirect_to_index_with_sorted_by_locked_desc" file="/app/vendor/gammamatrix/playground-test/src/Feature/Http/Controllers/Resource/Playground/LockTrait.php" line="96" class="Tests\Feature\Playground\Lead\Resource\Http\Controllers\Playground\OpportunityRouteTest" classname="Tests.Feature.Playground.Lead.Resource.Http.Controllers.Playground.OpportunityRouteTest" assertions="4" time="0.397033"/>
        <testcase name="test_lock_as_user_and_get_denied" file="/app/vendor/gammamatrix/playground-test/src/Feature/Http/Controllers/Resource/Playground/LockTrait.php" line="133" class="Tests\Feature\Playground\Lead\Resource\Http\Controllers\Playground\OpportunityRouteTest" classname="Tests.Feature.Playground.Lead.Resource.Http.Controllers.Playground.OpportunityRouteTest" assertions="3" time="0.382529"/>
        <testcase name="test_json_guest_cannot_restore" file="/app/vendor/gammamatrix/playground-test/src/Feature/Http/Controllers/Resource/Playground/RestoreJsonTrait.php" line="33" class="Tests\Feature\Playground\Lead\Resource\Http\Controllers\Playground\OpportunityRouteTest" classname="Tests.Feature.Playground.Lead.Resource.Http.Controllers.Playground.OpportunityRouteTest" assertions="3" time="0.376863"/>
        <testcase name="test_json_restore_as_admin_and_succeed" file="/app/vendor/gammamatrix/playground-test/src/Feature/Http/Controllers/Resource/Playground/RestoreJsonTrait.php" line="65" class="Tests\Feature\Playground\Lead\Resource\Http\Controllers\Playground\OpportunityRouteTest" classname="Tests.Feature.Playground.Lead.Resource.Http.Controllers.Playground.OpportunityRouteTest" assertions="125" time="0.392735"/>
        <testcase name="test_json_restore_as_admin_and_succeed_with_no_redirect" file="/app/vendor/gammamatrix/playground-test/src/Feature/Http/Controllers/Resource/Playground/RestoreJsonTrait.php" line="101" class="Tests\Feature\Playground\Lead\Resource\Http\Controllers\Playground\OpportunityRouteTest" classname="Tests.Feature.Playground.Lead.Resource.Http.Controllers.Playground.OpportunityRouteTest" assertions="125" time="0.390987"/>
        <testcase name="test_json_restore_as_user_and_get_denied" file="/app/vendor/gammamatrix/playground-test/src/Feature/Http/Controllers/Resource/Playground/RestoreJsonTrait.php" line="144" class="Tests\Feature\Playground\Lead\Resource\Http\Controllers\Playground\OpportunityRouteTest" classname="Tests.Feature.Playground.Lead.Resource.Http.Controllers.Playground.OpportunityRouteTest" assertions="3" time="0.376058"/>
        <testcase name="test_guest_cannot_restore" file="/app/vendor/gammamatrix/playground-test/src/Feature/Http/Controllers/Resource/Playground/RestoreTrait.php" line="33" class="Tests\Feature\Playground\Lead\Resource\Http\Controllers\Playground\OpportunityRouteTest" classname="Tests.Feature.Playground.Lead.Resource.Http.Controllers.Playground.OpportunityRouteTest" assertions="3" time="0.368737"/>
        <testcase name="test_restore_as_admin_and_succeed" file="/app/vendor/gammamatrix/playground-test/src/Feature/Http/Controllers/Resource/Playground/RestoreTrait.php" line="65" class="Tests\Feature\Playground\Lead\Resource\Http\Controllers\Playground\OpportunityRouteTest" classname="Tests.Feature.Playground.Lead.Resource.Http.Controllers.Playground.OpportunityRouteTest" assertions="4" time="0.386252"/>
        <testcase name="test_restore_as_admin_and_succeed_with_redirect_to_index_with_only_trash" file="/app/vendor/gammamatrix/playground-test/src/Feature/Http/Controllers/Resource/Playground/RestoreTrait.php" line="101" class="Tests\Feature\Playground\Lead\Resource\Http\Controllers\Playground\OpportunityRouteTest" classname="Tests.Feature.Playground.Lead.Resource.Http.Controllers.Playground.OpportunityRouteTest" assertions="4" time="0.390221"/>
        <testcase name="test_restore_as_user_and_get_denied" file="/app/vendor/gammamatrix/playground-test/src/Feature/Http/Controllers/Resource/Playground/RestoreTrait.php" line="147" class="Tests\Feature\Playground\Lead\Resource\Http\Controllers\Playground\OpportunityRouteTest" classname="Tests.Feature.Playground.Lead.Resource.Http.Controllers.Playground.OpportunityRouteTest" assertions="3" time="0.380774"/>
        <testcase name="test_json_guest_cannot_see_info" file="/app/vendor/gammamatrix/playground-test/src/Feature/Http/Controllers/Resource/Playground/ShowJsonTrait.php" line="30" class="Tests\Feature\Playground\Lead\Resource\Http\Controllers\Playground\OpportunityRouteTest" classname="Tests.Feature.Playground.Lead.Resource.Http.Controllers.Playground.OpportunityRouteTest" assertions="1" time="0.367035"/>
        <testcase name="test_json_show_info_for_admin" file="/app/vendor/gammamatrix/playground-test/src/Feature/Http/Controllers/Resource/Playground/ShowJsonTrait.php" line="50" class="Tests\Feature\Playground\Lead\Resource\Http\Controllers\Playground\OpportunityRouteTest" classname="Tests.Feature.Playground.Lead.Resource.Http.Controllers.Playground.OpportunityRouteTest" assertions="124" time="0.398545"/>
        <testcase name="test_guest_cannot_render_show_view" file="/app/vendor/gammamatrix/playground-test/src/Feature/Http/Controllers/Resource/Playground/ShowTrait.php" line="30" class="Tests\Feature\Playground\Lead\Resource\Http\Controllers\Playground\OpportunityRouteTest" classname="Tests.Feature.Playground.Lead.Resource.Http.Controllers.Playground.OpportunityRouteTest" assertions="1" time="0.369455"/>
        <testcase name="test_show_view_rendered_by_admin" file="/app/vendor/gammamatrix/playground-test/src/Feature/Http/Controllers/Resource/Playground/ShowTrait.php" line="50" class="Tests\Feature\Playground\Lead\Resource\Http\Controllers\Playground\OpportunityRouteTest" classname="Tests.Feature.Playground.Lead.Resource.Http.Controllers.Playground.OpportunityRouteTest" assertions="2" time="0.396232"/>
        <testcase name="test_json_guest_cannot_store" file="/app/vendor/gammamatrix/playground-test/src/Feature/Http/Controllers/Resource/Playground/StoreJsonTrait.php" line="44" class="Tests\Feature\Playground\Lead\Resource\Http\Controllers\Playground\OpportunityRouteTest" classname="Tests.Feature.Playground.Lead.Resource.Http.Controllers.Playground.OpportunityRouteTest" assertions="3" time="0.374166"/>
        <testcase name="test_json_store_as_admin_without_payload_and_fail_validation" file="/app/vendor/gammamatrix/playground-test/src/Feature/Http/Controllers/Resource/Playground/StoreJsonTrait.php" line="67" class="Tests\Feature\Playground\Lead\Resource\Http\Controllers\Playground\OpportunityRouteTest" classname="Tests.Feature.Playground.Lead.Resource.Http.Controllers.Playground.OpportunityRouteTest" assertions="5" time="0.390657"/>
        <testcase name="test_json_store_as_admin_and_succeed" file="/app/vendor/gammamatrix/playground-test/src/Feature/Http/Controllers/Resource/Playground/StoreJsonTrait.php" line="93" class="Tests\Feature\Playground\Lead\Resource\Http\Controllers\Playground\OpportunityRouteTest" classname="Tests.Feature.Playground.Lead.Resource.Http.Controllers.Playground.OpportunityRouteTest" assertions="3" time="0.412883"/>
        <testcase name="test_guest_cannot_store" file="/app/vendor/gammamatrix/playground-test/src/Feature/Http/Controllers/Resource/Playground/StoreTrait.php" line="39" class="Tests\Feature\Playground\Lead\Resource\Http\Controllers\Playground\OpportunityRouteTest" classname="Tests.Feature.Playground.Lead.Resource.Http.Controllers.Playground.OpportunityRouteTest" assertions="3" time="0.364364"/>
        <testcase name="test_store_as_admin_without_payload_and_fail_validation" file="/app/vendor/gammamatrix/playground-test/src/Feature/Http/Controllers/Resource/Playground/StoreTrait.php" line="62" class="Tests\Feature\Playground\Lead\Resource\Http\Controllers\Playground\OpportunityRouteTest" classname="Tests.Feature.Playground.Lead.Resource.Http.Controllers.Playground.OpportunityRouteTest" assertions="5" time="0.379746"/>
        <testcase name="test_store_as_admin_and_succeed" file="/app/vendor/gammamatrix/playground-test/src/Feature/Http/Controllers/Resource/Playground/StoreTrait.php" line="91" class="Tests\Feature\Playground\Lead\Resource\Http\Controllers\Playground\OpportunityRouteTest" classname="Tests.Feature.Playground.Lead.Resource.Http.Controllers.Playground.OpportunityRouteTest" assertions="4" time="0.410697"/>
        <testcase name="test_store_as_admin_and_succeed_with_return_url" file="/app/vendor/gammamatrix/playground-test/src/Feature/Http/Controllers/Resource/Playground/StoreTrait.php" line="136" class="Tests\Feature\Playground\Lead\Resource\Http\Controllers\Playground\OpportunityRouteTest" classname="Tests.Feature.Playground.Lead.Resource.Http.Controllers.Playground.OpportunityRouteTest" assertions="4" time="0.422264"/>
        <testcase name="test_json_guest_cannot_unlock" file="/app/vendor/gammamatrix/playground-test/src/Feature/Http/Controllers/Resource/Playground/UnlockJsonTrait.php" line="37" class="Tests\Feature\Playground\Lead\Resource\Http\Controllers\Playground\OpportunityRouteTest" classname="Tests.Feature.Playground.Lead.Resource.Http.Controllers.Playground.OpportunityRouteTest" assertions="3" time="0.377509"/>
        <testcase name="test_json_unlock_as_admin_and_succeed" file="/app/vendor/gammamatrix/playground-test/src/Feature/Http/Controllers/Resource/Playground/UnlockJsonTrait.php" line="69" class="Tests\Feature\Playground\Lead\Resource\Http\Controllers\Playground\OpportunityRouteTest" classname="Tests.Feature.Playground.Lead.Resource.Http.Controllers.Playground.OpportunityRouteTest" assertions="125" time="0.411603"/>
        <testcase name="test_json_unlock_as_admin_and_succeed_with_no_redirect" file="/app/vendor/gammamatrix/playground-test/src/Feature/Http/Controllers/Resource/Playground/UnlockJsonTrait.php" line="105" class="Tests\Feature\Playground\Lead\Resource\Http\Controllers\Playground\OpportunityRouteTest" classname="Tests.Feature.Playground.Lead.Resource.Http.Controllers.Playground.OpportunityRouteTest" assertions="125" time="0.394373"/>
        <testcase name="test_json_unlock_as_user_and_get_denied" file="/app/vendor/gammamatrix/playground-test/src/Feature/Http/Controllers/Resource/Playground/UnlockJsonTrait.php" line="146" class="Tests\Feature\Playground\Lead\Resource\Http\Controllers\Playground\OpportunityRouteTest" classname="Tests.Feature.Playground.Lead.Resource.Http.Controllers.Playground.OpportunityRouteTest" assertions="3" time="0.394836"/>
        <testcase name="test_guest_cannot_unlock" file="/app/vendor/gammamatrix/playground-test/src/Feature/Http/Controllers/Resource/Playground/UnlockTrait.php" line="37" class="Tests\Feature\Playground\Lead\Resource\Http\Controllers\Playground\OpportunityRouteTest" classname="Tests.Feature.Playground.Lead.Resource.Http.Controllers.Playground.OpportunityRouteTest" assertions="3" time="0.372876"/>
        <testcase name="test_unlock_as_admin_and_succeed" file="/app/vendor/gammamatrix/playground-test/src/Feature/Http/Controllers/Resource/Playground/UnlockTrait.php" line="69" class="Tests\Feature\Playground\Lead\Resource\Http\Controllers\Playground\OpportunityRouteTest" classname="Tests.Feature.Playground.Lead.Resource.Http.Controllers.Playground.OpportunityRouteTest" assertions="4" time="0.396948"/>
        <testcase name="test_unlock_as_admin_and_succeed_with_redirect_to_index_with_sorted_by_unlocked_desc" file="/app/vendor/gammamatrix/playground-test/src/Feature/Http/Controllers/Resource/Playground/UnlockTrait.php" line="110" class="Tests\Feature\Playground\Lead\Resource\Http\Controllers\Playground\OpportunityRouteTest" classname="Tests.Feature.Playground.Lead.Resource.Http.Controllers.Playground.OpportunityRouteTest" assertions="4" time="0.389138"/>
        <testcase name="test_unlock_as_user_and_get_denied" file="/app/vendor/gammamatrix/playground-test/src/Feature/Http/Controllers/Resource/Playground/UnlockTrait.php" line="149" class="Tests\Feature\Playground\Lead\Resource\Http\Controllers\Playground\OpportunityRouteTest" classname="Tests.Feature.Playground.Lead.Resource.Http.Controllers.Playground.OpportunityRouteTest" assertions="3" time="0.381412"/>
        <testcase name="test_json_guest_cannot_update" file="/app/vendor/gammamatrix/playground-test/src/Feature/Http/Controllers/Resource/Playground/UpdateJsonTrait.php" line="46" class="Tests\Feature\Playground\Lead\Resource\Http\Controllers\Playground\OpportunityRouteTest" classname="Tests.Feature.Playground.Lead.Resource.Http.Controllers.Playground.OpportunityRouteTest" assertions="1" time="0.369003"/>
        <testcase name="test_json_update_as_admin_without_payload_and_passes_validation" file="/app/vendor/gammamatrix/playground-test/src/Feature/Http/Controllers/Resource/Playground/UpdateJsonTrait.php" line="66" class="Tests\Feature\Playground\Lead\Resource\Http\Controllers\Playground\OpportunityRouteTest" classname="Tests.Feature.Playground.Lead.Resource.Http.Controllers.Playground.OpportunityRouteTest" assertions="2" time="0.400699"/>
        <testcase name="test_json_admin_can_update" file="/app/vendor/gammamatrix/playground-test/src/Feature/Http/Controllers/Resource/Playground/UpdateJsonTrait.php" line="114" class="Tests\Feature\Playground\Lead\Resource\Http\Controllers\Playground\OpportunityRouteTest" classname="Tests.Feature.Playground.Lead.Resource.Http.Controllers.Playground.OpportunityRouteTest" assertions="127" time="0.443692"/>
        <testcase name="test_guest_cannot_update" file="/app/vendor/gammamatrix/playground-test/src/Feature/Http/Controllers/Resource/Playground/UpdateTrait.php" line="46" class="Tests\Feature\Playground\Lead\Resource\Http\Controllers\Playground\OpportunityRouteTest" classname="Tests.Feature.Playground.Lead.Resource.Http.Controllers.Playground.OpportunityRouteTest" assertions="1" time="0.383739"/>
        <testcase name="test_update_as_admin_without_payload_and_passes_validation" file="/app/vendor/gammamatrix/playground-test/src/Feature/Http/Controllers/Resource/Playground/UpdateTrait.php" line="66" class="Tests\Feature\Playground\Lead\Resource\Http\Controllers\Playground\OpportunityRouteTest" classname="Tests.Feature.Playground.Lead.Resource.Http.Controllers.Playground.OpportunityRouteTest" assertions="3" time="0.412510"/>
        <testcase name="test_admin_can_update" file="/app/vendor/gammamatrix/playground-test/src/Feature/Http/Controllers/Resource/Playground/UpdateTrait.php" line="117" class="Tests\Feature\Playground\Lead\Resource\Http\Controllers\Playground\OpportunityRouteTest" classname="Tests.Feature.Playground.Lead.Resource.Http.Controllers.Playground.OpportunityRouteTest" assertions="6" time="0.439220"/>
        <testcase name="test_admin_can_update_view_with_return_url" file="/app/vendor/gammamatrix/playground-test/src/Feature/Http/Controllers/Resource/Playground/UpdateTrait.php" line="160" class="Tests\Feature\Playground\Lead\Resource\Http\Controllers\Playground\OpportunityRouteTest" classname="Tests.Feature.Playground.Lead.Resource.Http.Controllers.Playground.OpportunityRouteTest" assertions="6" time="0.440460"/>
      </testsuite>
      <testsuite name="Tests\Feature\Playground\Lead\Resource\Http\Controllers\Playground\PlanRouteTest" file="/app/tests/Feature/Http/Controllers/Playground/PlanRouteTest.php" tests="73" assertions="1329" errors="0" failures="0" skipped="0" time="28.282721">
        <testcase name="test_json_guest_cannot_get_create_info" file="/app/vendor/gammamatrix/playground-test/src/Feature/Http/Controllers/Resource/Playground/CreateJsonTrait.php" line="39" class="Tests\Feature\Playground\Lead\Resource\Http\Controllers\Playground\PlanRouteTest" classname="Tests.Feature.Playground.Lead.Resource.Http.Controllers.Playground.PlanRouteTest" assertions="1" time="0.345690"/>
        <testcase name="test_json_admin_can_get_create_info" file="/app/vendor/gammamatrix/playground-test/src/Feature/Http/Controllers/Resource/Playground/CreateJsonTrait.php" line="54" class="Tests\Feature\Playground\Lead\Resource\Http\Controllers\Playground\PlanRouteTest" classname="Tests.Feature.Playground.Lead.Resource.Http.Controllers.Playground.PlanRouteTest" assertions="123" time="0.377837"/>
        <testcase name="test_json_get_create_info_as_admin_with_invalid_parameter_and_fail_validation" file="/app/vendor/gammamatrix/playground-test/src/Feature/Http/Controllers/Resource/Playground/CreateJsonTrait.php" line="74" class="Tests\Feature\Playground\Lead\Resource\Http\Controllers\Playground\PlanRouteTest" classname="Tests.Feature.Playground.Lead.Resource.Http.Controllers.Playground.PlanRouteTest" assertions="4" time="0.364811"/>
        <testcase name="test_guest_cannot_render_create_view" file="/app/vendor/gammamatrix/playground-test/src/Feature/Http/Controllers/Resource/Playground/CreateTrait.php" line="34" class="Tests\Feature\Playground\Lead\Resource\Http\Controllers\Playground\PlanRouteTest" classname="Tests.Feature.Playground.Lead.Resource.Http.Controllers.Playground.PlanRouteTest" assertions="1" time="0.346043"/>
        <testcase name="test_admin_can_render_create_view" file="/app/vendor/gammamatrix/playground-test/src/Feature/Http/Controllers/Resource/Playground/CreateTrait.php" line="48" class="Tests\Feature\Playground\Lead\Resource\Http\Controllers\Playground\PlanRouteTest" classname="Tests.Feature.Playground.Lead.Resource.Http.Controllers.Playground.PlanRouteTest" assertions="2" time="0.401538"/>
        <testcase name="test_admin_can_render_create_view_with_return_url" file="/app/vendor/gammamatrix/playground-test/src/Feature/Http/Controllers/Resource/Playground/CreateTrait.php" line="66" class="Tests\Feature\Playground\Lead\Resource\Http\Controllers\Playground\PlanRouteTest" classname="Tests.Feature.Playground.Lead.Resource.Http.Controllers.Playground.PlanRouteTest" assertions="3" time="0.400802"/>
        <testcase name="test_create_view_as_admin_with_invalid_parameter_and_fail_validation_and_redirect" file="/app/vendor/gammamatrix/playground-test/src/Feature/Http/Controllers/Resource/Playground/CreateTrait.php" line="90" class="Tests\Feature\Playground\Lead\Resource\Http\Controllers\Playground\PlanRouteTest" classname="Tests.Feature.Playground.Lead.Resource.Http.Controllers.Playground.PlanRouteTest" assertions="5" time="0.367394"/>
        <testcase name="test_json_guest_cannot_destroy" file="/app/vendor/gammamatrix/playground-test/src/Feature/Http/Controllers/Resource/Playground/DestroyJsonTrait.php" line="32" class="Tests\Feature\Playground\Lead\Resource\Http\Controllers\Playground\PlanRouteTest" classname="Tests.Feature.Playground.Lead.Resource.Http.Controllers.Playground.PlanRouteTest" assertions="3" time="0.369818"/>
        <testcase name="test_json_destroy_as_admin_and_succeed" file="/app/vendor/gammamatrix/playground-test/src/Feature/Http/Controllers/Resource/Playground/DestroyJsonTrait.php" line="62" class="Tests\Feature\Playground\Lead\Resource\Http\Controllers\Playground\PlanRouteTest" classname="Tests.Feature.Playground.Lead.Resource.Http.Controllers.Playground.PlanRouteTest" assertions="5" time="0.368023"/>
        <testcase name="test_json_destroy_as_admin_and_succeed_with_force_delete" file="/app/vendor/gammamatrix/playground-test/src/Feature/Http/Controllers/Resource/Playground/DestroyJsonTrait.php" line="101" class="Tests\Feature\Playground\Lead\Resource\Http\Controllers\Playground\PlanRouteTest" classname="Tests.Feature.Playground.Lead.Resource.Http.Controllers.Playground.PlanRouteTest" assertions="4" time="0.370215"/>
        <testcase name="test_json_destroy_as_admin_and_succeed_with_no_content" file="/app/vendor/gammamatrix/playground-test/src/Feature/Http/Controllers/Resource/Playground/DestroyJsonTrait.php" line="133" class="Tests\Feature\Playground\Lead\Resource\Http\Controllers\Playground\PlanRouteTest" classname="Tests.Feature.Playground.Lead.Resource.Http.Controllers.Playground.PlanRouteTest" assertions="5" time="0.368265"/>
        <testcase name="test_json_destroy_as_admin_and_succeed_and_ignore_redirect" file="/app/vendor/gammamatrix/playground-test/src/Feature/Http/Controllers/Resource/Playground/DestroyJsonTrait.php" line="168" class="Tests\Feature\Playground\Lead\Resource\Http\Controllers\Playground\PlanRouteTest" classname="Tests.Feature.Playground.Lead.Resource.Http.Controllers.Playground.PlanRouteTest" assertions="5" time="0.368803"/>
        <testcase name="test_json_destroy_as_user_and_get_denied_and_no_force_delete_allowed" file="/app/vendor/gammamatrix/playground-test/src/Feature/Http/Controllers/Resource/Playground/DestroyJsonTrait.php" line="210" class="Tests\Feature\Playground\Lead\Resource\Http\Controllers\Playground\PlanRouteTest" classname="Tests.Feature.Playground.Lead.Resource.Http.Controllers.Playground.PlanRouteTest" assertions="3" time="0.369754"/>
        <testcase name="test_guest_cannot_destroy" file="/app/vendor/gammamatrix/playground-test/src/Feature/Http/Controllers/Resource/Playground/DestroyTrait.php" line="32" class="Tests\Feature\Playground\Lead\Resource\Http\Controllers\Playground\PlanRouteTest" classname="Tests.Feature.Playground.Lead.Resource.Http.Controllers.Playground.PlanRouteTest" assertions="3" time="0.365586"/>
        <testcase name="test_destroy_as_admin_and_succeed" file="/app/vendor/gammamatrix/playground-test/src/Feature/Http/Controllers/Resource/Playground/DestroyTrait.php" line="62" class="Tests\Feature\Playground\Lead\Resource\Http\Controllers\Playground\PlanRouteTest" classname="Tests.Feature.Playground.Lead.Resource.Http.Controllers.Playground.PlanRouteTest" assertions="5" time="0.373283"/>
        <testcase name="test_destroy_as_admin_and_succeed_with_force_delete" file="/app/vendor/gammamatrix/playground-test/src/Feature/Http/Controllers/Resource/Playground/DestroyTrait.php" line="98" class="Tests\Feature\Playground\Lead\Resource\Http\Controllers\Playground\PlanRouteTest" classname="Tests.Feature.Playground.Lead.Resource.Http.Controllers.Playground.PlanRouteTest" assertions="4" time="0.373539"/>
        <testcase name="test_destroy_as_admin_and_succeed_with_redirect_to_index_with_trash" file="/app/vendor/gammamatrix/playground-test/src/Feature/Http/Controllers/Resource/Playground/DestroyTrait.php" line="130" class="Tests\Feature\Playground\Lead\Resource\Http\Controllers\Playground\PlanRouteTest" classname="Tests.Feature.Playground.Lead.Resource.Http.Controllers.Playground.PlanRouteTest" assertions="5" time="0.375191"/>
        <testcase name="test_destroy_as_user_and_get_denied_and_no_force_delete_allowed" file="/app/vendor/gammamatrix/playground-test/src/Feature/Http/Controllers/Resource/Playground/DestroyTrait.php" line="172" class="Tests\Feature\Playground\Lead\Resource\Http\Controllers\Playground\PlanRouteTest" classname="Tests.Feature.Playground.Lead.Resource.Http.Controllers.Playground.PlanRouteTest" assertions="3" time="0.371856"/>
        <testcase name="test_json_guest_cannot_get_edit_info" file="/app/vendor/gammamatrix/playground-test/src/Feature/Http/Controllers/Resource/Playground/EditJsonTrait.php" line="39" class="Tests\Feature\Playground\Lead\Resource\Http\Controllers\Playground\PlanRouteTest" classname="Tests.Feature.Playground.Lead.Resource.Http.Controllers.Playground.PlanRouteTest" assertions="1" time="0.364314"/>
        <testcase name="test_json_admin_can_get_edit_info" file="/app/vendor/gammamatrix/playground-test/src/Feature/Http/Controllers/Resource/Playground/EditJsonTrait.php" line="59" class="Tests\Feature\Playground\Lead\Resource\Http\Controllers\Playground\PlanRouteTest" classname="Tests.Feature.Playground.Lead.Resource.Http.Controllers.Playground.PlanRouteTest" assertions="4" time="0.401639"/>
        <testcase name="test_json_edit_as_admin_and_fail_validation_with_invalid_parameter" file="/app/vendor/gammamatrix/playground-test/src/Feature/Http/Controllers/Resource/Playground/EditJsonTrait.php" line="88" class="Tests\Feature\Playground\Lead\Resource\Http\Controllers\Playground\PlanRouteTest" classname="Tests.Feature.Playground.Lead.Resource.Http.Controllers.Playground.PlanRouteTest" assertions="4" time="0.387906"/>
        <testcase name="test_guest_cannot_render_edit_view" file="/app/vendor/gammamatrix/playground-test/src/Feature/Http/Controllers/Resource/Playground/EditTrait.php" line="34" class="Tests\Feature\Playground\Lead\Resource\Http\Controllers\Playground\PlanRouteTest" classname="Tests.Feature.Playground.Lead.Resource.Http.Controllers.Playground.PlanRouteTest" assertions="1" time="0.369580"/>
        <testcase name="test_admin_can_render_edit_view" file="/app/vendor/gammamatrix/playground-test/src/Feature/Http/Controllers/Resource/Playground/EditTrait.php" line="54" class="Tests\Feature\Playground\Lead\Resource\Http\Controllers\Playground\PlanRouteTest" classname="Tests.Feature.Playground.Lead.Resource.Http.Controllers.Playground.PlanRouteTest" assertions="2" time="0.432417"/>
        <testcase name="test_admin_can_render_edit_view_with_return_url" file="/app/vendor/gammamatrix/playground-test/src/Feature/Http/Controllers/Resource/Playground/EditTrait.php" line="78" class="Tests\Feature\Playground\Lead\Resource\Http\Controllers\Playground\PlanRouteTest" classname="Tests.Feature.Playground.Lead.Resource.Http.Controllers.Playground.PlanRouteTest" assertions="3" time="0.414173"/>
        <testcase name="test_edit_view_as_admin_with_invalid_parameter_and_fail_validation_and_redirect" file="/app/vendor/gammamatrix/playground-test/src/Feature/Http/Controllers/Resource/Playground/EditTrait.php" line="107" class="Tests\Feature\Playground\Lead\Resource\Http\Controllers\Playground\PlanRouteTest" classname="Tests.Feature.Playground.Lead.Resource.Http.Controllers.Playground.PlanRouteTest" assertions="4" time="0.385156"/>
        <testcase name="test_json_guest_cannot_get_index" file="/app/vendor/gammamatrix/playground-test/src/Feature/Http/Controllers/Resource/Playground/IndexJsonTrait.php" line="35" class="Tests\Feature\Playground\Lead\Resource\Http\Controllers\Playground\PlanRouteTest" classname="Tests.Feature.Playground.Lead.Resource.Http.Controllers.Playground.PlanRouteTest" assertions="1" time="0.368679"/>
        <testcase name="test_json_admin_can_get_index" file="/app/vendor/gammamatrix/playground-test/src/Feature/Http/Controllers/Resource/Playground/IndexJsonTrait.php" line="50" class="Tests\Feature\Playground\Lead\Resource\Http\Controllers\Playground\PlanRouteTest" classname="Tests.Feature.Playground.Lead.Resource.Http.Controllers.Playground.PlanRouteTest" assertions="127" time="0.401694"/>
        <testcase name="test_json_admin_can_get_index_with_filters" file="/app/vendor/gammamatrix/playground-test/src/Feature/Http/Controllers/Resource/Playground/IndexJsonTrait.php" line="86" class="Tests\Feature\Playground\Lead\Resource\Http\Controllers\Playground\PlanRouteTest" classname="Tests.Feature.Playground.Lead.Resource.Http.Controllers.Playground.PlanRouteTest" assertions="3" time="0.389045"/>
        <testcase name="test_guest_cannot_render_index_view" file="/app/vendor/gammamatrix/playground-test/src/Feature/Http/Controllers/Resource/Playground/IndexTrait.php" line="30" class="Tests\Feature\Playground\Lead\Resource\Http\Controllers\Playground\PlanRouteTest" classname="Tests.Feature.Playground.Lead.Resource.Http.Controllers.Playground.PlanRouteTest" assertions="1" time="0.362206"/>
        <testcase name="test_admin_can_render_index_view" file="/app/vendor/gammamatrix/playground-test/src/Feature/Http/Controllers/Resource/Playground/IndexTrait.php" line="45" class="Tests\Feature\Playground\Lead\Resource\Http\Controllers\Playground\PlanRouteTest" classname="Tests.Feature.Playground.Lead.Resource.Http.Controllers.Playground.PlanRouteTest" assertions="2" time="0.425575"/>
        <testcase name="test_admin_can_render_index_view_with_filters" file="/app/vendor/gammamatrix/playground-test/src/Feature/Http/Controllers/Resource/Playground/IndexTrait.php" line="78" class="Tests\Feature\Playground\Lead\Resource\Http\Controllers\Playground\PlanRouteTest" classname="Tests.Feature.Playground.Lead.Resource.Http.Controllers.Playground.PlanRouteTest" assertions="3" time="0.437299"/>
        <testcase name="test_json_guest_cannot_lock" file="/app/vendor/gammamatrix/playground-test/src/Feature/Http/Controllers/Resource/Playground/LockJsonTrait.php" line="37" class="Tests\Feature\Playground\Lead\Resource\Http\Controllers\Playground\PlanRouteTest" classname="Tests.Feature.Playground.Lead.Resource.Http.Controllers.Playground.PlanRouteTest" assertions="3" time="0.362865"/>
        <testcase name="test_json_lock_as_admin_and_succeed" file="/app/vendor/gammamatrix/playground-test/src/Feature/Http/Controllers/Resource/Playground/LockJsonTrait.php" line="67" class="Tests\Feature\Playground\Lead\Resource\Http\Controllers\Playground\PlanRouteTest" classname="Tests.Feature.Playground.Lead.Resource.Http.Controllers.Playground.PlanRouteTest" assertions="3" time="0.425502"/>
        <testcase name="test_json_lock_as_admin_and_succeed_with_no_redirect" file="/app/vendor/gammamatrix/playground-test/src/Feature/Http/Controllers/Resource/Playground/LockJsonTrait.php" line="99" class="Tests\Feature\Playground\Lead\Resource\Http\Controllers\Playground\PlanRouteTest" classname="Tests.Feature.Playground.Lead.Resource.Http.Controllers.Playground.PlanRouteTest" assertions="125" time="0.388485"/>
        <testcase name="test_json_lock_as_user_and_get_denied" file="/app/vendor/gammamatrix/playground-test/src/Feature/Http/Controllers/Resource/Playground/LockJsonTrait.php" line="144" class="Tests\Feature\Playground\Lead\Resource\Http\Controllers\Playground\PlanRouteTest" classname="Tests.Feature.Playground.Lead.Resource.Http.Controllers.Playground.PlanRouteTest" assertions="3" time="0.379920"/>
        <testcase name="test_guest_cannot_lock" file="/app/vendor/gammamatrix/playground-test/src/Feature/Http/Controllers/Resource/Playground/LockTrait.php" line="32" class="Tests\Feature\Playground\Lead\Resource\Http\Controllers\Playground\PlanRouteTest" classname="Tests.Feature.Playground.Lead.Resource.Http.Controllers.Playground.PlanRouteTest" assertions="3" time="0.375821"/>
        <testcase name="test_lock_as_admin_and_succeed" file="/app/vendor/gammamatrix/playground-test/src/Feature/Http/Controllers/Resource/Playground/LockTrait.php" line="62" class="Tests\Feature\Playground\Lead\Resource\Http\Controllers\Playground\PlanRouteTest" classname="Tests.Feature.Playground.Lead.Resource.Http.Controllers.Playground.PlanRouteTest" assertions="4" time="0.379898"/>
        <testcase name="test_lock_as_admin_and_succeed_with_redirect_to_index_with_sorted_by_locked_desc" file="/app/vendor/gammamatrix/playground-test/src/Feature/Http/Controllers/Resource/Playground/LockTrait.php" line="96" class="Tests\Feature\Playground\Lead\Resource\Http\Controllers\Playground\PlanRouteTest" classname="Tests.Feature.Playground.Lead.Resource.Http.Controllers.Playground.PlanRouteTest" assertions="4" time="0.384690"/>
        <testcase name="test_lock_as_user_and_get_denied" file="/app/vendor/gammamatrix/playground-test/src/Feature/Http/Controllers/Resource/Playground/LockTrait.php" line="133" class="Tests\Feature\Playground\Lead\Resource\Http\Controllers\Playground\PlanRouteTest" classname="Tests.Feature.Playground.Lead.Resource.Http.Controllers.Playground.PlanRouteTest" assertions="3" time="0.384192"/>
        <testcase name="test_json_guest_cannot_restore" file="/app/vendor/gammamatrix/playground-test/src/Feature/Http/Controllers/Resource/Playground/RestoreJsonTrait.php" line="33" class="Tests\Feature\Playground\Lead\Resource\Http\Controllers\Playground\PlanRouteTest" classname="Tests.Feature.Playground.Lead.Resource.Http.Controllers.Playground.PlanRouteTest" assertions="3" time="0.366419"/>
        <testcase name="test_json_restore_as_admin_and_succeed" file="/app/vendor/gammamatrix/playground-test/src/Feature/Http/Controllers/Resource/Playground/RestoreJsonTrait.php" line="65" class="Tests\Feature\Playground\Lead\Resource\Http\Controllers\Playground\PlanRouteTest" classname="Tests.Feature.Playground.Lead.Resource.Http.Controllers.Playground.PlanRouteTest" assertions="125" time="0.389222"/>
        <testcase name="test_json_restore_as_admin_and_succeed_with_no_redirect" file="/app/vendor/gammamatrix/playground-test/src/Feature/Http/Controllers/Resource/Playground/RestoreJsonTrait.php" line="101" class="Tests\Feature\Playground\Lead\Resource\Http\Controllers\Playground\PlanRouteTest" classname="Tests.Feature.Playground.Lead.Resource.Http.Controllers.Playground.PlanRouteTest" assertions="125" time="0.400844"/>
        <testcase name="test_json_restore_as_user_and_get_denied" file="/app/vendor/gammamatrix/playground-test/src/Feature/Http/Controllers/Resource/Playground/RestoreJsonTrait.php" line="144" class="Tests\Feature\Playground\Lead\Resource\Http\Controllers\Playground\PlanRouteTest" classname="Tests.Feature.Playground.Lead.Resource.Http.Controllers.Playground.PlanRouteTest" assertions="3" time="0.378823"/>
        <testcase name="test_guest_cannot_restore" file="/app/vendor/gammamatrix/playground-test/src/Feature/Http/Controllers/Resource/Playground/RestoreTrait.php" line="33" class="Tests\Feature\Playground\Lead\Resource\Http\Controllers\Playground\PlanRouteTest" classname="Tests.Feature.Playground.Lead.Resource.Http.Controllers.Playground.PlanRouteTest" assertions="3" time="0.374823"/>
        <testcase name="test_restore_as_admin_and_succeed" file="/app/vendor/gammamatrix/playground-test/src/Feature/Http/Controllers/Resource/Playground/RestoreTrait.php" line="65" class="Tests\Feature\Playground\Lead\Resource\Http\Controllers\Playground\PlanRouteTest" classname="Tests.Feature.Playground.Lead.Resource.Http.Controllers.Playground.PlanRouteTest" assertions="4" time="0.388144"/>
        <testcase name="test_restore_as_admin_and_succeed_with_redirect_to_index_with_only_trash" file="/app/vendor/gammamatrix/playground-test/src/Feature/Http/Controllers/Resource/Playground/RestoreTrait.php" line="101" class="Tests\Feature\Playground\Lead\Resource\Http\Controllers\Playground\PlanRouteTest" classname="Tests.Feature.Playground.Lead.Resource.Http.Controllers.Playground.PlanRouteTest" assertions="4" time="0.398602"/>
        <testcase name="test_restore_as_user_and_get_denied" file="/app/vendor/gammamatrix/playground-test/src/Feature/Http/Controllers/Resource/Playground/RestoreTrait.php" line="147" class="Tests\Feature\Playground\Lead\Resource\Http\Controllers\Playground\PlanRouteTest" classname="Tests.Feature.Playground.Lead.Resource.Http.Controllers.Playground.PlanRouteTest" assertions="3" time="0.380425"/>
        <testcase name="test_json_guest_cannot_see_info" file="/app/vendor/gammamatrix/playground-test/src/Feature/Http/Controllers/Resource/Playground/ShowJsonTrait.php" line="30" class="Tests\Feature\Playground\Lead\Resource\Http\Controllers\Playground\PlanRouteTest" classname="Tests.Feature.Playground.Lead.Resource.Http.Controllers.Playground.PlanRouteTest" assertions="1" time="0.378361"/>
        <testcase name="test_json_show_info_for_admin" file="/app/vendor/gammamatrix/playground-test/src/Feature/Http/Controllers/Resource/Playground/ShowJsonTrait.php" line="50" class="Tests\Feature\Playground\Lead\Resource\Http\Controllers\Playground\PlanRouteTest" classname="Tests.Feature.Playground.Lead.Resource.Http.Controllers.Playground.PlanRouteTest" assertions="124" time="0.387559"/>
        <testcase name="test_guest_cannot_render_show_view" file="/app/vendor/gammamatrix/playground-test/src/Feature/Http/Controllers/Resource/Playground/ShowTrait.php" line="30" class="Tests\Feature\Playground\Lead\Resource\Http\Controllers\Playground\PlanRouteTest" classname="Tests.Feature.Playground.Lead.Resource.Http.Controllers.Playground.PlanRouteTest" assertions="1" time="0.375735"/>
        <testcase name="test_show_view_rendered_by_admin" file="/app/vendor/gammamatrix/playground-test/src/Feature/Http/Controllers/Resource/Playground/ShowTrait.php" line="50" class="Tests\Feature\Playground\Lead\Resource\Http\Controllers\Playground\PlanRouteTest" classname="Tests.Feature.Playground.Lead.Resource.Http.Controllers.Playground.PlanRouteTest" assertions="2" time="0.397409"/>
        <testcase name="test_json_guest_cannot_store" file="/app/vendor/gammamatrix/playground-test/src/Feature/Http/Controllers/Resource/Playground/StoreJsonTrait.php" line="44" class="Tests\Feature\Playground\Lead\Resource\Http\Controllers\Playground\PlanRouteTest" classname="Tests.Feature.Playground.Lead.Resource.Http.Controllers.Playground.PlanRouteTest" assertions="3" time="0.365179"/>
        <testcase name="test_json_store_as_admin_without_payload_and_fail_validation" file="/app/vendor/gammamatrix/playground-test/src/Feature/Http/Controllers/Resource/Playground/StoreJsonTrait.php" line="67" class="Tests\Feature\Playground\Lead\Resource\Http\Controllers\Playground\PlanRouteTest" classname="Tests.Feature.Playground.Lead.Resource.Http.Controllers.Playground.PlanRouteTest" assertions="5" time="0.377487"/>
        <testcase name="test_json_store_as_admin_and_succeed" file="/app/vendor/gammamatrix/playground-test/src/Feature/Http/Controllers/Resource/Playground/StoreJsonTrait.php" line="93" class="Tests\Feature\Playground\Lead\Resource\Http\Controllers\Playground\PlanRouteTest" classname="Tests.Feature.Playground.Lead.Resource.Http.Controllers.Playground.PlanRouteTest" assertions="3" time="0.422621"/>
        <testcase name="test_guest_cannot_store" file="/app/vendor/gammamatrix/playground-test/src/Feature/Http/Controllers/Resource/Playground/StoreTrait.php" line="39" class="Tests\Feature\Playground\Lead\Resource\Http\Controllers\Playground\PlanRouteTest" classname="Tests.Feature.Playground.Lead.Resource.Http.Controllers.Playground.PlanRouteTest" assertions="3" time="0.362571"/>
        <testcase name="test_store_as_admin_without_payload_and_fail_validation" file="/app/vendor/gammamatrix/playground-test/src/Feature/Http/Controllers/Resource/Playground/StoreTrait.php" line="62" class="Tests\Feature\Playground\Lead\Resource\Http\Controllers\Playground\PlanRouteTest" classname="Tests.Feature.Playground.Lead.Resource.Http.Controllers.Playground.PlanRouteTest" assertions="5" time="0.377929"/>
        <testcase name="test_store_as_admin_and_succeed" file="/app/vendor/gammamatrix/playground-test/src/Feature/Http/Controllers/Resource/Playground/StoreTrait.php" line="91" class="Tests\Feature\Playground\Lead\Resource\Http\Controllers\Playground\PlanRouteTest" classname="Tests.Feature.Playground.Lead.Resource.Http.Controllers.Playground.PlanRouteTest" assertions="4" time="0.415234"/>
        <testcase name="test_store_as_admin_and_succeed_with_return_url" file="/app/vendor/gammamatrix/playground-test/src/Feature/Http/Controllers/Resource/Playground/StoreTrait.php" line="136" class="Tests\Feature\Playground\Lead\Resource\Http\Controllers\Playground\PlanRouteTest" classname="Tests.Feature.Playground.Lead.Resource.Http.Controllers.Playground.PlanRouteTest" assertions="4" time="0.414298"/>
        <testcase name="test_json_guest_cannot_unlock" file="/app/vendor/gammamatrix/playground-test/src/Feature/Http/Controllers/Resource/Playground/UnlockJsonTrait.php" line="37" class="Tests\Feature\Playground\Lead\Resource\Http\Controllers\Playground\PlanRouteTest" classname="Tests.Feature.Playground.Lead.Resource.Http.Controllers.Playground.PlanRouteTest" assertions="3" time="0.371278"/>
        <testcase name="test_json_unlock_as_admin_and_succeed" file="/app/vendor/gammamatrix/playground-test/src/Feature/Http/Controllers/Resource/Playground/UnlockJsonTrait.php" line="69" class="Tests\Feature\Playground\Lead\Resource\Http\Controllers\Playground\PlanRouteTest" classname="Tests.Feature.Playground.Lead.Resource.Http.Controllers.Playground.PlanRouteTest" assertions="125" time="0.400548"/>
        <testcase name="test_json_unlock_as_admin_and_succeed_with_no_redirect" file="/app/vendor/gammamatrix/playground-test/src/Feature/Http/Controllers/Resource/Playground/UnlockJsonTrait.php" line="105" class="Tests\Feature\Playground\Lead\Resource\Http\Controllers\Playground\PlanRouteTest" classname="Tests.Feature.Playground.Lead.Resource.Http.Controllers.Playground.PlanRouteTest" assertions="125" time="0.404817"/>
        <testcase name="test_json_unlock_as_user_and_get_denied" file="/app/vendor/gammamatrix/playground-test/src/Feature/Http/Controllers/Resource/Playground/UnlockJsonTrait.php" line="146" class="Tests\Feature\Playground\Lead\Resource\Http\Controllers\Playground\PlanRouteTest" classname="Tests.Feature.Playground.Lead.Resource.Http.Controllers.Playground.PlanRouteTest" assertions="3" time="0.380150"/>
        <testcase name="test_guest_cannot_unlock" file="/app/vendor/gammamatrix/playground-test/src/Feature/Http/Controllers/Resource/Playground/UnlockTrait.php" line="37" class="Tests\Feature\Playground\Lead\Resource\Http\Controllers\Playground\PlanRouteTest" classname="Tests.Feature.Playground.Lead.Resource.Http.Controllers.Playground.PlanRouteTest" assertions="3" time="0.372297"/>
        <testcase name="test_unlock_as_admin_and_succeed" file="/app/vendor/gammamatrix/playground-test/src/Feature/Http/Controllers/Resource/Playground/UnlockTrait.php" line="69" class="Tests\Feature\Playground\Lead\Resource\Http\Controllers\Playground\PlanRouteTest" classname="Tests.Feature.Playground.Lead.Resource.Http.Controllers.Playground.PlanRouteTest" assertions="4" time="0.389497"/>
        <testcase name="test_unlock_as_admin_and_succeed_with_redirect_to_index_with_sorted_by_unlocked_desc" file="/app/vendor/gammamatrix/playground-test/src/Feature/Http/Controllers/Resource/Playground/UnlockTrait.php" line="110" class="Tests\Feature\Playground\Lead\Resource\Http\Controllers\Playground\PlanRouteTest" classname="Tests.Feature.Playground.Lead.Resource.Http.Controllers.Playground.PlanRouteTest" assertions="4" time="0.393300"/>
        <testcase name="test_unlock_as_user_and_get_denied" file="/app/vendor/gammamatrix/playground-test/src/Feature/Http/Controllers/Resource/Playground/UnlockTrait.php" line="149" class="Tests\Feature\Playground\Lead\Resource\Http\Controllers\Playground\PlanRouteTest" classname="Tests.Feature.Playground.Lead.Resource.Http.Controllers.Playground.PlanRouteTest" assertions="3" time="0.396573"/>
        <testcase name="test_json_guest_cannot_update" file="/app/vendor/gammamatrix/playground-test/src/Feature/Http/Controllers/Resource/Playground/UpdateJsonTrait.php" line="46" class="Tests\Feature\Playground\Lead\Resource\Http\Controllers\Playground\PlanRouteTest" classname="Tests.Feature.Playground.Lead.Resource.Http.Controllers.Playground.PlanRouteTest" assertions="1" time="0.370459"/>
        <testcase name="test_json_update_as_admin_without_payload_and_passes_validation" file="/app/vendor/gammamatrix/playground-test/src/Feature/Http/Controllers/Resource/Playground/UpdateJsonTrait.php" line="66" class="Tests\Feature\Playground\Lead\Resource\Http\Controllers\Playground\PlanRouteTest" classname="Tests.Feature.Playground.Lead.Resource.Http.Controllers.Playground.PlanRouteTest" assertions="2" time="0.406622"/>
        <testcase name="test_json_admin_can_update" file="/app/vendor/gammamatrix/playground-test/src/Feature/Http/Controllers/Resource/Playground/UpdateJsonTrait.php" line="114" class="Tests\Feature\Playground\Lead\Resource\Http\Controllers\Playground\PlanRouteTest" classname="Tests.Feature.Playground.Lead.Resource.Http.Controllers.Playground.PlanRouteTest" assertions="127" time="0.444427"/>
        <testcase name="test_guest_cannot_update" file="/app/vendor/gammamatrix/playground-test/src/Feature/Http/Controllers/Resource/Playground/UpdateTrait.php" line="46" class="Tests\Feature\Playground\Lead\Resource\Http\Controllers\Playground\PlanRouteTest" classname="Tests.Feature.Playground.Lead.Resource.Http.Controllers.Playground.PlanRouteTest" assertions="1" time="0.373348"/>
        <testcase name="test_update_as_admin_without_payload_and_passes_validation" file="/app/vendor/gammamatrix/playground-test/src/Feature/Http/Controllers/Resource/Playground/UpdateTrait.php" line="66" class="Tests\Feature\Playground\Lead\Resource\Http\Controllers\Playground\PlanRouteTest" classname="Tests.Feature.Playground.Lead.Resource.Http.Controllers.Playground.PlanRouteTest" assertions="3" time="0.396970"/>
        <testcase name="test_admin_can_update" file="/app/vendor/gammamatrix/playground-test/src/Feature/Http/Controllers/Resource/Playground/UpdateTrait.php" line="117" class="Tests\Feature\Playground\Lead\Resource\Http\Controllers\Playground\PlanRouteTest" classname="Tests.Feature.Playground.Lead.Resource.Http.Controllers.Playground.PlanRouteTest" assertions="6" time="0.487126"/>
        <testcase name="test_admin_can_update_view_with_return_url" file="/app/vendor/gammamatrix/playground-test/src/Feature/Http/Controllers/Resource/Playground/UpdateTrait.php" line="160" class="Tests\Feature\Playground\Lead\Resource\Http\Controllers\Playground\PlanRouteTest" classname="Tests.Feature.Playground.Lead.Resource.Http.Controllers.Playground.PlanRouteTest" assertions="6" time="0.444119"/>
      </testsuite>
      <testsuite name="Tests\Feature\Playground\Lead\Resource\Http\Controllers\Playground\RegionRouteTest" file="/app/tests/Feature/Http/Controllers/Playground/RegionRouteTest.php" tests="73" assertions="1329" errors="0" failures="0" skipped="0" time="28.419568">
        <testcase name="test_json_guest_cannot_get_create_info" file="/app/vendor/gammamatrix/playground-test/src/Feature/Http/Controllers/Resource/Playground/CreateJsonTrait.php" line="39" class="Tests\Feature\Playground\Lead\Resource\Http\Controllers\Playground\RegionRouteTest" classname="Tests.Feature.Playground.Lead.Resource.Http.Controllers.Playground.RegionRouteTest" assertions="1" time="0.349466"/>
        <testcase name="test_json_admin_can_get_create_info" file="/app/vendor/gammamatrix/playground-test/src/Feature/Http/Controllers/Resource/Playground/CreateJsonTrait.php" line="54" class="Tests\Feature\Playground\Lead\Resource\Http\Controllers\Playground\RegionRouteTest" classname="Tests.Feature.Playground.Lead.Resource.Http.Controllers.Playground.RegionRouteTest" assertions="123" time="0.371919"/>
        <testcase name="test_json_get_create_info_as_admin_with_invalid_parameter_and_fail_validation" file="/app/vendor/gammamatrix/playground-test/src/Feature/Http/Controllers/Resource/Playground/CreateJsonTrait.php" line="74" class="Tests\Feature\Playground\Lead\Resource\Http\Controllers\Playground\RegionRouteTest" classname="Tests.Feature.Playground.Lead.Resource.Http.Controllers.Playground.RegionRouteTest" assertions="4" time="0.363796"/>
        <testcase name="test_guest_cannot_render_create_view" file="/app/vendor/gammamatrix/playground-test/src/Feature/Http/Controllers/Resource/Playground/CreateTrait.php" line="34" class="Tests\Feature\Playground\Lead\Resource\Http\Controllers\Playground\RegionRouteTest" classname="Tests.Feature.Playground.Lead.Resource.Http.Controllers.Playground.RegionRouteTest" assertions="1" time="0.353416"/>
        <testcase name="test_admin_can_render_create_view" file="/app/vendor/gammamatrix/playground-test/src/Feature/Http/Controllers/Resource/Playground/CreateTrait.php" line="48" class="Tests\Feature\Playground\Lead\Resource\Http\Controllers\Playground\RegionRouteTest" classname="Tests.Feature.Playground.Lead.Resource.Http.Controllers.Playground.RegionRouteTest" assertions="2" time="0.403098"/>
        <testcase name="test_admin_can_render_create_view_with_return_url" file="/app/vendor/gammamatrix/playground-test/src/Feature/Http/Controllers/Resource/Playground/CreateTrait.php" line="66" class="Tests\Feature\Playground\Lead\Resource\Http\Controllers\Playground\RegionRouteTest" classname="Tests.Feature.Playground.Lead.Resource.Http.Controllers.Playground.RegionRouteTest" assertions="3" time="0.402642"/>
        <testcase name="test_create_view_as_admin_with_invalid_parameter_and_fail_validation_and_redirect" file="/app/vendor/gammamatrix/playground-test/src/Feature/Http/Controllers/Resource/Playground/CreateTrait.php" line="90" class="Tests\Feature\Playground\Lead\Resource\Http\Controllers\Playground\RegionRouteTest" classname="Tests.Feature.Playground.Lead.Resource.Http.Controllers.Playground.RegionRouteTest" assertions="5" time="0.366655"/>
        <testcase name="test_json_guest_cannot_destroy" file="/app/vendor/gammamatrix/playground-test/src/Feature/Http/Controllers/Resource/Playground/DestroyJsonTrait.php" line="32" class="Tests\Feature\Playground\Lead\Resource\Http\Controllers\Playground\RegionRouteTest" classname="Tests.Feature.Playground.Lead.Resource.Http.Controllers.Playground.RegionRouteTest" assertions="3" time="0.357825"/>
        <testcase name="test_json_destroy_as_admin_and_succeed" file="/app/vendor/gammamatrix/playground-test/src/Feature/Http/Controllers/Resource/Playground/DestroyJsonTrait.php" line="62" class="Tests\Feature\Playground\Lead\Resource\Http\Controllers\Playground\RegionRouteTest" classname="Tests.Feature.Playground.Lead.Resource.Http.Controllers.Playground.RegionRouteTest" assertions="5" time="0.383579"/>
        <testcase name="test_json_destroy_as_admin_and_succeed_with_force_delete" file="/app/vendor/gammamatrix/playground-test/src/Feature/Http/Controllers/Resource/Playground/DestroyJsonTrait.php" line="101" class="Tests\Feature\Playground\Lead\Resource\Http\Controllers\Playground\RegionRouteTest" classname="Tests.Feature.Playground.Lead.Resource.Http.Controllers.Playground.RegionRouteTest" assertions="4" time="0.378633"/>
        <testcase name="test_json_destroy_as_admin_and_succeed_with_no_content" file="/app/vendor/gammamatrix/playground-test/src/Feature/Http/Controllers/Resource/Playground/DestroyJsonTrait.php" line="133" class="Tests\Feature\Playground\Lead\Resource\Http\Controllers\Playground\RegionRouteTest" classname="Tests.Feature.Playground.Lead.Resource.Http.Controllers.Playground.RegionRouteTest" assertions="5" time="0.370547"/>
        <testcase name="test_json_destroy_as_admin_and_succeed_and_ignore_redirect" file="/app/vendor/gammamatrix/playground-test/src/Feature/Http/Controllers/Resource/Playground/DestroyJsonTrait.php" line="168" class="Tests\Feature\Playground\Lead\Resource\Http\Controllers\Playground\RegionRouteTest" classname="Tests.Feature.Playground.Lead.Resource.Http.Controllers.Playground.RegionRouteTest" assertions="5" time="0.370828"/>
        <testcase name="test_json_destroy_as_user_and_get_denied_and_no_force_delete_allowed" file="/app/vendor/gammamatrix/playground-test/src/Feature/Http/Controllers/Resource/Playground/DestroyJsonTrait.php" line="210" class="Tests\Feature\Playground\Lead\Resource\Http\Controllers\Playground\RegionRouteTest" classname="Tests.Feature.Playground.Lead.Resource.Http.Controllers.Playground.RegionRouteTest" assertions="3" time="0.369680"/>
        <testcase name="test_guest_cannot_destroy" file="/app/vendor/gammamatrix/playground-test/src/Feature/Http/Controllers/Resource/Playground/DestroyTrait.php" line="32" class="Tests\Feature\Playground\Lead\Resource\Http\Controllers\Playground\RegionRouteTest" classname="Tests.Feature.Playground.Lead.Resource.Http.Controllers.Playground.RegionRouteTest" assertions="3" time="0.361593"/>
        <testcase name="test_destroy_as_admin_and_succeed" file="/app/vendor/gammamatrix/playground-test/src/Feature/Http/Controllers/Resource/Playground/DestroyTrait.php" line="62" class="Tests\Feature\Playground\Lead\Resource\Http\Controllers\Playground\RegionRouteTest" classname="Tests.Feature.Playground.Lead.Resource.Http.Controllers.Playground.RegionRouteTest" assertions="5" time="0.371538"/>
        <testcase name="test_destroy_as_admin_and_succeed_with_force_delete" file="/app/vendor/gammamatrix/playground-test/src/Feature/Http/Controllers/Resource/Playground/DestroyTrait.php" line="98" class="Tests\Feature\Playground\Lead\Resource\Http\Controllers\Playground\RegionRouteTest" classname="Tests.Feature.Playground.Lead.Resource.Http.Controllers.Playground.RegionRouteTest" assertions="4" time="0.379764"/>
        <testcase name="test_destroy_as_admin_and_succeed_with_redirect_to_index_with_trash" file="/app/vendor/gammamatrix/playground-test/src/Feature/Http/Controllers/Resource/Playground/DestroyTrait.php" line="130" class="Tests\Feature\Playground\Lead\Resource\Http\Controllers\Playground\RegionRouteTest" classname="Tests.Feature.Playground.Lead.Resource.Http.Controllers.Playground.RegionRouteTest" assertions="5" time="0.374346"/>
        <testcase name="test_destroy_as_user_and_get_denied_and_no_force_delete_allowed" file="/app/vendor/gammamatrix/playground-test/src/Feature/Http/Controllers/Resource/Playground/DestroyTrait.php" line="172" class="Tests\Feature\Playground\Lead\Resource\Http\Controllers\Playground\RegionRouteTest" classname="Tests.Feature.Playground.Lead.Resource.Http.Controllers.Playground.RegionRouteTest" assertions="3" time="0.371432"/>
        <testcase name="test_json_guest_cannot_get_edit_info" file="/app/vendor/gammamatrix/playground-test/src/Feature/Http/Controllers/Resource/Playground/EditJsonTrait.php" line="39" class="Tests\Feature\Playground\Lead\Resource\Http\Controllers\Playground\RegionRouteTest" classname="Tests.Feature.Playground.Lead.Resource.Http.Controllers.Playground.RegionRouteTest" assertions="1" time="0.360511"/>
        <testcase name="test_json_admin_can_get_edit_info" file="/app/vendor/gammamatrix/playground-test/src/Feature/Http/Controllers/Resource/Playground/EditJsonTrait.php" line="59" class="Tests\Feature\Playground\Lead\Resource\Http\Controllers\Playground\RegionRouteTest" classname="Tests.Feature.Playground.Lead.Resource.Http.Controllers.Playground.RegionRouteTest" assertions="4" time="0.390273"/>
        <testcase name="test_json_edit_as_admin_and_fail_validation_with_invalid_parameter" file="/app/vendor/gammamatrix/playground-test/src/Feature/Http/Controllers/Resource/Playground/EditJsonTrait.php" line="88" class="Tests\Feature\Playground\Lead\Resource\Http\Controllers\Playground\RegionRouteTest" classname="Tests.Feature.Playground.Lead.Resource.Http.Controllers.Playground.RegionRouteTest" assertions="4" time="0.380905"/>
        <testcase name="test_guest_cannot_render_edit_view" file="/app/vendor/gammamatrix/playground-test/src/Feature/Http/Controllers/Resource/Playground/EditTrait.php" line="34" class="Tests\Feature\Playground\Lead\Resource\Http\Controllers\Playground\RegionRouteTest" classname="Tests.Feature.Playground.Lead.Resource.Http.Controllers.Playground.RegionRouteTest" assertions="1" time="0.373438"/>
        <testcase name="test_admin_can_render_edit_view" file="/app/vendor/gammamatrix/playground-test/src/Feature/Http/Controllers/Resource/Playground/EditTrait.php" line="54" class="Tests\Feature\Playground\Lead\Resource\Http\Controllers\Playground\RegionRouteTest" classname="Tests.Feature.Playground.Lead.Resource.Http.Controllers.Playground.RegionRouteTest" assertions="2" time="0.412971"/>
        <testcase name="test_admin_can_render_edit_view_with_return_url" file="/app/vendor/gammamatrix/playground-test/src/Feature/Http/Controllers/Resource/Playground/EditTrait.php" line="78" class="Tests\Feature\Playground\Lead\Resource\Http\Controllers\Playground\RegionRouteTest" classname="Tests.Feature.Playground.Lead.Resource.Http.Controllers.Playground.RegionRouteTest" assertions="3" time="0.429533"/>
        <testcase name="test_edit_view_as_admin_with_invalid_parameter_and_fail_validation_and_redirect" file="/app/vendor/gammamatrix/playground-test/src/Feature/Http/Controllers/Resource/Playground/EditTrait.php" line="107" class="Tests\Feature\Playground\Lead\Resource\Http\Controllers\Playground\RegionRouteTest" classname="Tests.Feature.Playground.Lead.Resource.Http.Controllers.Playground.RegionRouteTest" assertions="4" time="0.384615"/>
        <testcase name="test_json_guest_cannot_get_index" file="/app/vendor/gammamatrix/playground-test/src/Feature/Http/Controllers/Resource/Playground/IndexJsonTrait.php" line="35" class="Tests\Feature\Playground\Lead\Resource\Http\Controllers\Playground\RegionRouteTest" classname="Tests.Feature.Playground.Lead.Resource.Http.Controllers.Playground.RegionRouteTest" assertions="1" time="0.363205"/>
        <testcase name="test_json_admin_can_get_index" file="/app/vendor/gammamatrix/playground-test/src/Feature/Http/Controllers/Resource/Playground/IndexJsonTrait.php" line="50" class="Tests\Feature\Playground\Lead\Resource\Http\Controllers\Playground\RegionRouteTest" classname="Tests.Feature.Playground.Lead.Resource.Http.Controllers.Playground.RegionRouteTest" assertions="127" time="0.397906"/>
        <testcase name="test_json_admin_can_get_index_with_filters" file="/app/vendor/gammamatrix/playground-test/src/Feature/Http/Controllers/Resource/Playground/IndexJsonTrait.php" line="86" class="Tests\Feature\Playground\Lead\Resource\Http\Controllers\Playground\RegionRouteTest" classname="Tests.Feature.Playground.Lead.Resource.Http.Controllers.Playground.RegionRouteTest" assertions="3" time="0.400706"/>
        <testcase name="test_guest_cannot_render_index_view" file="/app/vendor/gammamatrix/playground-test/src/Feature/Http/Controllers/Resource/Playground/IndexTrait.php" line="30" class="Tests\Feature\Playground\Lead\Resource\Http\Controllers\Playground\RegionRouteTest" classname="Tests.Feature.Playground.Lead.Resource.Http.Controllers.Playground.RegionRouteTest" assertions="1" time="0.364773"/>
        <testcase name="test_admin_can_render_index_view" file="/app/vendor/gammamatrix/playground-test/src/Feature/Http/Controllers/Resource/Playground/IndexTrait.php" line="45" class="Tests\Feature\Playground\Lead\Resource\Http\Controllers\Playground\RegionRouteTest" classname="Tests.Feature.Playground.Lead.Resource.Http.Controllers.Playground.RegionRouteTest" assertions="2" time="0.415851"/>
        <testcase name="test_admin_can_render_index_view_with_filters" file="/app/vendor/gammamatrix/playground-test/src/Feature/Http/Controllers/Resource/Playground/IndexTrait.php" line="78" class="Tests\Feature\Playground\Lead\Resource\Http\Controllers\Playground\RegionRouteTest" classname="Tests.Feature.Playground.Lead.Resource.Http.Controllers.Playground.RegionRouteTest" assertions="3" time="0.414075"/>
        <testcase name="test_json_guest_cannot_lock" file="/app/vendor/gammamatrix/playground-test/src/Feature/Http/Controllers/Resource/Playground/LockJsonTrait.php" line="37" class="Tests\Feature\Playground\Lead\Resource\Http\Controllers\Playground\RegionRouteTest" classname="Tests.Feature.Playground.Lead.Resource.Http.Controllers.Playground.RegionRouteTest" assertions="3" time="0.370797"/>
        <testcase name="test_json_lock_as_admin_and_succeed" file="/app/vendor/gammamatrix/playground-test/src/Feature/Http/Controllers/Resource/Playground/LockJsonTrait.php" line="67" class="Tests\Feature\Playground\Lead\Resource\Http\Controllers\Playground\RegionRouteTest" classname="Tests.Feature.Playground.Lead.Resource.Http.Controllers.Playground.RegionRouteTest" assertions="3" time="0.393888"/>
        <testcase name="test_json_lock_as_admin_and_succeed_with_no_redirect" file="/app/vendor/gammamatrix/playground-test/src/Feature/Http/Controllers/Resource/Playground/LockJsonTrait.php" line="99" class="Tests\Feature\Playground\Lead\Resource\Http\Controllers\Playground\RegionRouteTest" classname="Tests.Feature.Playground.Lead.Resource.Http.Controllers.Playground.RegionRouteTest" assertions="125" time="0.390538"/>
        <testcase name="test_json_lock_as_user_and_get_denied" file="/app/vendor/gammamatrix/playground-test/src/Feature/Http/Controllers/Resource/Playground/LockJsonTrait.php" line="144" class="Tests\Feature\Playground\Lead\Resource\Http\Controllers\Playground\RegionRouteTest" classname="Tests.Feature.Playground.Lead.Resource.Http.Controllers.Playground.RegionRouteTest" assertions="3" time="0.373275"/>
        <testcase name="test_guest_cannot_lock" file="/app/vendor/gammamatrix/playground-test/src/Feature/Http/Controllers/Resource/Playground/LockTrait.php" line="32" class="Tests\Feature\Playground\Lead\Resource\Http\Controllers\Playground\RegionRouteTest" classname="Tests.Feature.Playground.Lead.Resource.Http.Controllers.Playground.RegionRouteTest" assertions="3" time="0.370593"/>
        <testcase name="test_lock_as_admin_and_succeed" file="/app/vendor/gammamatrix/playground-test/src/Feature/Http/Controllers/Resource/Playground/LockTrait.php" line="62" class="Tests\Feature\Playground\Lead\Resource\Http\Controllers\Playground\RegionRouteTest" classname="Tests.Feature.Playground.Lead.Resource.Http.Controllers.Playground.RegionRouteTest" assertions="4" time="0.384721"/>
        <testcase name="test_lock_as_admin_and_succeed_with_redirect_to_index_with_sorted_by_locked_desc" file="/app/vendor/gammamatrix/playground-test/src/Feature/Http/Controllers/Resource/Playground/LockTrait.php" line="96" class="Tests\Feature\Playground\Lead\Resource\Http\Controllers\Playground\RegionRouteTest" classname="Tests.Feature.Playground.Lead.Resource.Http.Controllers.Playground.RegionRouteTest" assertions="4" time="0.379602"/>
        <testcase name="test_lock_as_user_and_get_denied" file="/app/vendor/gammamatrix/playground-test/src/Feature/Http/Controllers/Resource/Playground/LockTrait.php" line="133" class="Tests\Feature\Playground\Lead\Resource\Http\Controllers\Playground\RegionRouteTest" classname="Tests.Feature.Playground.Lead.Resource.Http.Controllers.Playground.RegionRouteTest" assertions="3" time="0.387894"/>
        <testcase name="test_json_guest_cannot_restore" file="/app/vendor/gammamatrix/playground-test/src/Feature/Http/Controllers/Resource/Playground/RestoreJsonTrait.php" line="33" class="Tests\Feature\Playground\Lead\Resource\Http\Controllers\Playground\RegionRouteTest" classname="Tests.Feature.Playground.Lead.Resource.Http.Controllers.Playground.RegionRouteTest" assertions="3" time="0.370493"/>
        <testcase name="test_json_restore_as_admin_and_succeed" file="/app/vendor/gammamatrix/playground-test/src/Feature/Http/Controllers/Resource/Playground/RestoreJsonTrait.php" line="65" class="Tests\Feature\Playground\Lead\Resource\Http\Controllers\Playground\RegionRouteTest" classname="Tests.Feature.Playground.Lead.Resource.Http.Controllers.Playground.RegionRouteTest" assertions="125" time="0.388355"/>
        <testcase name="test_json_restore_as_admin_and_succeed_with_no_redirect" file="/app/vendor/gammamatrix/playground-test/src/Feature/Http/Controllers/Resource/Playground/RestoreJsonTrait.php" line="101" class="Tests\Feature\Playground\Lead\Resource\Http\Controllers\Playground\RegionRouteTest" classname="Tests.Feature.Playground.Lead.Resource.Http.Controllers.Playground.RegionRouteTest" assertions="125" time="0.390824"/>
        <testcase name="test_json_restore_as_user_and_get_denied" file="/app/vendor/gammamatrix/playground-test/src/Feature/Http/Controllers/Resource/Playground/RestoreJsonTrait.php" line="144" class="Tests\Feature\Playground\Lead\Resource\Http\Controllers\Playground\RegionRouteTest" classname="Tests.Feature.Playground.Lead.Resource.Http.Controllers.Playground.RegionRouteTest" assertions="3" time="0.394311"/>
        <testcase name="test_guest_cannot_restore" file="/app/vendor/gammamatrix/playground-test/src/Feature/Http/Controllers/Resource/Playground/RestoreTrait.php" line="33" class="Tests\Feature\Playground\Lead\Resource\Http\Controllers\Playground\RegionRouteTest" classname="Tests.Feature.Playground.Lead.Resource.Http.Controllers.Playground.RegionRouteTest" assertions="3" time="0.372850"/>
        <testcase name="test_restore_as_admin_and_succeed" file="/app/vendor/gammamatrix/playground-test/src/Feature/Http/Controllers/Resource/Playground/RestoreTrait.php" line="65" class="Tests\Feature\Playground\Lead\Resource\Http\Controllers\Playground\RegionRouteTest" classname="Tests.Feature.Playground.Lead.Resource.Http.Controllers.Playground.RegionRouteTest" assertions="4" time="0.403373"/>
        <testcase name="test_restore_as_admin_and_succeed_with_redirect_to_index_with_only_trash" file="/app/vendor/gammamatrix/playground-test/src/Feature/Http/Controllers/Resource/Playground/RestoreTrait.php" line="101" class="Tests\Feature\Playground\Lead\Resource\Http\Controllers\Playground\RegionRouteTest" classname="Tests.Feature.Playground.Lead.Resource.Http.Controllers.Playground.RegionRouteTest" assertions="4" time="0.393179"/>
        <testcase name="test_restore_as_user_and_get_denied" file="/app/vendor/gammamatrix/playground-test/src/Feature/Http/Controllers/Resource/Playground/RestoreTrait.php" line="147" class="Tests\Feature\Playground\Lead\Resource\Http\Controllers\Playground\RegionRouteTest" classname="Tests.Feature.Playground.Lead.Resource.Http.Controllers.Playground.RegionRouteTest" assertions="3" time="0.388502"/>
        <testcase name="test_json_guest_cannot_see_info" file="/app/vendor/gammamatrix/playground-test/src/Feature/Http/Controllers/Resource/Playground/ShowJsonTrait.php" line="30" class="Tests\Feature\Playground\Lead\Resource\Http\Controllers\Playground\RegionRouteTest" classname="Tests.Feature.Playground.Lead.Resource.Http.Controllers.Playground.RegionRouteTest" assertions="1" time="0.376763"/>
        <testcase name="test_json_show_info_for_admin" file="/app/vendor/gammamatrix/playground-test/src/Feature/Http/Controllers/Resource/Playground/ShowJsonTrait.php" line="50" class="Tests\Feature\Playground\Lead\Resource\Http\Controllers\Playground\RegionRouteTest" classname="Tests.Feature.Playground.Lead.Resource.Http.Controllers.Playground.RegionRouteTest" assertions="124" time="0.386763"/>
        <testcase name="test_guest_cannot_render_show_view" file="/app/vendor/gammamatrix/playground-test/src/Feature/Http/Controllers/Resource/Playground/ShowTrait.php" line="30" class="Tests\Feature\Playground\Lead\Resource\Http\Controllers\Playground\RegionRouteTest" classname="Tests.Feature.Playground.Lead.Resource.Http.Controllers.Playground.RegionRouteTest" assertions="1" time="0.372964"/>
        <testcase name="test_show_view_rendered_by_admin" file="/app/vendor/gammamatrix/playground-test/src/Feature/Http/Controllers/Resource/Playground/ShowTrait.php" line="50" class="Tests\Feature\Playground\Lead\Resource\Http\Controllers\Playground\RegionRouteTest" classname="Tests.Feature.Playground.Lead.Resource.Http.Controllers.Playground.RegionRouteTest" assertions="2" time="0.415368"/>
        <testcase name="test_json_guest_cannot_store" file="/app/vendor/gammamatrix/playground-test/src/Feature/Http/Controllers/Resource/Playground/StoreJsonTrait.php" line="44" class="Tests\Feature\Playground\Lead\Resource\Http\Controllers\Playground\RegionRouteTest" classname="Tests.Feature.Playground.Lead.Resource.Http.Controllers.Playground.RegionRouteTest" assertions="3" time="0.366901"/>
        <testcase name="test_json_store_as_admin_without_payload_and_fail_validation" file="/app/vendor/gammamatrix/playground-test/src/Feature/Http/Controllers/Resource/Playground/StoreJsonTrait.php" line="67" class="Tests\Feature\Playground\Lead\Resource\Http\Controllers\Playground\RegionRouteTest" classname="Tests.Feature.Playground.Lead.Resource.Http.Controllers.Playground.RegionRouteTest" assertions="5" time="0.378946"/>
        <testcase name="test_json_store_as_admin_and_succeed" file="/app/vendor/gammamatrix/playground-test/src/Feature/Http/Controllers/Resource/Playground/StoreJsonTrait.php" line="93" class="Tests\Feature\Playground\Lead\Resource\Http\Controllers\Playground\RegionRouteTest" classname="Tests.Feature.Playground.Lead.Resource.Http.Controllers.Playground.RegionRouteTest" assertions="3" time="0.417926"/>
        <testcase name="test_guest_cannot_store" file="/app/vendor/gammamatrix/playground-test/src/Feature/Http/Controllers/Resource/Playground/StoreTrait.php" line="39" class="Tests\Feature\Playground\Lead\Resource\Http\Controllers\Playground\RegionRouteTest" classname="Tests.Feature.Playground.Lead.Resource.Http.Controllers.Playground.RegionRouteTest" assertions="3" time="0.366698"/>
        <testcase name="test_store_as_admin_without_payload_and_fail_validation" file="/app/vendor/gammamatrix/playground-test/src/Feature/Http/Controllers/Resource/Playground/StoreTrait.php" line="62" class="Tests\Feature\Playground\Lead\Resource\Http\Controllers\Playground\RegionRouteTest" classname="Tests.Feature.Playground.Lead.Resource.Http.Controllers.Playground.RegionRouteTest" assertions="5" time="0.382313"/>
        <testcase name="test_store_as_admin_and_succeed" file="/app/vendor/gammamatrix/playground-test/src/Feature/Http/Controllers/Resource/Playground/StoreTrait.php" line="91" class="Tests\Feature\Playground\Lead\Resource\Http\Controllers\Playground\RegionRouteTest" classname="Tests.Feature.Playground.Lead.Resource.Http.Controllers.Playground.RegionRouteTest" assertions="4" time="0.421968"/>
        <testcase name="test_store_as_admin_and_succeed_with_return_url" file="/app/vendor/gammamatrix/playground-test/src/Feature/Http/Controllers/Resource/Playground/StoreTrait.php" line="136" class="Tests\Feature\Playground\Lead\Resource\Http\Controllers\Playground\RegionRouteTest" classname="Tests.Feature.Playground.Lead.Resource.Http.Controllers.Playground.RegionRouteTest" assertions="4" time="0.421260"/>
        <testcase name="test_json_guest_cannot_unlock" file="/app/vendor/gammamatrix/playground-test/src/Feature/Http/Controllers/Resource/Playground/UnlockJsonTrait.php" line="37" class="Tests\Feature\Playground\Lead\Resource\Http\Controllers\Playground\RegionRouteTest" classname="Tests.Feature.Playground.Lead.Resource.Http.Controllers.Playground.RegionRouteTest" assertions="3" time="0.373986"/>
        <testcase name="test_json_unlock_as_admin_and_succeed" file="/app/vendor/gammamatrix/playground-test/src/Feature/Http/Controllers/Resource/Playground/UnlockJsonTrait.php" line="69" class="Tests\Feature\Playground\Lead\Resource\Http\Controllers\Playground\RegionRouteTest" classname="Tests.Feature.Playground.Lead.Resource.Http.Controllers.Playground.RegionRouteTest" assertions="125" time="0.395460"/>
        <testcase name="test_json_unlock_as_admin_and_succeed_with_no_redirect" file="/app/vendor/gammamatrix/playground-test/src/Feature/Http/Controllers/Resource/Playground/UnlockJsonTrait.php" line="105" class="Tests\Feature\Playground\Lead\Resource\Http\Controllers\Playground\RegionRouteTest" classname="Tests.Feature.Playground.Lead.Resource.Http.Controllers.Playground.RegionRouteTest" assertions="125" time="0.392199"/>
        <testcase name="test_json_unlock_as_user_and_get_denied" file="/app/vendor/gammamatrix/playground-test/src/Feature/Http/Controllers/Resource/Playground/UnlockJsonTrait.php" line="146" class="Tests\Feature\Playground\Lead\Resource\Http\Controllers\Playground\RegionRouteTest" classname="Tests.Feature.Playground.Lead.Resource.Http.Controllers.Playground.RegionRouteTest" assertions="3" time="0.382938"/>
        <testcase name="test_guest_cannot_unlock" file="/app/vendor/gammamatrix/playground-test/src/Feature/Http/Controllers/Resource/Playground/UnlockTrait.php" line="37" class="Tests\Feature\Playground\Lead\Resource\Http\Controllers\Playground\RegionRouteTest" classname="Tests.Feature.Playground.Lead.Resource.Http.Controllers.Playground.RegionRouteTest" assertions="3" time="0.383945"/>
        <testcase name="test_unlock_as_admin_and_succeed" file="/app/vendor/gammamatrix/playground-test/src/Feature/Http/Controllers/Resource/Playground/UnlockTrait.php" line="69" class="Tests\Feature\Playground\Lead\Resource\Http\Controllers\Playground\RegionRouteTest" classname="Tests.Feature.Playground.Lead.Resource.Http.Controllers.Playground.RegionRouteTest" assertions="4" time="0.391747"/>
        <testcase name="test_unlock_as_admin_and_succeed_with_redirect_to_index_with_sorted_by_unlocked_desc" file="/app/vendor/gammamatrix/playground-test/src/Feature/Http/Controllers/Resource/Playground/UnlockTrait.php" line="110" class="Tests\Feature\Playground\Lead\Resource\Http\Controllers\Playground\RegionRouteTest" classname="Tests.Feature.Playground.Lead.Resource.Http.Controllers.Playground.RegionRouteTest" assertions="4" time="0.389959"/>
        <testcase name="test_unlock_as_user_and_get_denied" file="/app/vendor/gammamatrix/playground-test/src/Feature/Http/Controllers/Resource/Playground/UnlockTrait.php" line="149" class="Tests\Feature\Playground\Lead\Resource\Http\Controllers\Playground\RegionRouteTest" classname="Tests.Feature.Playground.Lead.Resource.Http.Controllers.Playground.RegionRouteTest" assertions="3" time="0.385537"/>
        <testcase name="test_json_guest_cannot_update" file="/app/vendor/gammamatrix/playground-test/src/Feature/Http/Controllers/Resource/Playground/UpdateJsonTrait.php" line="46" class="Tests\Feature\Playground\Lead\Resource\Http\Controllers\Playground\RegionRouteTest" classname="Tests.Feature.Playground.Lead.Resource.Http.Controllers.Playground.RegionRouteTest" assertions="1" time="0.378601"/>
        <testcase name="test_json_update_as_admin_without_payload_and_passes_validation" file="/app/vendor/gammamatrix/playground-test/src/Feature/Http/Controllers/Resource/Playground/UpdateJsonTrait.php" line="66" class="Tests\Feature\Playground\Lead\Resource\Http\Controllers\Playground\RegionRouteTest" classname="Tests.Feature.Playground.Lead.Resource.Http.Controllers.Playground.RegionRouteTest" assertions="2" time="0.406470"/>
        <testcase name="test_json_admin_can_update" file="/app/vendor/gammamatrix/playground-test/src/Feature/Http/Controllers/Resource/Playground/UpdateJsonTrait.php" line="114" class="Tests\Feature\Playground\Lead\Resource\Http\Controllers\Playground\RegionRouteTest" classname="Tests.Feature.Playground.Lead.Resource.Http.Controllers.Playground.RegionRouteTest" assertions="127" time="0.518756"/>
        <testcase name="test_guest_cannot_update" file="/app/vendor/gammamatrix/playground-test/src/Feature/Http/Controllers/Resource/Playground/UpdateTrait.php" line="46" class="Tests\Feature\Playground\Lead\Resource\Http\Controllers\Playground\RegionRouteTest" classname="Tests.Feature.Playground.Lead.Resource.Http.Controllers.Playground.RegionRouteTest" assertions="1" time="0.393865"/>
        <testcase name="test_update_as_admin_without_payload_and_passes_validation" file="/app/vendor/gammamatrix/playground-test/src/Feature/Http/Controllers/Resource/Playground/UpdateTrait.php" line="66" class="Tests\Feature\Playground\Lead\Resource\Http\Controllers\Playground\RegionRouteTest" classname="Tests.Feature.Playground.Lead.Resource.Http.Controllers.Playground.RegionRouteTest" assertions="3" time="0.413471"/>
        <testcase name="test_admin_can_update" file="/app/vendor/gammamatrix/playground-test/src/Feature/Http/Controllers/Resource/Playground/UpdateTrait.php" line="117" class="Tests\Feature\Playground\Lead\Resource\Http\Controllers\Playground\RegionRouteTest" classname="Tests.Feature.Playground.Lead.Resource.Http.Controllers.Playground.RegionRouteTest" assertions="6" time="0.450049"/>
        <testcase name="test_admin_can_update_view_with_return_url" file="/app/vendor/gammamatrix/playground-test/src/Feature/Http/Controllers/Resource/Playground/UpdateTrait.php" line="160" class="Tests\Feature\Playground\Lead\Resource\Http\Controllers\Playground\RegionRouteTest" classname="Tests.Feature.Playground.Lead.Resource.Http.Controllers.Playground.RegionRouteTest" assertions="6" time="0.511999"/>
      </testsuite>
      <testsuite name="Tests\Feature\Playground\Lead\Resource\Http\Controllers\Playground\ReportRouteTest" file="/app/tests/Feature/Http/Controllers/Playground/ReportRouteTest.php" tests="73" assertions="1329" errors="0" failures="0" skipped="0" time="28.427070">
        <testcase name="test_json_guest_cannot_get_create_info" file="/app/vendor/gammamatrix/playground-test/src/Feature/Http/Controllers/Resource/Playground/CreateJsonTrait.php" line="39" class="Tests\Feature\Playground\Lead\Resource\Http\Controllers\Playground\ReportRouteTest" classname="Tests.Feature.Playground.Lead.Resource.Http.Controllers.Playground.ReportRouteTest" assertions="1" time="0.352362"/>
        <testcase name="test_json_admin_can_get_create_info" file="/app/vendor/gammamatrix/playground-test/src/Feature/Http/Controllers/Resource/Playground/CreateJsonTrait.php" line="54" class="Tests\Feature\Playground\Lead\Resource\Http\Controllers\Playground\ReportRouteTest" classname="Tests.Feature.Playground.Lead.Resource.Http.Controllers.Playground.ReportRouteTest" assertions="123" time="0.395953"/>
        <testcase name="test_json_get_create_info_as_admin_with_invalid_parameter_and_fail_validation" file="/app/vendor/gammamatrix/playground-test/src/Feature/Http/Controllers/Resource/Playground/CreateJsonTrait.php" line="74" class="Tests\Feature\Playground\Lead\Resource\Http\Controllers\Playground\ReportRouteTest" classname="Tests.Feature.Playground.Lead.Resource.Http.Controllers.Playground.ReportRouteTest" assertions="4" time="0.370688"/>
        <testcase name="test_guest_cannot_render_create_view" file="/app/vendor/gammamatrix/playground-test/src/Feature/Http/Controllers/Resource/Playground/CreateTrait.php" line="34" class="Tests\Feature\Playground\Lead\Resource\Http\Controllers\Playground\ReportRouteTest" classname="Tests.Feature.Playground.Lead.Resource.Http.Controllers.Playground.ReportRouteTest" assertions="1" time="0.358053"/>
        <testcase name="test_admin_can_render_create_view" file="/app/vendor/gammamatrix/playground-test/src/Feature/Http/Controllers/Resource/Playground/CreateTrait.php" line="48" class="Tests\Feature\Playground\Lead\Resource\Http\Controllers\Playground\ReportRouteTest" classname="Tests.Feature.Playground.Lead.Resource.Http.Controllers.Playground.ReportRouteTest" assertions="2" time="0.413314"/>
        <testcase name="test_admin_can_render_create_view_with_return_url" file="/app/vendor/gammamatrix/playground-test/src/Feature/Http/Controllers/Resource/Playground/CreateTrait.php" line="66" class="Tests\Feature\Playground\Lead\Resource\Http\Controllers\Playground\ReportRouteTest" classname="Tests.Feature.Playground.Lead.Resource.Http.Controllers.Playground.ReportRouteTest" assertions="3" time="0.408218"/>
        <testcase name="test_create_view_as_admin_with_invalid_parameter_and_fail_validation_and_redirect" file="/app/vendor/gammamatrix/playground-test/src/Feature/Http/Controllers/Resource/Playground/CreateTrait.php" line="90" class="Tests\Feature\Playground\Lead\Resource\Http\Controllers\Playground\ReportRouteTest" classname="Tests.Feature.Playground.Lead.Resource.Http.Controllers.Playground.ReportRouteTest" assertions="5" time="0.386487"/>
        <testcase name="test_json_guest_cannot_destroy" file="/app/vendor/gammamatrix/playground-test/src/Feature/Http/Controllers/Resource/Playground/DestroyJsonTrait.php" line="32" class="Tests\Feature\Playground\Lead\Resource\Http\Controllers\Playground\ReportRouteTest" classname="Tests.Feature.Playground.Lead.Resource.Http.Controllers.Playground.ReportRouteTest" assertions="3" time="0.368570"/>
        <testcase name="test_json_destroy_as_admin_and_succeed" file="/app/vendor/gammamatrix/playground-test/src/Feature/Http/Controllers/Resource/Playground/DestroyJsonTrait.php" line="62" class="Tests\Feature\Playground\Lead\Resource\Http\Controllers\Playground\ReportRouteTest" classname="Tests.Feature.Playground.Lead.Resource.Http.Controllers.Playground.ReportRouteTest" assertions="5" time="0.387094"/>
        <testcase name="test_json_destroy_as_admin_and_succeed_with_force_delete" file="/app/vendor/gammamatrix/playground-test/src/Feature/Http/Controllers/Resource/Playground/DestroyJsonTrait.php" line="101" class="Tests\Feature\Playground\Lead\Resource\Http\Controllers\Playground\ReportRouteTest" classname="Tests.Feature.Playground.Lead.Resource.Http.Controllers.Playground.ReportRouteTest" assertions="4" time="0.379672"/>
        <testcase name="test_json_destroy_as_admin_and_succeed_with_no_content" file="/app/vendor/gammamatrix/playground-test/src/Feature/Http/Controllers/Resource/Playground/DestroyJsonTrait.php" line="133" class="Tests\Feature\Playground\Lead\Resource\Http\Controllers\Playground\ReportRouteTest" classname="Tests.Feature.Playground.Lead.Resource.Http.Controllers.Playground.ReportRouteTest" assertions="5" time="0.375954"/>
        <testcase name="test_json_destroy_as_admin_and_succeed_and_ignore_redirect" file="/app/vendor/gammamatrix/playground-test/src/Feature/Http/Controllers/Resource/Playground/DestroyJsonTrait.php" line="168" class="Tests\Feature\Playground\Lead\Resource\Http\Controllers\Playground\ReportRouteTest" classname="Tests.Feature.Playground.Lead.Resource.Http.Controllers.Playground.ReportRouteTest" assertions="5" time="0.374091"/>
        <testcase name="test_json_destroy_as_user_and_get_denied_and_no_force_delete_allowed" file="/app/vendor/gammamatrix/playground-test/src/Feature/Http/Controllers/Resource/Playground/DestroyJsonTrait.php" line="210" class="Tests\Feature\Playground\Lead\Resource\Http\Controllers\Playground\ReportRouteTest" classname="Tests.Feature.Playground.Lead.Resource.Http.Controllers.Playground.ReportRouteTest" assertions="3" time="0.380190"/>
        <testcase name="test_guest_cannot_destroy" file="/app/vendor/gammamatrix/playground-test/src/Feature/Http/Controllers/Resource/Playground/DestroyTrait.php" line="32" class="Tests\Feature\Playground\Lead\Resource\Http\Controllers\Playground\ReportRouteTest" classname="Tests.Feature.Playground.Lead.Resource.Http.Controllers.Playground.ReportRouteTest" assertions="3" time="0.362866"/>
        <testcase name="test_destroy_as_admin_and_succeed" file="/app/vendor/gammamatrix/playground-test/src/Feature/Http/Controllers/Resource/Playground/DestroyTrait.php" line="62" class="Tests\Feature\Playground\Lead\Resource\Http\Controllers\Playground\ReportRouteTest" classname="Tests.Feature.Playground.Lead.Resource.Http.Controllers.Playground.ReportRouteTest" assertions="5" time="0.375918"/>
        <testcase name="test_destroy_as_admin_and_succeed_with_force_delete" file="/app/vendor/gammamatrix/playground-test/src/Feature/Http/Controllers/Resource/Playground/DestroyTrait.php" line="98" class="Tests\Feature\Playground\Lead\Resource\Http\Controllers\Playground\ReportRouteTest" classname="Tests.Feature.Playground.Lead.Resource.Http.Controllers.Playground.ReportRouteTest" assertions="4" time="0.372469"/>
        <testcase name="test_destroy_as_admin_and_succeed_with_redirect_to_index_with_trash" file="/app/vendor/gammamatrix/playground-test/src/Feature/Http/Controllers/Resource/Playground/DestroyTrait.php" line="130" class="Tests\Feature\Playground\Lead\Resource\Http\Controllers\Playground\ReportRouteTest" classname="Tests.Feature.Playground.Lead.Resource.Http.Controllers.Playground.ReportRouteTest" assertions="5" time="0.380891"/>
        <testcase name="test_destroy_as_user_and_get_denied_and_no_force_delete_allowed" file="/app/vendor/gammamatrix/playground-test/src/Feature/Http/Controllers/Resource/Playground/DestroyTrait.php" line="172" class="Tests\Feature\Playground\Lead\Resource\Http\Controllers\Playground\ReportRouteTest" classname="Tests.Feature.Playground.Lead.Resource.Http.Controllers.Playground.ReportRouteTest" assertions="3" time="0.373889"/>
        <testcase name="test_json_guest_cannot_get_edit_info" file="/app/vendor/gammamatrix/playground-test/src/Feature/Http/Controllers/Resource/Playground/EditJsonTrait.php" line="39" class="Tests\Feature\Playground\Lead\Resource\Http\Controllers\Playground\ReportRouteTest" classname="Tests.Feature.Playground.Lead.Resource.Http.Controllers.Playground.ReportRouteTest" assertions="1" time="0.377234"/>
        <testcase name="test_json_admin_can_get_edit_info" file="/app/vendor/gammamatrix/playground-test/src/Feature/Http/Controllers/Resource/Playground/EditJsonTrait.php" line="59" class="Tests\Feature\Playground\Lead\Resource\Http\Controllers\Playground\ReportRouteTest" classname="Tests.Feature.Playground.Lead.Resource.Http.Controllers.Playground.ReportRouteTest" assertions="4" time="0.395624"/>
        <testcase name="test_json_edit_as_admin_and_fail_validation_with_invalid_parameter" file="/app/vendor/gammamatrix/playground-test/src/Feature/Http/Controllers/Resource/Playground/EditJsonTrait.php" line="88" class="Tests\Feature\Playground\Lead\Resource\Http\Controllers\Playground\ReportRouteTest" classname="Tests.Feature.Playground.Lead.Resource.Http.Controllers.Playground.ReportRouteTest" assertions="4" time="0.397099"/>
        <testcase name="test_guest_cannot_render_edit_view" file="/app/vendor/gammamatrix/playground-test/src/Feature/Http/Controllers/Resource/Playground/EditTrait.php" line="34" class="Tests\Feature\Playground\Lead\Resource\Http\Controllers\Playground\ReportRouteTest" classname="Tests.Feature.Playground.Lead.Resource.Http.Controllers.Playground.ReportRouteTest" assertions="1" time="0.365032"/>
        <testcase name="test_admin_can_render_edit_view" file="/app/vendor/gammamatrix/playground-test/src/Feature/Http/Controllers/Resource/Playground/EditTrait.php" line="54" class="Tests\Feature\Playground\Lead\Resource\Http\Controllers\Playground\ReportRouteTest" classname="Tests.Feature.Playground.Lead.Resource.Http.Controllers.Playground.ReportRouteTest" assertions="2" time="0.418207"/>
        <testcase name="test_admin_can_render_edit_view_with_return_url" file="/app/vendor/gammamatrix/playground-test/src/Feature/Http/Controllers/Resource/Playground/EditTrait.php" line="78" class="Tests\Feature\Playground\Lead\Resource\Http\Controllers\Playground\ReportRouteTest" classname="Tests.Feature.Playground.Lead.Resource.Http.Controllers.Playground.ReportRouteTest" assertions="3" time="0.425290"/>
        <testcase name="test_edit_view_as_admin_with_invalid_parameter_and_fail_validation_and_redirect" file="/app/vendor/gammamatrix/playground-test/src/Feature/Http/Controllers/Resource/Playground/EditTrait.php" line="107" class="Tests\Feature\Playground\Lead\Resource\Http\Controllers\Playground\ReportRouteTest" classname="Tests.Feature.Playground.Lead.Resource.Http.Controllers.Playground.ReportRouteTest" assertions="4" time="0.393614"/>
        <testcase name="test_json_guest_cannot_get_index" file="/app/vendor/gammamatrix/playground-test/src/Feature/Http/Controllers/Resource/Playground/IndexJsonTrait.php" line="35" class="Tests\Feature\Playground\Lead\Resource\Http\Controllers\Playground\ReportRouteTest" classname="Tests.Feature.Playground.Lead.Resource.Http.Controllers.Playground.ReportRouteTest" assertions="1" time="0.366159"/>
        <testcase name="test_json_admin_can_get_index" file="/app/vendor/gammamatrix/playground-test/src/Feature/Http/Controllers/Resource/Playground/IndexJsonTrait.php" line="50" class="Tests\Feature\Playground\Lead\Resource\Http\Controllers\Playground\ReportRouteTest" classname="Tests.Feature.Playground.Lead.Resource.Http.Controllers.Playground.ReportRouteTest" assertions="127" time="0.389938"/>
        <testcase name="test_json_admin_can_get_index_with_filters" file="/app/vendor/gammamatrix/playground-test/src/Feature/Http/Controllers/Resource/Playground/IndexJsonTrait.php" line="86" class="Tests\Feature\Playground\Lead\Resource\Http\Controllers\Playground\ReportRouteTest" classname="Tests.Feature.Playground.Lead.Resource.Http.Controllers.Playground.ReportRouteTest" assertions="3" time="0.393709"/>
        <testcase name="test_guest_cannot_render_index_view" file="/app/vendor/gammamatrix/playground-test/src/Feature/Http/Controllers/Resource/Playground/IndexTrait.php" line="30" class="Tests\Feature\Playground\Lead\Resource\Http\Controllers\Playground\ReportRouteTest" classname="Tests.Feature.Playground.Lead.Resource.Http.Controllers.Playground.ReportRouteTest" assertions="1" time="0.367087"/>
        <testcase name="test_admin_can_render_index_view" file="/app/vendor/gammamatrix/playground-test/src/Feature/Http/Controllers/Resource/Playground/IndexTrait.php" line="45" class="Tests\Feature\Playground\Lead\Resource\Http\Controllers\Playground\ReportRouteTest" classname="Tests.Feature.Playground.Lead.Resource.Http.Controllers.Playground.ReportRouteTest" assertions="2" time="0.437091"/>
        <testcase name="test_admin_can_render_index_view_with_filters" file="/app/vendor/gammamatrix/playground-test/src/Feature/Http/Controllers/Resource/Playground/IndexTrait.php" line="78" class="Tests\Feature\Playground\Lead\Resource\Http\Controllers\Playground\ReportRouteTest" classname="Tests.Feature.Playground.Lead.Resource.Http.Controllers.Playground.ReportRouteTest" assertions="3" time="0.443247"/>
        <testcase name="test_json_guest_cannot_lock" file="/app/vendor/gammamatrix/playground-test/src/Feature/Http/Controllers/Resource/Playground/LockJsonTrait.php" line="37" class="Tests\Feature\Playground\Lead\Resource\Http\Controllers\Playground\ReportRouteTest" classname="Tests.Feature.Playground.Lead.Resource.Http.Controllers.Playground.ReportRouteTest" assertions="3" time="0.370377"/>
        <testcase name="test_json_lock_as_admin_and_succeed" file="/app/vendor/gammamatrix/playground-test/src/Feature/Http/Controllers/Resource/Playground/LockJsonTrait.php" line="67" class="Tests\Feature\Playground\Lead\Resource\Http\Controllers\Playground\ReportRouteTest" classname="Tests.Feature.Playground.Lead.Resource.Http.Controllers.Playground.ReportRouteTest" assertions="3" time="0.397651"/>
        <testcase name="test_json_lock_as_admin_and_succeed_with_no_redirect" file="/app/vendor/gammamatrix/playground-test/src/Feature/Http/Controllers/Resource/Playground/LockJsonTrait.php" line="99" class="Tests\Feature\Playground\Lead\Resource\Http\Controllers\Playground\ReportRouteTest" classname="Tests.Feature.Playground.Lead.Resource.Http.Controllers.Playground.ReportRouteTest" assertions="125" time="0.390179"/>
        <testcase name="test_json_lock_as_user_and_get_denied" file="/app/vendor/gammamatrix/playground-test/src/Feature/Http/Controllers/Resource/Playground/LockJsonTrait.php" line="144" class="Tests\Feature\Playground\Lead\Resource\Http\Controllers\Playground\ReportRouteTest" classname="Tests.Feature.Playground.Lead.Resource.Http.Controllers.Playground.ReportRouteTest" assertions="3" time="0.385711"/>
        <testcase name="test_guest_cannot_lock" file="/app/vendor/gammamatrix/playground-test/src/Feature/Http/Controllers/Resource/Playground/LockTrait.php" line="32" class="Tests\Feature\Playground\Lead\Resource\Http\Controllers\Playground\ReportRouteTest" classname="Tests.Feature.Playground.Lead.Resource.Http.Controllers.Playground.ReportRouteTest" assertions="3" time="0.371757"/>
        <testcase name="test_lock_as_admin_and_succeed" file="/app/vendor/gammamatrix/playground-test/src/Feature/Http/Controllers/Resource/Playground/LockTrait.php" line="62" class="Tests\Feature\Playground\Lead\Resource\Http\Controllers\Playground\ReportRouteTest" classname="Tests.Feature.Playground.Lead.Resource.Http.Controllers.Playground.ReportRouteTest" assertions="4" time="0.382073"/>
        <testcase name="test_lock_as_admin_and_succeed_with_redirect_to_index_with_sorted_by_locked_desc" file="/app/vendor/gammamatrix/playground-test/src/Feature/Http/Controllers/Resource/Playground/LockTrait.php" line="96" class="Tests\Feature\Playground\Lead\Resource\Http\Controllers\Playground\ReportRouteTest" classname="Tests.Feature.Playground.Lead.Resource.Http.Controllers.Playground.ReportRouteTest" assertions="4" time="0.383315"/>
        <testcase name="test_lock_as_user_and_get_denied" file="/app/vendor/gammamatrix/playground-test/src/Feature/Http/Controllers/Resource/Playground/LockTrait.php" line="133" class="Tests\Feature\Playground\Lead\Resource\Http\Controllers\Playground\ReportRouteTest" classname="Tests.Feature.Playground.Lead.Resource.Http.Controllers.Playground.ReportRouteTest" assertions="3" time="0.375703"/>
        <testcase name="test_json_guest_cannot_restore" file="/app/vendor/gammamatrix/playground-test/src/Feature/Http/Controllers/Resource/Playground/RestoreJsonTrait.php" line="33" class="Tests\Feature\Playground\Lead\Resource\Http\Controllers\Playground\ReportRouteTest" classname="Tests.Feature.Playground.Lead.Resource.Http.Controllers.Playground.ReportRouteTest" assertions="3" time="0.369007"/>
        <testcase name="test_json_restore_as_admin_and_succeed" file="/app/vendor/gammamatrix/playground-test/src/Feature/Http/Controllers/Resource/Playground/RestoreJsonTrait.php" line="65" class="Tests\Feature\Playground\Lead\Resource\Http\Controllers\Playground\ReportRouteTest" classname="Tests.Feature.Playground.Lead.Resource.Http.Controllers.Playground.ReportRouteTest" assertions="125" time="0.398345"/>
        <testcase name="test_json_restore_as_admin_and_succeed_with_no_redirect" file="/app/vendor/gammamatrix/playground-test/src/Feature/Http/Controllers/Resource/Playground/RestoreJsonTrait.php" line="101" class="Tests\Feature\Playground\Lead\Resource\Http\Controllers\Playground\ReportRouteTest" classname="Tests.Feature.Playground.Lead.Resource.Http.Controllers.Playground.ReportRouteTest" assertions="125" time="0.393883"/>
        <testcase name="test_json_restore_as_user_and_get_denied" file="/app/vendor/gammamatrix/playground-test/src/Feature/Http/Controllers/Resource/Playground/RestoreJsonTrait.php" line="144" class="Tests\Feature\Playground\Lead\Resource\Http\Controllers\Playground\ReportRouteTest" classname="Tests.Feature.Playground.Lead.Resource.Http.Controllers.Playground.ReportRouteTest" assertions="3" time="0.382708"/>
        <testcase name="test_guest_cannot_restore" file="/app/vendor/gammamatrix/playground-test/src/Feature/Http/Controllers/Resource/Playground/RestoreTrait.php" line="33" class="Tests\Feature\Playground\Lead\Resource\Http\Controllers\Playground\ReportRouteTest" classname="Tests.Feature.Playground.Lead.Resource.Http.Controllers.Playground.ReportRouteTest" assertions="3" time="0.377702"/>
        <testcase name="test_restore_as_admin_and_succeed" file="/app/vendor/gammamatrix/playground-test/src/Feature/Http/Controllers/Resource/Playground/RestoreTrait.php" line="65" class="Tests\Feature\Playground\Lead\Resource\Http\Controllers\Playground\ReportRouteTest" classname="Tests.Feature.Playground.Lead.Resource.Http.Controllers.Playground.ReportRouteTest" assertions="4" time="0.383909"/>
        <testcase name="test_restore_as_admin_and_succeed_with_redirect_to_index_with_only_trash" file="/app/vendor/gammamatrix/playground-test/src/Feature/Http/Controllers/Resource/Playground/RestoreTrait.php" line="101" class="Tests\Feature\Playground\Lead\Resource\Http\Controllers\Playground\ReportRouteTest" classname="Tests.Feature.Playground.Lead.Resource.Http.Controllers.Playground.ReportRouteTest" assertions="4" time="0.384681"/>
        <testcase name="test_restore_as_user_and_get_denied" file="/app/vendor/gammamatrix/playground-test/src/Feature/Http/Controllers/Resource/Playground/RestoreTrait.php" line="147" class="Tests\Feature\Playground\Lead\Resource\Http\Controllers\Playground\ReportRouteTest" classname="Tests.Feature.Playground.Lead.Resource.Http.Controllers.Playground.ReportRouteTest" assertions="3" time="0.390636"/>
        <testcase name="test_json_guest_cannot_see_info" file="/app/vendor/gammamatrix/playground-test/src/Feature/Http/Controllers/Resource/Playground/ShowJsonTrait.php" line="30" class="Tests\Feature\Playground\Lead\Resource\Http\Controllers\Playground\ReportRouteTest" classname="Tests.Feature.Playground.Lead.Resource.Http.Controllers.Playground.ReportRouteTest" assertions="1" time="0.375507"/>
        <testcase name="test_json_show_info_for_admin" file="/app/vendor/gammamatrix/playground-test/src/Feature/Http/Controllers/Resource/Playground/ShowJsonTrait.php" line="50" class="Tests\Feature\Playground\Lead\Resource\Http\Controllers\Playground\ReportRouteTest" classname="Tests.Feature.Playground.Lead.Resource.Http.Controllers.Playground.ReportRouteTest" assertions="124" time="0.388716"/>
        <testcase name="test_guest_cannot_render_show_view" file="/app/vendor/gammamatrix/playground-test/src/Feature/Http/Controllers/Resource/Playground/ShowTrait.php" line="30" class="Tests\Feature\Playground\Lead\Resource\Http\Controllers\Playground\ReportRouteTest" classname="Tests.Feature.Playground.Lead.Resource.Http.Controllers.Playground.ReportRouteTest" assertions="1" time="0.371362"/>
        <testcase name="test_show_view_rendered_by_admin" file="/app/vendor/gammamatrix/playground-test/src/Feature/Http/Controllers/Resource/Playground/ShowTrait.php" line="50" class="Tests\Feature\Playground\Lead\Resource\Http\Controllers\Playground\ReportRouteTest" classname="Tests.Feature.Playground.Lead.Resource.Http.Controllers.Playground.ReportRouteTest" assertions="2" time="0.400801"/>
        <testcase name="test_json_guest_cannot_store" file="/app/vendor/gammamatrix/playground-test/src/Feature/Http/Controllers/Resource/Playground/StoreJsonTrait.php" line="44" class="Tests\Feature\Playground\Lead\Resource\Http\Controllers\Playground\ReportRouteTest" classname="Tests.Feature.Playground.Lead.Resource.Http.Controllers.Playground.ReportRouteTest" assertions="3" time="0.367797"/>
        <testcase name="test_json_store_as_admin_without_payload_and_fail_validation" file="/app/vendor/gammamatrix/playground-test/src/Feature/Http/Controllers/Resource/Playground/StoreJsonTrait.php" line="67" class="Tests\Feature\Playground\Lead\Resource\Http\Controllers\Playground\ReportRouteTest" classname="Tests.Feature.Playground.Lead.Resource.Http.Controllers.Playground.ReportRouteTest" assertions="5" time="0.390557"/>
        <testcase name="test_json_store_as_admin_and_succeed" file="/app/vendor/gammamatrix/playground-test/src/Feature/Http/Controllers/Resource/Playground/StoreJsonTrait.php" line="93" class="Tests\Feature\Playground\Lead\Resource\Http\Controllers\Playground\ReportRouteTest" classname="Tests.Feature.Playground.Lead.Resource.Http.Controllers.Playground.ReportRouteTest" assertions="3" time="0.417319"/>
        <testcase name="test_guest_cannot_store" file="/app/vendor/gammamatrix/playground-test/src/Feature/Http/Controllers/Resource/Playground/StoreTrait.php" line="39" class="Tests\Feature\Playground\Lead\Resource\Http\Controllers\Playground\ReportRouteTest" classname="Tests.Feature.Playground.Lead.Resource.Http.Controllers.Playground.ReportRouteTest" assertions="3" time="0.372336"/>
        <testcase name="test_store_as_admin_without_payload_and_fail_validation" file="/app/vendor/gammamatrix/playground-test/src/Feature/Http/Controllers/Resource/Playground/StoreTrait.php" line="62" class="Tests\Feature\Playground\Lead\Resource\Http\Controllers\Playground\ReportRouteTest" classname="Tests.Feature.Playground.Lead.Resource.Http.Controllers.Playground.ReportRouteTest" assertions="5" time="0.382086"/>
        <testcase name="test_store_as_admin_and_succeed" file="/app/vendor/gammamatrix/playground-test/src/Feature/Http/Controllers/Resource/Playground/StoreTrait.php" line="91" class="Tests\Feature\Playground\Lead\Resource\Http\Controllers\Playground\ReportRouteTest" classname="Tests.Feature.Playground.Lead.Resource.Http.Controllers.Playground.ReportRouteTest" assertions="4" time="0.415623"/>
        <testcase name="test_store_as_admin_and_succeed_with_return_url" file="/app/vendor/gammamatrix/playground-test/src/Feature/Http/Controllers/Resource/Playground/StoreTrait.php" line="136" class="Tests\Feature\Playground\Lead\Resource\Http\Controllers\Playground\ReportRouteTest" classname="Tests.Feature.Playground.Lead.Resource.Http.Controllers.Playground.ReportRouteTest" assertions="4" time="0.413966"/>
        <testcase name="test_json_guest_cannot_unlock" file="/app/vendor/gammamatrix/playground-test/src/Feature/Http/Controllers/Resource/Playground/UnlockJsonTrait.php" line="37" class="Tests\Feature\Playground\Lead\Resource\Http\Controllers\Playground\ReportRouteTest" classname="Tests.Feature.Playground.Lead.Resource.Http.Controllers.Playground.ReportRouteTest" assertions="3" time="0.388168"/>
        <testcase name="test_json_unlock_as_admin_and_succeed" file="/app/vendor/gammamatrix/playground-test/src/Feature/Http/Controllers/Resource/Playground/UnlockJsonTrait.php" line="69" class="Tests\Feature\Playground\Lead\Resource\Http\Controllers\Playground\ReportRouteTest" classname="Tests.Feature.Playground.Lead.Resource.Http.Controllers.Playground.ReportRouteTest" assertions="125" time="0.397208"/>
        <testcase name="test_json_unlock_as_admin_and_succeed_with_no_redirect" file="/app/vendor/gammamatrix/playground-test/src/Feature/Http/Controllers/Resource/Playground/UnlockJsonTrait.php" line="105" class="Tests\Feature\Playground\Lead\Resource\Http\Controllers\Playground\ReportRouteTest" classname="Tests.Feature.Playground.Lead.Resource.Http.Controllers.Playground.ReportRouteTest" assertions="125" time="0.396614"/>
        <testcase name="test_json_unlock_as_user_and_get_denied" file="/app/vendor/gammamatrix/playground-test/src/Feature/Http/Controllers/Resource/Playground/UnlockJsonTrait.php" line="146" class="Tests\Feature\Playground\Lead\Resource\Http\Controllers\Playground\ReportRouteTest" classname="Tests.Feature.Playground.Lead.Resource.Http.Controllers.Playground.ReportRouteTest" assertions="3" time="0.382584"/>
        <testcase name="test_guest_cannot_unlock" file="/app/vendor/gammamatrix/playground-test/src/Feature/Http/Controllers/Resource/Playground/UnlockTrait.php" line="37" class="Tests\Feature\Playground\Lead\Resource\Http\Controllers\Playground\ReportRouteTest" classname="Tests.Feature.Playground.Lead.Resource.Http.Controllers.Playground.ReportRouteTest" assertions="3" time="0.375315"/>
        <testcase name="test_unlock_as_admin_and_succeed" file="/app/vendor/gammamatrix/playground-test/src/Feature/Http/Controllers/Resource/Playground/UnlockTrait.php" line="69" class="Tests\Feature\Playground\Lead\Resource\Http\Controllers\Playground\ReportRouteTest" classname="Tests.Feature.Playground.Lead.Resource.Http.Controllers.Playground.ReportRouteTest" assertions="4" time="0.387758"/>
        <testcase name="test_unlock_as_admin_and_succeed_with_redirect_to_index_with_sorted_by_unlocked_desc" file="/app/vendor/gammamatrix/playground-test/src/Feature/Http/Controllers/Resource/Playground/UnlockTrait.php" line="110" class="Tests\Feature\Playground\Lead\Resource\Http\Controllers\Playground\ReportRouteTest" classname="Tests.Feature.Playground.Lead.Resource.Http.Controllers.Playground.ReportRouteTest" assertions="4" time="0.400086"/>
        <testcase name="test_unlock_as_user_and_get_denied" file="/app/vendor/gammamatrix/playground-test/src/Feature/Http/Controllers/Resource/Playground/UnlockTrait.php" line="149" class="Tests\Feature\Playground\Lead\Resource\Http\Controllers\Playground\ReportRouteTest" classname="Tests.Feature.Playground.Lead.Resource.Http.Controllers.Playground.ReportRouteTest" assertions="3" time="0.384247"/>
        <testcase name="test_json_guest_cannot_update" file="/app/vendor/gammamatrix/playground-test/src/Feature/Http/Controllers/Resource/Playground/UpdateJsonTrait.php" line="46" class="Tests\Feature\Playground\Lead\Resource\Http\Controllers\Playground\ReportRouteTest" classname="Tests.Feature.Playground.Lead.Resource.Http.Controllers.Playground.ReportRouteTest" assertions="1" time="0.370336"/>
        <testcase name="test_json_update_as_admin_without_payload_and_passes_validation" file="/app/vendor/gammamatrix/playground-test/src/Feature/Http/Controllers/Resource/Playground/UpdateJsonTrait.php" line="66" class="Tests\Feature\Playground\Lead\Resource\Http\Controllers\Playground\ReportRouteTest" classname="Tests.Feature.Playground.Lead.Resource.Http.Controllers.Playground.ReportRouteTest" assertions="2" time="0.405432"/>
        <testcase name="test_json_admin_can_update" file="/app/vendor/gammamatrix/playground-test/src/Feature/Http/Controllers/Resource/Playground/UpdateJsonTrait.php" line="114" class="Tests\Feature\Playground\Lead\Resource\Http\Controllers\Playground\ReportRouteTest" classname="Tests.Feature.Playground.Lead.Resource.Http.Controllers.Playground.ReportRouteTest" assertions="127" time="0.446562"/>
        <testcase name="test_guest_cannot_update" file="/app/vendor/gammamatrix/playground-test/src/Feature/Http/Controllers/Resource/Playground/UpdateTrait.php" line="46" class="Tests\Feature\Playground\Lead\Resource\Http\Controllers\Playground\ReportRouteTest" classname="Tests.Feature.Playground.Lead.Resource.Http.Controllers.Playground.ReportRouteTest" assertions="1" time="0.380218"/>
        <testcase name="test_update_as_admin_without_payload_and_passes_validation" file="/app/vendor/gammamatrix/playground-test/src/Feature/Http/Controllers/Resource/Playground/UpdateTrait.php" line="66" class="Tests\Feature\Playground\Lead\Resource\Http\Controllers\Playground\ReportRouteTest" classname="Tests.Feature.Playground.Lead.Resource.Http.Controllers.Playground.ReportRouteTest" assertions="3" time="0.408872"/>
        <testcase name="test_admin_can_update" file="/app/vendor/gammamatrix/playground-test/src/Feature/Http/Controllers/Resource/Playground/UpdateTrait.php" line="117" class="Tests\Feature\Playground\Lead\Resource\Http\Controllers\Playground\ReportRouteTest" classname="Tests.Feature.Playground.Lead.Resource.Http.Controllers.Playground.ReportRouteTest" assertions="6" time="0.444061"/>
        <testcase name="test_admin_can_update_view_with_return_url" file="/app/vendor/gammamatrix/playground-test/src/Feature/Http/Controllers/Resource/Playground/UpdateTrait.php" line="160" class="Tests\Feature\Playground\Lead\Resource\Http\Controllers\Playground\ReportRouteTest" classname="Tests.Feature.Playground.Lead.Resource.Http.Controllers.Playground.ReportRouteTest" assertions="6" time="0.439893"/>
      </testsuite>
      <testsuite name="Tests\Feature\Playground\Lead\Resource\Http\Controllers\Playground\SourceRouteTest" file="/app/tests/Feature/Http/Controllers/Playground/SourceRouteTest.php" tests="73" assertions="1329" errors="0" failures="0" skipped="0" time="28.358525">
        <testcase name="test_json_guest_cannot_get_create_info" file="/app/vendor/gammamatrix/playground-test/src/Feature/Http/Controllers/Resource/Playground/CreateJsonTrait.php" line="39" class="Tests\Feature\Playground\Lead\Resource\Http\Controllers\Playground\SourceRouteTest" classname="Tests.Feature.Playground.Lead.Resource.Http.Controllers.Playground.SourceRouteTest" assertions="1" time="0.346394"/>
        <testcase name="test_json_admin_can_get_create_info" file="/app/vendor/gammamatrix/playground-test/src/Feature/Http/Controllers/Resource/Playground/CreateJsonTrait.php" line="54" class="Tests\Feature\Playground\Lead\Resource\Http\Controllers\Playground\SourceRouteTest" classname="Tests.Feature.Playground.Lead.Resource.Http.Controllers.Playground.SourceRouteTest" assertions="123" time="0.373396"/>
        <testcase name="test_json_get_create_info_as_admin_with_invalid_parameter_and_fail_validation" file="/app/vendor/gammamatrix/playground-test/src/Feature/Http/Controllers/Resource/Playground/CreateJsonTrait.php" line="74" class="Tests\Feature\Playground\Lead\Resource\Http\Controllers\Playground\SourceRouteTest" classname="Tests.Feature.Playground.Lead.Resource.Http.Controllers.Playground.SourceRouteTest" assertions="4" time="0.396357"/>
        <testcase name="test_guest_cannot_render_create_view" file="/app/vendor/gammamatrix/playground-test/src/Feature/Http/Controllers/Resource/Playground/CreateTrait.php" line="34" class="Tests\Feature\Playground\Lead\Resource\Http\Controllers\Playground\SourceRouteTest" classname="Tests.Feature.Playground.Lead.Resource.Http.Controllers.Playground.SourceRouteTest" assertions="1" time="0.350179"/>
        <testcase name="test_admin_can_render_create_view" file="/app/vendor/gammamatrix/playground-test/src/Feature/Http/Controllers/Resource/Playground/CreateTrait.php" line="48" class="Tests\Feature\Playground\Lead\Resource\Http\Controllers\Playground\SourceRouteTest" classname="Tests.Feature.Playground.Lead.Resource.Http.Controllers.Playground.SourceRouteTest" assertions="2" time="0.402339"/>
        <testcase name="test_admin_can_render_create_view_with_return_url" file="/app/vendor/gammamatrix/playground-test/src/Feature/Http/Controllers/Resource/Playground/CreateTrait.php" line="66" class="Tests\Feature\Playground\Lead\Resource\Http\Controllers\Playground\SourceRouteTest" classname="Tests.Feature.Playground.Lead.Resource.Http.Controllers.Playground.SourceRouteTest" assertions="3" time="0.401783"/>
        <testcase name="test_create_view_as_admin_with_invalid_parameter_and_fail_validation_and_redirect" file="/app/vendor/gammamatrix/playground-test/src/Feature/Http/Controllers/Resource/Playground/CreateTrait.php" line="90" class="Tests\Feature\Playground\Lead\Resource\Http\Controllers\Playground\SourceRouteTest" classname="Tests.Feature.Playground.Lead.Resource.Http.Controllers.Playground.SourceRouteTest" assertions="5" time="0.370454"/>
        <testcase name="test_json_guest_cannot_destroy" file="/app/vendor/gammamatrix/playground-test/src/Feature/Http/Controllers/Resource/Playground/DestroyJsonTrait.php" line="32" class="Tests\Feature\Playground\Lead\Resource\Http\Controllers\Playground\SourceRouteTest" classname="Tests.Feature.Playground.Lead.Resource.Http.Controllers.Playground.SourceRouteTest" assertions="3" time="0.359876"/>
        <testcase name="test_json_destroy_as_admin_and_succeed" file="/app/vendor/gammamatrix/playground-test/src/Feature/Http/Controllers/Resource/Playground/DestroyJsonTrait.php" line="62" class="Tests\Feature\Playground\Lead\Resource\Http\Controllers\Playground\SourceRouteTest" classname="Tests.Feature.Playground.Lead.Resource.Http.Controllers.Playground.SourceRouteTest" assertions="5" time="0.384128"/>
        <testcase name="test_json_destroy_as_admin_and_succeed_with_force_delete" file="/app/vendor/gammamatrix/playground-test/src/Feature/Http/Controllers/Resource/Playground/DestroyJsonTrait.php" line="101" class="Tests\Feature\Playground\Lead\Resource\Http\Controllers\Playground\SourceRouteTest" classname="Tests.Feature.Playground.Lead.Resource.Http.Controllers.Playground.SourceRouteTest" assertions="4" time="0.375125"/>
        <testcase name="test_json_destroy_as_admin_and_succeed_with_no_content" file="/app/vendor/gammamatrix/playground-test/src/Feature/Http/Controllers/Resource/Playground/DestroyJsonTrait.php" line="133" class="Tests\Feature\Playground\Lead\Resource\Http\Controllers\Playground\SourceRouteTest" classname="Tests.Feature.Playground.Lead.Resource.Http.Controllers.Playground.SourceRouteTest" assertions="5" time="0.375316"/>
        <testcase name="test_json_destroy_as_admin_and_succeed_and_ignore_redirect" file="/app/vendor/gammamatrix/playground-test/src/Feature/Http/Controllers/Resource/Playground/DestroyJsonTrait.php" line="168" class="Tests\Feature\Playground\Lead\Resource\Http\Controllers\Playground\SourceRouteTest" classname="Tests.Feature.Playground.Lead.Resource.Http.Controllers.Playground.SourceRouteTest" assertions="5" time="0.374732"/>
        <testcase name="test_json_destroy_as_user_and_get_denied_and_no_force_delete_allowed" file="/app/vendor/gammamatrix/playground-test/src/Feature/Http/Controllers/Resource/Playground/DestroyJsonTrait.php" line="210" class="Tests\Feature\Playground\Lead\Resource\Http\Controllers\Playground\SourceRouteTest" classname="Tests.Feature.Playground.Lead.Resource.Http.Controllers.Playground.SourceRouteTest" assertions="3" time="0.369819"/>
        <testcase name="test_guest_cannot_destroy" file="/app/vendor/gammamatrix/playground-test/src/Feature/Http/Controllers/Resource/Playground/DestroyTrait.php" line="32" class="Tests\Feature\Playground\Lead\Resource\Http\Controllers\Playground\SourceRouteTest" classname="Tests.Feature.Playground.Lead.Resource.Http.Controllers.Playground.SourceRouteTest" assertions="3" time="0.369264"/>
        <testcase name="test_destroy_as_admin_and_succeed" file="/app/vendor/gammamatrix/playground-test/src/Feature/Http/Controllers/Resource/Playground/DestroyTrait.php" line="62" class="Tests\Feature\Playground\Lead\Resource\Http\Controllers\Playground\SourceRouteTest" classname="Tests.Feature.Playground.Lead.Resource.Http.Controllers.Playground.SourceRouteTest" assertions="5" time="0.380517"/>
        <testcase name="test_destroy_as_admin_and_succeed_with_force_delete" file="/app/vendor/gammamatrix/playground-test/src/Feature/Http/Controllers/Resource/Playground/DestroyTrait.php" line="98" class="Tests\Feature\Playground\Lead\Resource\Http\Controllers\Playground\SourceRouteTest" classname="Tests.Feature.Playground.Lead.Resource.Http.Controllers.Playground.SourceRouteTest" assertions="4" time="0.372618"/>
        <testcase name="test_destroy_as_admin_and_succeed_with_redirect_to_index_with_trash" file="/app/vendor/gammamatrix/playground-test/src/Feature/Http/Controllers/Resource/Playground/DestroyTrait.php" line="130" class="Tests\Feature\Playground\Lead\Resource\Http\Controllers\Playground\SourceRouteTest" classname="Tests.Feature.Playground.Lead.Resource.Http.Controllers.Playground.SourceRouteTest" assertions="5" time="0.373734"/>
        <testcase name="test_destroy_as_user_and_get_denied_and_no_force_delete_allowed" file="/app/vendor/gammamatrix/playground-test/src/Feature/Http/Controllers/Resource/Playground/DestroyTrait.php" line="172" class="Tests\Feature\Playground\Lead\Resource\Http\Controllers\Playground\SourceRouteTest" classname="Tests.Feature.Playground.Lead.Resource.Http.Controllers.Playground.SourceRouteTest" assertions="3" time="0.383787"/>
        <testcase name="test_json_guest_cannot_get_edit_info" file="/app/vendor/gammamatrix/playground-test/src/Feature/Http/Controllers/Resource/Playground/EditJsonTrait.php" line="39" class="Tests\Feature\Playground\Lead\Resource\Http\Controllers\Playground\SourceRouteTest" classname="Tests.Feature.Playground.Lead.Resource.Http.Controllers.Playground.SourceRouteTest" assertions="1" time="0.362462"/>
        <testcase name="test_json_admin_can_get_edit_info" file="/app/vendor/gammamatrix/playground-test/src/Feature/Http/Controllers/Resource/Playground/EditJsonTrait.php" line="59" class="Tests\Feature\Playground\Lead\Resource\Http\Controllers\Playground\SourceRouteTest" classname="Tests.Feature.Playground.Lead.Resource.Http.Controllers.Playground.SourceRouteTest" assertions="4" time="0.389217"/>
        <testcase name="test_json_edit_as_admin_and_fail_validation_with_invalid_parameter" file="/app/vendor/gammamatrix/playground-test/src/Feature/Http/Controllers/Resource/Playground/EditJsonTrait.php" line="88" class="Tests\Feature\Playground\Lead\Resource\Http\Controllers\Playground\SourceRouteTest" classname="Tests.Feature.Playground.Lead.Resource.Http.Controllers.Playground.SourceRouteTest" assertions="4" time="0.391531"/>
        <testcase name="test_guest_cannot_render_edit_view" file="/app/vendor/gammamatrix/playground-test/src/Feature/Http/Controllers/Resource/Playground/EditTrait.php" line="34" class="Tests\Feature\Playground\Lead\Resource\Http\Controllers\Playground\SourceRouteTest" classname="Tests.Feature.Playground.Lead.Resource.Http.Controllers.Playground.SourceRouteTest" assertions="1" time="0.372389"/>
        <testcase name="test_admin_can_render_edit_view" file="/app/vendor/gammamatrix/playground-test/src/Feature/Http/Controllers/Resource/Playground/EditTrait.php" line="54" class="Tests\Feature\Playground\Lead\Resource\Http\Controllers\Playground\SourceRouteTest" classname="Tests.Feature.Playground.Lead.Resource.Http.Controllers.Playground.SourceRouteTest" assertions="2" time="0.415932"/>
        <testcase name="test_admin_can_render_edit_view_with_return_url" file="/app/vendor/gammamatrix/playground-test/src/Feature/Http/Controllers/Resource/Playground/EditTrait.php" line="78" class="Tests\Feature\Playground\Lead\Resource\Http\Controllers\Playground\SourceRouteTest" classname="Tests.Feature.Playground.Lead.Resource.Http.Controllers.Playground.SourceRouteTest" assertions="3" time="0.415822"/>
        <testcase name="test_edit_view_as_admin_with_invalid_parameter_and_fail_validation_and_redirect" file="/app/vendor/gammamatrix/playground-test/src/Feature/Http/Controllers/Resource/Playground/EditTrait.php" line="107" class="Tests\Feature\Playground\Lead\Resource\Http\Controllers\Playground\SourceRouteTest" classname="Tests.Feature.Playground.Lead.Resource.Http.Controllers.Playground.SourceRouteTest" assertions="4" time="0.387180"/>
        <testcase name="test_json_guest_cannot_get_index" file="/app/vendor/gammamatrix/playground-test/src/Feature/Http/Controllers/Resource/Playground/IndexJsonTrait.php" line="35" class="Tests\Feature\Playground\Lead\Resource\Http\Controllers\Playground\SourceRouteTest" classname="Tests.Feature.Playground.Lead.Resource.Http.Controllers.Playground.SourceRouteTest" assertions="1" time="0.375455"/>
        <testcase name="test_json_admin_can_get_index" file="/app/vendor/gammamatrix/playground-test/src/Feature/Http/Controllers/Resource/Playground/IndexJsonTrait.php" line="50" class="Tests\Feature\Playground\Lead\Resource\Http\Controllers\Playground\SourceRouteTest" classname="Tests.Feature.Playground.Lead.Resource.Http.Controllers.Playground.SourceRouteTest" assertions="127" time="0.392093"/>
        <testcase name="test_json_admin_can_get_index_with_filters" file="/app/vendor/gammamatrix/playground-test/src/Feature/Http/Controllers/Resource/Playground/IndexJsonTrait.php" line="86" class="Tests\Feature\Playground\Lead\Resource\Http\Controllers\Playground\SourceRouteTest" classname="Tests.Feature.Playground.Lead.Resource.Http.Controllers.Playground.SourceRouteTest" assertions="3" time="0.392308"/>
        <testcase name="test_guest_cannot_render_index_view" file="/app/vendor/gammamatrix/playground-test/src/Feature/Http/Controllers/Resource/Playground/IndexTrait.php" line="30" class="Tests\Feature\Playground\Lead\Resource\Http\Controllers\Playground\SourceRouteTest" classname="Tests.Feature.Playground.Lead.Resource.Http.Controllers.Playground.SourceRouteTest" assertions="1" time="0.365445"/>
        <testcase name="test_admin_can_render_index_view" file="/app/vendor/gammamatrix/playground-test/src/Feature/Http/Controllers/Resource/Playground/IndexTrait.php" line="45" class="Tests\Feature\Playground\Lead\Resource\Http\Controllers\Playground\SourceRouteTest" classname="Tests.Feature.Playground.Lead.Resource.Http.Controllers.Playground.SourceRouteTest" assertions="2" time="0.429098"/>
        <testcase name="test_admin_can_render_index_view_with_filters" file="/app/vendor/gammamatrix/playground-test/src/Feature/Http/Controllers/Resource/Playground/IndexTrait.php" line="78" class="Tests\Feature\Playground\Lead\Resource\Http\Controllers\Playground\SourceRouteTest" classname="Tests.Feature.Playground.Lead.Resource.Http.Controllers.Playground.SourceRouteTest" assertions="3" time="0.416374"/>
        <testcase name="test_json_guest_cannot_lock" file="/app/vendor/gammamatrix/playground-test/src/Feature/Http/Controllers/Resource/Playground/LockJsonTrait.php" line="37" class="Tests\Feature\Playground\Lead\Resource\Http\Controllers\Playground\SourceRouteTest" classname="Tests.Feature.Playground.Lead.Resource.Http.Controllers.Playground.SourceRouteTest" assertions="3" time="0.367161"/>
        <testcase name="test_json_lock_as_admin_and_succeed" file="/app/vendor/gammamatrix/playground-test/src/Feature/Http/Controllers/Resource/Playground/LockJsonTrait.php" line="67" class="Tests\Feature\Playground\Lead\Resource\Http\Controllers\Playground\SourceRouteTest" classname="Tests.Feature.Playground.Lead.Resource.Http.Controllers.Playground.SourceRouteTest" assertions="3" time="0.389983"/>
        <testcase name="test_json_lock_as_admin_and_succeed_with_no_redirect" file="/app/vendor/gammamatrix/playground-test/src/Feature/Http/Controllers/Resource/Playground/LockJsonTrait.php" line="99" class="Tests\Feature\Playground\Lead\Resource\Http\Controllers\Playground\SourceRouteTest" classname="Tests.Feature.Playground.Lead.Resource.Http.Controllers.Playground.SourceRouteTest" assertions="125" time="0.387556"/>
        <testcase name="test_json_lock_as_user_and_get_denied" file="/app/vendor/gammamatrix/playground-test/src/Feature/Http/Controllers/Resource/Playground/LockJsonTrait.php" line="144" class="Tests\Feature\Playground\Lead\Resource\Http\Controllers\Playground\SourceRouteTest" classname="Tests.Feature.Playground.Lead.Resource.Http.Controllers.Playground.SourceRouteTest" assertions="3" time="0.374946"/>
        <testcase name="test_guest_cannot_lock" file="/app/vendor/gammamatrix/playground-test/src/Feature/Http/Controllers/Resource/Playground/LockTrait.php" line="32" class="Tests\Feature\Playground\Lead\Resource\Http\Controllers\Playground\SourceRouteTest" classname="Tests.Feature.Playground.Lead.Resource.Http.Controllers.Playground.SourceRouteTest" assertions="3" time="0.377227"/>
        <testcase name="test_lock_as_admin_and_succeed" file="/app/vendor/gammamatrix/playground-test/src/Feature/Http/Controllers/Resource/Playground/LockTrait.php" line="62" class="Tests\Feature\Playground\Lead\Resource\Http\Controllers\Playground\SourceRouteTest" classname="Tests.Feature.Playground.Lead.Resource.Http.Controllers.Playground.SourceRouteTest" assertions="4" time="0.384096"/>
        <testcase name="test_lock_as_admin_and_succeed_with_redirect_to_index_with_sorted_by_locked_desc" file="/app/vendor/gammamatrix/playground-test/src/Feature/Http/Controllers/Resource/Playground/LockTrait.php" line="96" class="Tests\Feature\Playground\Lead\Resource\Http\Controllers\Playground\SourceRouteTest" classname="Tests.Feature.Playground.Lead.Resource.Http.Controllers.Playground.SourceRouteTest" assertions="4" time="0.384752"/>
        <testcase name="test_lock_as_user_and_get_denied" file="/app/vendor/gammamatrix/playground-test/src/Feature/Http/Controllers/Resource/Playground/LockTrait.php" line="133" class="Tests\Feature\Playground\Lead\Resource\Http\Controllers\Playground\SourceRouteTest" classname="Tests.Feature.Playground.Lead.Resource.Http.Controllers.Playground.SourceRouteTest" assertions="3" time="0.383134"/>
        <testcase name="test_json_guest_cannot_restore" file="/app/vendor/gammamatrix/playground-test/src/Feature/Http/Controllers/Resource/Playground/RestoreJsonTrait.php" line="33" class="Tests\Feature\Playground\Lead\Resource\Http\Controllers\Playground\SourceRouteTest" classname="Tests.Feature.Playground.Lead.Resource.Http.Controllers.Playground.SourceRouteTest" assertions="3" time="0.371485"/>
        <testcase name="test_json_restore_as_admin_and_succeed" file="/app/vendor/gammamatrix/playground-test/src/Feature/Http/Controllers/Resource/Playground/RestoreJsonTrait.php" line="65" class="Tests\Feature\Playground\Lead\Resource\Http\Controllers\Playground\SourceRouteTest" classname="Tests.Feature.Playground.Lead.Resource.Http.Controllers.Playground.SourceRouteTest" assertions="125" time="0.396957"/>
        <testcase name="test_json_restore_as_admin_and_succeed_with_no_redirect" file="/app/vendor/gammamatrix/playground-test/src/Feature/Http/Controllers/Resource/Playground/RestoreJsonTrait.php" line="101" class="Tests\Feature\Playground\Lead\Resource\Http\Controllers\Playground\SourceRouteTest" classname="Tests.Feature.Playground.Lead.Resource.Http.Controllers.Playground.SourceRouteTest" assertions="125" time="0.400434"/>
        <testcase name="test_json_restore_as_user_and_get_denied" file="/app/vendor/gammamatrix/playground-test/src/Feature/Http/Controllers/Resource/Playground/RestoreJsonTrait.php" line="144" class="Tests\Feature\Playground\Lead\Resource\Http\Controllers\Playground\SourceRouteTest" classname="Tests.Feature.Playground.Lead.Resource.Http.Controllers.Playground.SourceRouteTest" assertions="3" time="0.401733"/>
        <testcase name="test_guest_cannot_restore" file="/app/vendor/gammamatrix/playground-test/src/Feature/Http/Controllers/Resource/Playground/RestoreTrait.php" line="33" class="Tests\Feature\Playground\Lead\Resource\Http\Controllers\Playground\SourceRouteTest" classname="Tests.Feature.Playground.Lead.Resource.Http.Controllers.Playground.SourceRouteTest" assertions="3" time="0.371953"/>
        <testcase name="test_restore_as_admin_and_succeed" file="/app/vendor/gammamatrix/playground-test/src/Feature/Http/Controllers/Resource/Playground/RestoreTrait.php" line="65" class="Tests\Feature\Playground\Lead\Resource\Http\Controllers\Playground\SourceRouteTest" classname="Tests.Feature.Playground.Lead.Resource.Http.Controllers.Playground.SourceRouteTest" assertions="4" time="0.396994"/>
        <testcase name="test_restore_as_admin_and_succeed_with_redirect_to_index_with_only_trash" file="/app/vendor/gammamatrix/playground-test/src/Feature/Http/Controllers/Resource/Playground/RestoreTrait.php" line="101" class="Tests\Feature\Playground\Lead\Resource\Http\Controllers\Playground\SourceRouteTest" classname="Tests.Feature.Playground.Lead.Resource.Http.Controllers.Playground.SourceRouteTest" assertions="4" time="0.384240"/>
        <testcase name="test_restore_as_user_and_get_denied" file="/app/vendor/gammamatrix/playground-test/src/Feature/Http/Controllers/Resource/Playground/RestoreTrait.php" line="147" class="Tests\Feature\Playground\Lead\Resource\Http\Controllers\Playground\SourceRouteTest" classname="Tests.Feature.Playground.Lead.Resource.Http.Controllers.Playground.SourceRouteTest" assertions="3" time="0.383253"/>
        <testcase name="test_json_guest_cannot_see_info" file="/app/vendor/gammamatrix/playground-test/src/Feature/Http/Controllers/Resource/Playground/ShowJsonTrait.php" line="30" class="Tests\Feature\Playground\Lead\Resource\Http\Controllers\Playground\SourceRouteTest" classname="Tests.Feature.Playground.Lead.Resource.Http.Controllers.Playground.SourceRouteTest" assertions="1" time="0.380214"/>
        <testcase name="test_json_show_info_for_admin" file="/app/vendor/gammamatrix/playground-test/src/Feature/Http/Controllers/Resource/Playground/ShowJsonTrait.php" line="50" class="Tests\Feature\Playground\Lead\Resource\Http\Controllers\Playground\SourceRouteTest" classname="Tests.Feature.Playground.Lead.Resource.Http.Controllers.Playground.SourceRouteTest" assertions="124" time="0.389486"/>
        <testcase name="test_guest_cannot_render_show_view" file="/app/vendor/gammamatrix/playground-test/src/Feature/Http/Controllers/Resource/Playground/ShowTrait.php" line="30" class="Tests\Feature\Playground\Lead\Resource\Http\Controllers\Playground\SourceRouteTest" classname="Tests.Feature.Playground.Lead.Resource.Http.Controllers.Playground.SourceRouteTest" assertions="1" time="0.373397"/>
        <testcase name="test_show_view_rendered_by_admin" file="/app/vendor/gammamatrix/playground-test/src/Feature/Http/Controllers/Resource/Playground/ShowTrait.php" line="50" class="Tests\Feature\Playground\Lead\Resource\Http\Controllers\Playground\SourceRouteTest" classname="Tests.Feature.Playground.Lead.Resource.Http.Controllers.Playground.SourceRouteTest" assertions="2" time="0.399850"/>
        <testcase name="test_json_guest_cannot_store" file="/app/vendor/gammamatrix/playground-test/src/Feature/Http/Controllers/Resource/Playground/StoreJsonTrait.php" line="44" class="Tests\Feature\Playground\Lead\Resource\Http\Controllers\Playground\SourceRouteTest" classname="Tests.Feature.Playground.Lead.Resource.Http.Controllers.Playground.SourceRouteTest" assertions="3" time="0.368499"/>
        <testcase name="test_json_store_as_admin_without_payload_and_fail_validation" file="/app/vendor/gammamatrix/playground-test/src/Feature/Http/Controllers/Resource/Playground/StoreJsonTrait.php" line="67" class="Tests\Feature\Playground\Lead\Resource\Http\Controllers\Playground\SourceRouteTest" classname="Tests.Feature.Playground.Lead.Resource.Http.Controllers.Playground.SourceRouteTest" assertions="5" time="0.392938"/>
        <testcase name="test_json_store_as_admin_and_succeed" file="/app/vendor/gammamatrix/playground-test/src/Feature/Http/Controllers/Resource/Playground/StoreJsonTrait.php" line="93" class="Tests\Feature\Playground\Lead\Resource\Http\Controllers\Playground\SourceRouteTest" classname="Tests.Feature.Playground.Lead.Resource.Http.Controllers.Playground.SourceRouteTest" assertions="3" time="0.424860"/>
        <testcase name="test_guest_cannot_store" file="/app/vendor/gammamatrix/playground-test/src/Feature/Http/Controllers/Resource/Playground/StoreTrait.php" line="39" class="Tests\Feature\Playground\Lead\Resource\Http\Controllers\Playground\SourceRouteTest" classname="Tests.Feature.Playground.Lead.Resource.Http.Controllers.Playground.SourceRouteTest" assertions="3" time="0.369112"/>
        <testcase name="test_store_as_admin_without_payload_and_fail_validation" file="/app/vendor/gammamatrix/playground-test/src/Feature/Http/Controllers/Resource/Playground/StoreTrait.php" line="62" class="Tests\Feature\Playground\Lead\Resource\Http\Controllers\Playground\SourceRouteTest" classname="Tests.Feature.Playground.Lead.Resource.Http.Controllers.Playground.SourceRouteTest" assertions="5" time="0.393848"/>
        <testcase name="test_store_as_admin_and_succeed" file="/app/vendor/gammamatrix/playground-test/src/Feature/Http/Controllers/Resource/Playground/StoreTrait.php" line="91" class="Tests\Feature\Playground\Lead\Resource\Http\Controllers\Playground\SourceRouteTest" classname="Tests.Feature.Playground.Lead.Resource.Http.Controllers.Playground.SourceRouteTest" assertions="4" time="0.416903"/>
        <testcase name="test_store_as_admin_and_succeed_with_return_url" file="/app/vendor/gammamatrix/playground-test/src/Feature/Http/Controllers/Resource/Playground/StoreTrait.php" line="136" class="Tests\Feature\Playground\Lead\Resource\Http\Controllers\Playground\SourceRouteTest" classname="Tests.Feature.Playground.Lead.Resource.Http.Controllers.Playground.SourceRouteTest" assertions="4" time="0.418363"/>
        <testcase name="test_json_guest_cannot_unlock" file="/app/vendor/gammamatrix/playground-test/src/Feature/Http/Controllers/Resource/Playground/UnlockJsonTrait.php" line="37" class="Tests\Feature\Playground\Lead\Resource\Http\Controllers\Playground\SourceRouteTest" classname="Tests.Feature.Playground.Lead.Resource.Http.Controllers.Playground.SourceRouteTest" assertions="3" time="0.381351"/>
        <testcase name="test_json_unlock_as_admin_and_succeed" file="/app/vendor/gammamatrix/playground-test/src/Feature/Http/Controllers/Resource/Playground/UnlockJsonTrait.php" line="69" class="Tests\Feature\Playground\Lead\Resource\Http\Controllers\Playground\SourceRouteTest" classname="Tests.Feature.Playground.Lead.Resource.Http.Controllers.Playground.SourceRouteTest" assertions="125" time="0.394620"/>
        <testcase name="test_json_unlock_as_admin_and_succeed_with_no_redirect" file="/app/vendor/gammamatrix/playground-test/src/Feature/Http/Controllers/Resource/Playground/UnlockJsonTrait.php" line="105" class="Tests\Feature\Playground\Lead\Resource\Http\Controllers\Playground\SourceRouteTest" classname="Tests.Feature.Playground.Lead.Resource.Http.Controllers.Playground.SourceRouteTest" assertions="125" time="0.395491"/>
        <testcase name="test_json_unlock_as_user_and_get_denied" file="/app/vendor/gammamatrix/playground-test/src/Feature/Http/Controllers/Resource/Playground/UnlockJsonTrait.php" line="146" class="Tests\Feature\Playground\Lead\Resource\Http\Controllers\Playground\SourceRouteTest" classname="Tests.Feature.Playground.Lead.Resource.Http.Controllers.Playground.SourceRouteTest" assertions="3" time="0.381578"/>
        <testcase name="test_guest_cannot_unlock" file="/app/vendor/gammamatrix/playground-test/src/Feature/Http/Controllers/Resource/Playground/UnlockTrait.php" line="37" class="Tests\Feature\Playground\Lead\Resource\Http\Controllers\Playground\SourceRouteTest" classname="Tests.Feature.Playground.Lead.Resource.Http.Controllers.Playground.SourceRouteTest" assertions="3" time="0.376337"/>
        <testcase name="test_unlock_as_admin_and_succeed" file="/app/vendor/gammamatrix/playground-test/src/Feature/Http/Controllers/Resource/Playground/UnlockTrait.php" line="69" class="Tests\Feature\Playground\Lead\Resource\Http\Controllers\Playground\SourceRouteTest" classname="Tests.Feature.Playground.Lead.Resource.Http.Controllers.Playground.SourceRouteTest" assertions="4" time="0.392171"/>
        <testcase name="test_unlock_as_admin_and_succeed_with_redirect_to_index_with_sorted_by_unlocked_desc" file="/app/vendor/gammamatrix/playground-test/src/Feature/Http/Controllers/Resource/Playground/UnlockTrait.php" line="110" class="Tests\Feature\Playground\Lead\Resource\Http\Controllers\Playground\SourceRouteTest" classname="Tests.Feature.Playground.Lead.Resource.Http.Controllers.Playground.SourceRouteTest" assertions="4" time="0.397958"/>
        <testcase name="test_unlock_as_user_and_get_denied" file="/app/vendor/gammamatrix/playground-test/src/Feature/Http/Controllers/Resource/Playground/UnlockTrait.php" line="149" class="Tests\Feature\Playground\Lead\Resource\Http\Controllers\Playground\SourceRouteTest" classname="Tests.Feature.Playground.Lead.Resource.Http.Controllers.Playground.SourceRouteTest" assertions="3" time="0.385143"/>
        <testcase name="test_json_guest_cannot_update" file="/app/vendor/gammamatrix/playground-test/src/Feature/Http/Controllers/Resource/Playground/UpdateJsonTrait.php" line="46" class="Tests\Feature\Playground\Lead\Resource\Http\Controllers\Playground\SourceRouteTest" classname="Tests.Feature.Playground.Lead.Resource.Http.Controllers.Playground.SourceRouteTest" assertions="1" time="0.384246"/>
        <testcase name="test_json_update_as_admin_without_payload_and_passes_validation" file="/app/vendor/gammamatrix/playground-test/src/Feature/Http/Controllers/Resource/Playground/UpdateJsonTrait.php" line="66" class="Tests\Feature\Playground\Lead\Resource\Http\Controllers\Playground\SourceRouteTest" classname="Tests.Feature.Playground.Lead.Resource.Http.Controllers.Playground.SourceRouteTest" assertions="2" time="0.405750"/>
        <testcase name="test_json_admin_can_update" file="/app/vendor/gammamatrix/playground-test/src/Feature/Http/Controllers/Resource/Playground/UpdateJsonTrait.php" line="114" class="Tests\Feature\Playground\Lead\Resource\Http\Controllers\Playground\SourceRouteTest" classname="Tests.Feature.Playground.Lead.Resource.Http.Controllers.Playground.SourceRouteTest" assertions="127" time="0.446524"/>
        <testcase name="test_guest_cannot_update" file="/app/vendor/gammamatrix/playground-test/src/Feature/Http/Controllers/Resource/Playground/UpdateTrait.php" line="46" class="Tests\Feature\Playground\Lead\Resource\Http\Controllers\Playground\SourceRouteTest" classname="Tests.Feature.Playground.Lead.Resource.Http.Controllers.Playground.SourceRouteTest" assertions="1" time="0.373860"/>
        <testcase name="test_update_as_admin_without_payload_and_passes_validation" file="/app/vendor/gammamatrix/playground-test/src/Feature/Http/Controllers/Resource/Playground/UpdateTrait.php" line="66" class="Tests\Feature\Playground\Lead\Resource\Http\Controllers\Playground\SourceRouteTest" classname="Tests.Feature.Playground.Lead.Resource.Http.Controllers.Playground.SourceRouteTest" assertions="3" time="0.409086"/>
        <testcase name="test_admin_can_update" file="/app/vendor/gammamatrix/playground-test/src/Feature/Http/Controllers/Resource/Playground/UpdateTrait.php" line="117" class="Tests\Feature\Playground\Lead\Resource\Http\Controllers\Playground\SourceRouteTest" classname="Tests.Feature.Playground.Lead.Resource.Http.Controllers.Playground.SourceRouteTest" assertions="6" time="0.444222"/>
        <testcase name="test_admin_can_update_view_with_return_url" file="/app/vendor/gammamatrix/playground-test/src/Feature/Http/Controllers/Resource/Playground/UpdateTrait.php" line="160" class="Tests\Feature\Playground\Lead\Resource\Http\Controllers\Playground\SourceRouteTest" classname="Tests.Feature.Playground.Lead.Resource.Http.Controllers.Playground.SourceRouteTest" assertions="6" time="0.441687"/>
      </testsuite>
      <testsuite name="Tests\Feature\Playground\Lead\Resource\Http\Controllers\Playground\TaskRouteTest" file="/app/tests/Feature/Http/Controllers/Playground/TaskRouteTest.php" tests="73" assertions="1329" errors="0" failures="0" skipped="0" time="28.375772">
        <testcase name="test_json_guest_cannot_get_create_info" file="/app/vendor/gammamatrix/playground-test/src/Feature/Http/Controllers/Resource/Playground/CreateJsonTrait.php" line="39" class="Tests\Feature\Playground\Lead\Resource\Http\Controllers\Playground\TaskRouteTest" classname="Tests.Feature.Playground.Lead.Resource.Http.Controllers.Playground.TaskRouteTest" assertions="1" time="0.348257"/>
        <testcase name="test_json_admin_can_get_create_info" file="/app/vendor/gammamatrix/playground-test/src/Feature/Http/Controllers/Resource/Playground/CreateJsonTrait.php" line="54" class="Tests\Feature\Playground\Lead\Resource\Http\Controllers\Playground\TaskRouteTest" classname="Tests.Feature.Playground.Lead.Resource.Http.Controllers.Playground.TaskRouteTest" assertions="123" time="0.372403"/>
        <testcase name="test_json_get_create_info_as_admin_with_invalid_parameter_and_fail_validation" file="/app/vendor/gammamatrix/playground-test/src/Feature/Http/Controllers/Resource/Playground/CreateJsonTrait.php" line="74" class="Tests\Feature\Playground\Lead\Resource\Http\Controllers\Playground\TaskRouteTest" classname="Tests.Feature.Playground.Lead.Resource.Http.Controllers.Playground.TaskRouteTest" assertions="4" time="0.375828"/>
        <testcase name="test_guest_cannot_render_create_view" file="/app/vendor/gammamatrix/playground-test/src/Feature/Http/Controllers/Resource/Playground/CreateTrait.php" line="34" class="Tests\Feature\Playground\Lead\Resource\Http\Controllers\Playground\TaskRouteTest" classname="Tests.Feature.Playground.Lead.Resource.Http.Controllers.Playground.TaskRouteTest" assertions="1" time="0.358042"/>
        <testcase name="test_admin_can_render_create_view" file="/app/vendor/gammamatrix/playground-test/src/Feature/Http/Controllers/Resource/Playground/CreateTrait.php" line="48" class="Tests\Feature\Playground\Lead\Resource\Http\Controllers\Playground\TaskRouteTest" classname="Tests.Feature.Playground.Lead.Resource.Http.Controllers.Playground.TaskRouteTest" assertions="2" time="0.406631"/>
        <testcase name="test_admin_can_render_create_view_with_return_url" file="/app/vendor/gammamatrix/playground-test/src/Feature/Http/Controllers/Resource/Playground/CreateTrait.php" line="66" class="Tests\Feature\Playground\Lead\Resource\Http\Controllers\Playground\TaskRouteTest" classname="Tests.Feature.Playground.Lead.Resource.Http.Controllers.Playground.TaskRouteTest" assertions="3" time="0.400435"/>
        <testcase name="test_create_view_as_admin_with_invalid_parameter_and_fail_validation_and_redirect" file="/app/vendor/gammamatrix/playground-test/src/Feature/Http/Controllers/Resource/Playground/CreateTrait.php" line="90" class="Tests\Feature\Playground\Lead\Resource\Http\Controllers\Playground\TaskRouteTest" classname="Tests.Feature.Playground.Lead.Resource.Http.Controllers.Playground.TaskRouteTest" assertions="5" time="0.369058"/>
        <testcase name="test_json_guest_cannot_destroy" file="/app/vendor/gammamatrix/playground-test/src/Feature/Http/Controllers/Resource/Playground/DestroyJsonTrait.php" line="32" class="Tests\Feature\Playground\Lead\Resource\Http\Controllers\Playground\TaskRouteTest" classname="Tests.Feature.Playground.Lead.Resource.Http.Controllers.Playground.TaskRouteTest" assertions="3" time="0.377791"/>
        <testcase name="test_json_destroy_as_admin_and_succeed" file="/app/vendor/gammamatrix/playground-test/src/Feature/Http/Controllers/Resource/Playground/DestroyJsonTrait.php" line="62" class="Tests\Feature\Playground\Lead\Resource\Http\Controllers\Playground\TaskRouteTest" classname="Tests.Feature.Playground.Lead.Resource.Http.Controllers.Playground.TaskRouteTest" assertions="5" time="0.373240"/>
        <testcase name="test_json_destroy_as_admin_and_succeed_with_force_delete" file="/app/vendor/gammamatrix/playground-test/src/Feature/Http/Controllers/Resource/Playground/DestroyJsonTrait.php" line="101" class="Tests\Feature\Playground\Lead\Resource\Http\Controllers\Playground\TaskRouteTest" classname="Tests.Feature.Playground.Lead.Resource.Http.Controllers.Playground.TaskRouteTest" assertions="4" time="0.372472"/>
        <testcase name="test_json_destroy_as_admin_and_succeed_with_no_content" file="/app/vendor/gammamatrix/playground-test/src/Feature/Http/Controllers/Resource/Playground/DestroyJsonTrait.php" line="133" class="Tests\Feature\Playground\Lead\Resource\Http\Controllers\Playground\TaskRouteTest" classname="Tests.Feature.Playground.Lead.Resource.Http.Controllers.Playground.TaskRouteTest" assertions="5" time="0.373077"/>
        <testcase name="test_json_destroy_as_admin_and_succeed_and_ignore_redirect" file="/app/vendor/gammamatrix/playground-test/src/Feature/Http/Controllers/Resource/Playground/DestroyJsonTrait.php" line="168" class="Tests\Feature\Playground\Lead\Resource\Http\Controllers\Playground\TaskRouteTest" classname="Tests.Feature.Playground.Lead.Resource.Http.Controllers.Playground.TaskRouteTest" assertions="5" time="0.378733"/>
        <testcase name="test_json_destroy_as_user_and_get_denied_and_no_force_delete_allowed" file="/app/vendor/gammamatrix/playground-test/src/Feature/Http/Controllers/Resource/Playground/DestroyJsonTrait.php" line="210" class="Tests\Feature\Playground\Lead\Resource\Http\Controllers\Playground\TaskRouteTest" classname="Tests.Feature.Playground.Lead.Resource.Http.Controllers.Playground.TaskRouteTest" assertions="3" time="0.374506"/>
        <testcase name="test_guest_cannot_destroy" file="/app/vendor/gammamatrix/playground-test/src/Feature/Http/Controllers/Resource/Playground/DestroyTrait.php" line="32" class="Tests\Feature\Playground\Lead\Resource\Http\Controllers\Playground\TaskRouteTest" classname="Tests.Feature.Playground.Lead.Resource.Http.Controllers.Playground.TaskRouteTest" assertions="3" time="0.374000"/>
        <testcase name="test_destroy_as_admin_and_succeed" file="/app/vendor/gammamatrix/playground-test/src/Feature/Http/Controllers/Resource/Playground/DestroyTrait.php" line="62" class="Tests\Feature\Playground\Lead\Resource\Http\Controllers\Playground\TaskRouteTest" classname="Tests.Feature.Playground.Lead.Resource.Http.Controllers.Playground.TaskRouteTest" assertions="5" time="0.387528"/>
        <testcase name="test_destroy_as_admin_and_succeed_with_force_delete" file="/app/vendor/gammamatrix/playground-test/src/Feature/Http/Controllers/Resource/Playground/DestroyTrait.php" line="98" class="Tests\Feature\Playground\Lead\Resource\Http\Controllers\Playground\TaskRouteTest" classname="Tests.Feature.Playground.Lead.Resource.Http.Controllers.Playground.TaskRouteTest" assertions="4" time="0.372078"/>
        <testcase name="test_destroy_as_admin_and_succeed_with_redirect_to_index_with_trash" file="/app/vendor/gammamatrix/playground-test/src/Feature/Http/Controllers/Resource/Playground/DestroyTrait.php" line="130" class="Tests\Feature\Playground\Lead\Resource\Http\Controllers\Playground\TaskRouteTest" classname="Tests.Feature.Playground.Lead.Resource.Http.Controllers.Playground.TaskRouteTest" assertions="5" time="0.375421"/>
        <testcase name="test_destroy_as_user_and_get_denied_and_no_force_delete_allowed" file="/app/vendor/gammamatrix/playground-test/src/Feature/Http/Controllers/Resource/Playground/DestroyTrait.php" line="172" class="Tests\Feature\Playground\Lead\Resource\Http\Controllers\Playground\TaskRouteTest" classname="Tests.Feature.Playground.Lead.Resource.Http.Controllers.Playground.TaskRouteTest" assertions="3" time="0.373582"/>
        <testcase name="test_json_guest_cannot_get_edit_info" file="/app/vendor/gammamatrix/playground-test/src/Feature/Http/Controllers/Resource/Playground/EditJsonTrait.php" line="39" class="Tests\Feature\Playground\Lead\Resource\Http\Controllers\Playground\TaskRouteTest" classname="Tests.Feature.Playground.Lead.Resource.Http.Controllers.Playground.TaskRouteTest" assertions="1" time="0.367860"/>
        <testcase name="test_json_admin_can_get_edit_info" file="/app/vendor/gammamatrix/playground-test/src/Feature/Http/Controllers/Resource/Playground/EditJsonTrait.php" line="59" class="Tests\Feature\Playground\Lead\Resource\Http\Controllers\Playground\TaskRouteTest" classname="Tests.Feature.Playground.Lead.Resource.Http.Controllers.Playground.TaskRouteTest" assertions="4" time="0.399595"/>
        <testcase name="test_json_edit_as_admin_and_fail_validation_with_invalid_parameter" file="/app/vendor/gammamatrix/playground-test/src/Feature/Http/Controllers/Resource/Playground/EditJsonTrait.php" line="88" class="Tests\Feature\Playground\Lead\Resource\Http\Controllers\Playground\TaskRouteTest" classname="Tests.Feature.Playground.Lead.Resource.Http.Controllers.Playground.TaskRouteTest" assertions="4" time="0.387482"/>
        <testcase name="test_guest_cannot_render_edit_view" file="/app/vendor/gammamatrix/playground-test/src/Feature/Http/Controllers/Resource/Playground/EditTrait.php" line="34" class="Tests\Feature\Playground\Lead\Resource\Http\Controllers\Playground\TaskRouteTest" classname="Tests.Feature.Playground.Lead.Resource.Http.Controllers.Playground.TaskRouteTest" assertions="1" time="0.368559"/>
        <testcase name="test_admin_can_render_edit_view" file="/app/vendor/gammamatrix/playground-test/src/Feature/Http/Controllers/Resource/Playground/EditTrait.php" line="54" class="Tests\Feature\Playground\Lead\Resource\Http\Controllers\Playground\TaskRouteTest" classname="Tests.Feature.Playground.Lead.Resource.Http.Controllers.Playground.TaskRouteTest" assertions="2" time="0.426455"/>
        <testcase name="test_admin_can_render_edit_view_with_return_url" file="/app/vendor/gammamatrix/playground-test/src/Feature/Http/Controllers/Resource/Playground/EditTrait.php" line="78" class="Tests\Feature\Playground\Lead\Resource\Http\Controllers\Playground\TaskRouteTest" classname="Tests.Feature.Playground.Lead.Resource.Http.Controllers.Playground.TaskRouteTest" assertions="3" time="0.417080"/>
        <testcase name="test_edit_view_as_admin_with_invalid_parameter_and_fail_validation_and_redirect" file="/app/vendor/gammamatrix/playground-test/src/Feature/Http/Controllers/Resource/Playground/EditTrait.php" line="107" class="Tests\Feature\Playground\Lead\Resource\Http\Controllers\Playground\TaskRouteTest" classname="Tests.Feature.Playground.Lead.Resource.Http.Controllers.Playground.TaskRouteTest" assertions="4" time="0.392729"/>
        <testcase name="test_json_guest_cannot_get_index" file="/app/vendor/gammamatrix/playground-test/src/Feature/Http/Controllers/Resource/Playground/IndexJsonTrait.php" line="35" class="Tests\Feature\Playground\Lead\Resource\Http\Controllers\Playground\TaskRouteTest" classname="Tests.Feature.Playground.Lead.Resource.Http.Controllers.Playground.TaskRouteTest" assertions="1" time="0.366254"/>
        <testcase name="test_json_admin_can_get_index" file="/app/vendor/gammamatrix/playground-test/src/Feature/Http/Controllers/Resource/Playground/IndexJsonTrait.php" line="50" class="Tests\Feature\Playground\Lead\Resource\Http\Controllers\Playground\TaskRouteTest" classname="Tests.Feature.Playground.Lead.Resource.Http.Controllers.Playground.TaskRouteTest" assertions="127" time="0.394085"/>
        <testcase name="test_json_admin_can_get_index_with_filters" file="/app/vendor/gammamatrix/playground-test/src/Feature/Http/Controllers/Resource/Playground/IndexJsonTrait.php" line="86" class="Tests\Feature\Playground\Lead\Resource\Http\Controllers\Playground\TaskRouteTest" classname="Tests.Feature.Playground.Lead.Resource.Http.Controllers.Playground.TaskRouteTest" assertions="3" time="0.390649"/>
        <testcase name="test_guest_cannot_render_index_view" file="/app/vendor/gammamatrix/playground-test/src/Feature/Http/Controllers/Resource/Playground/IndexTrait.php" line="30" class="Tests\Feature\Playground\Lead\Resource\Http\Controllers\Playground\TaskRouteTest" classname="Tests.Feature.Playground.Lead.Resource.Http.Controllers.Playground.TaskRouteTest" assertions="1" time="0.366355"/>
        <testcase name="test_admin_can_render_index_view" file="/app/vendor/gammamatrix/playground-test/src/Feature/Http/Controllers/Resource/Playground/IndexTrait.php" line="45" class="Tests\Feature\Playground\Lead\Resource\Http\Controllers\Playground\TaskRouteTest" classname="Tests.Feature.Playground.Lead.Resource.Http.Controllers.Playground.TaskRouteTest" assertions="2" time="0.426182"/>
        <testcase name="test_admin_can_render_index_view_with_filters" file="/app/vendor/gammamatrix/playground-test/src/Feature/Http/Controllers/Resource/Playground/IndexTrait.php" line="78" class="Tests\Feature\Playground\Lead\Resource\Http\Controllers\Playground\TaskRouteTest" classname="Tests.Feature.Playground.Lead.Resource.Http.Controllers.Playground.TaskRouteTest" assertions="3" time="0.435780"/>
        <testcase name="test_json_guest_cannot_lock" file="/app/vendor/gammamatrix/playground-test/src/Feature/Http/Controllers/Resource/Playground/LockJsonTrait.php" line="37" class="Tests\Feature\Playground\Lead\Resource\Http\Controllers\Playground\TaskRouteTest" classname="Tests.Feature.Playground.Lead.Resource.Http.Controllers.Playground.TaskRouteTest" assertions="3" time="0.366412"/>
        <testcase name="test_json_lock_as_admin_and_succeed" file="/app/vendor/gammamatrix/playground-test/src/Feature/Http/Controllers/Resource/Playground/LockJsonTrait.php" line="67" class="Tests\Feature\Playground\Lead\Resource\Http\Controllers\Playground\TaskRouteTest" classname="Tests.Feature.Playground.Lead.Resource.Http.Controllers.Playground.TaskRouteTest" assertions="3" time="0.387852"/>
        <testcase name="test_json_lock_as_admin_and_succeed_with_no_redirect" file="/app/vendor/gammamatrix/playground-test/src/Feature/Http/Controllers/Resource/Playground/LockJsonTrait.php" line="99" class="Tests\Feature\Playground\Lead\Resource\Http\Controllers\Playground\TaskRouteTest" classname="Tests.Feature.Playground.Lead.Resource.Http.Controllers.Playground.TaskRouteTest" assertions="125" time="0.389920"/>
        <testcase name="test_json_lock_as_user_and_get_denied" file="/app/vendor/gammamatrix/playground-test/src/Feature/Http/Controllers/Resource/Playground/LockJsonTrait.php" line="144" class="Tests\Feature\Playground\Lead\Resource\Http\Controllers\Playground\TaskRouteTest" classname="Tests.Feature.Playground.Lead.Resource.Http.Controllers.Playground.TaskRouteTest" assertions="3" time="0.376132"/>
        <testcase name="test_guest_cannot_lock" file="/app/vendor/gammamatrix/playground-test/src/Feature/Http/Controllers/Resource/Playground/LockTrait.php" line="32" class="Tests\Feature\Playground\Lead\Resource\Http\Controllers\Playground\TaskRouteTest" classname="Tests.Feature.Playground.Lead.Resource.Http.Controllers.Playground.TaskRouteTest" assertions="3" time="0.377239"/>
        <testcase name="test_lock_as_admin_and_succeed" file="/app/vendor/gammamatrix/playground-test/src/Feature/Http/Controllers/Resource/Playground/LockTrait.php" line="62" class="Tests\Feature\Playground\Lead\Resource\Http\Controllers\Playground\TaskRouteTest" classname="Tests.Feature.Playground.Lead.Resource.Http.Controllers.Playground.TaskRouteTest" assertions="4" time="0.383610"/>
        <testcase name="test_lock_as_admin_and_succeed_with_redirect_to_index_with_sorted_by_locked_desc" file="/app/vendor/gammamatrix/playground-test/src/Feature/Http/Controllers/Resource/Playground/LockTrait.php" line="96" class="Tests\Feature\Playground\Lead\Resource\Http\Controllers\Playground\TaskRouteTest" classname="Tests.Feature.Playground.Lead.Resource.Http.Controllers.Playground.TaskRouteTest" assertions="4" time="0.382958"/>
        <testcase name="test_lock_as_user_and_get_denied" file="/app/vendor/gammamatrix/playground-test/src/Feature/Http/Controllers/Resource/Playground/LockTrait.php" line="133" class="Tests\Feature\Playground\Lead\Resource\Http\Controllers\Playground\TaskRouteTest" classname="Tests.Feature.Playground.Lead.Resource.Http.Controllers.Playground.TaskRouteTest" assertions="3" time="0.381016"/>
        <testcase name="test_json_guest_cannot_restore" file="/app/vendor/gammamatrix/playground-test/src/Feature/Http/Controllers/Resource/Playground/RestoreJsonTrait.php" line="33" class="Tests\Feature\Playground\Lead\Resource\Http\Controllers\Playground\TaskRouteTest" classname="Tests.Feature.Playground.Lead.Resource.Http.Controllers.Playground.TaskRouteTest" assertions="3" time="0.372138"/>
        <testcase name="test_json_restore_as_admin_and_succeed" file="/app/vendor/gammamatrix/playground-test/src/Feature/Http/Controllers/Resource/Playground/RestoreJsonTrait.php" line="65" class="Tests\Feature\Playground\Lead\Resource\Http\Controllers\Playground\TaskRouteTest" classname="Tests.Feature.Playground.Lead.Resource.Http.Controllers.Playground.TaskRouteTest" assertions="125" time="0.390684"/>
        <testcase name="test_json_restore_as_admin_and_succeed_with_no_redirect" file="/app/vendor/gammamatrix/playground-test/src/Feature/Http/Controllers/Resource/Playground/RestoreJsonTrait.php" line="101" class="Tests\Feature\Playground\Lead\Resource\Http\Controllers\Playground\TaskRouteTest" classname="Tests.Feature.Playground.Lead.Resource.Http.Controllers.Playground.TaskRouteTest" assertions="125" time="0.410052"/>
        <testcase name="test_json_restore_as_user_and_get_denied" file="/app/vendor/gammamatrix/playground-test/src/Feature/Http/Controllers/Resource/Playground/RestoreJsonTrait.php" line="144" class="Tests\Feature\Playground\Lead\Resource\Http\Controllers\Playground\TaskRouteTest" classname="Tests.Feature.Playground.Lead.Resource.Http.Controllers.Playground.TaskRouteTest" assertions="3" time="0.378809"/>
        <testcase name="test_guest_cannot_restore" file="/app/vendor/gammamatrix/playground-test/src/Feature/Http/Controllers/Resource/Playground/RestoreTrait.php" line="33" class="Tests\Feature\Playground\Lead\Resource\Http\Controllers\Playground\TaskRouteTest" classname="Tests.Feature.Playground.Lead.Resource.Http.Controllers.Playground.TaskRouteTest" assertions="3" time="0.369620"/>
        <testcase name="test_restore_as_admin_and_succeed" file="/app/vendor/gammamatrix/playground-test/src/Feature/Http/Controllers/Resource/Playground/RestoreTrait.php" line="65" class="Tests\Feature\Playground\Lead\Resource\Http\Controllers\Playground\TaskRouteTest" classname="Tests.Feature.Playground.Lead.Resource.Http.Controllers.Playground.TaskRouteTest" assertions="4" time="0.385874"/>
        <testcase name="test_restore_as_admin_and_succeed_with_redirect_to_index_with_only_trash" file="/app/vendor/gammamatrix/playground-test/src/Feature/Http/Controllers/Resource/Playground/RestoreTrait.php" line="101" class="Tests\Feature\Playground\Lead\Resource\Http\Controllers\Playground\TaskRouteTest" classname="Tests.Feature.Playground.Lead.Resource.Http.Controllers.Playground.TaskRouteTest" assertions="4" time="0.387586"/>
        <testcase name="test_restore_as_user_and_get_denied" file="/app/vendor/gammamatrix/playground-test/src/Feature/Http/Controllers/Resource/Playground/RestoreTrait.php" line="147" class="Tests\Feature\Playground\Lead\Resource\Http\Controllers\Playground\TaskRouteTest" classname="Tests.Feature.Playground.Lead.Resource.Http.Controllers.Playground.TaskRouteTest" assertions="3" time="0.380771"/>
        <testcase name="test_json_guest_cannot_see_info" file="/app/vendor/gammamatrix/playground-test/src/Feature/Http/Controllers/Resource/Playground/ShowJsonTrait.php" line="30" class="Tests\Feature\Playground\Lead\Resource\Http\Controllers\Playground\TaskRouteTest" classname="Tests.Feature.Playground.Lead.Resource.Http.Controllers.Playground.TaskRouteTest" assertions="1" time="0.383501"/>
        <testcase name="test_json_show_info_for_admin" file="/app/vendor/gammamatrix/playground-test/src/Feature/Http/Controllers/Resource/Playground/ShowJsonTrait.php" line="50" class="Tests\Feature\Playground\Lead\Resource\Http\Controllers\Playground\TaskRouteTest" classname="Tests.Feature.Playground.Lead.Resource.Http.Controllers.Playground.TaskRouteTest" assertions="124" time="0.388578"/>
        <testcase name="test_guest_cannot_render_show_view" file="/app/vendor/gammamatrix/playground-test/src/Feature/Http/Controllers/Resource/Playground/ShowTrait.php" line="30" class="Tests\Feature\Playground\Lead\Resource\Http\Controllers\Playground\TaskRouteTest" classname="Tests.Feature.Playground.Lead.Resource.Http.Controllers.Playground.TaskRouteTest" assertions="1" time="0.374171"/>
        <testcase name="test_show_view_rendered_by_admin" file="/app/vendor/gammamatrix/playground-test/src/Feature/Http/Controllers/Resource/Playground/ShowTrait.php" line="50" class="Tests\Feature\Playground\Lead\Resource\Http\Controllers\Playground\TaskRouteTest" classname="Tests.Feature.Playground.Lead.Resource.Http.Controllers.Playground.TaskRouteTest" assertions="2" time="0.400139"/>
        <testcase name="test_json_guest_cannot_store" file="/app/vendor/gammamatrix/playground-test/src/Feature/Http/Controllers/Resource/Playground/StoreJsonTrait.php" line="44" class="Tests\Feature\Playground\Lead\Resource\Http\Controllers\Playground\TaskRouteTest" classname="Tests.Feature.Playground.Lead.Resource.Http.Controllers.Playground.TaskRouteTest" assertions="3" time="0.370813"/>
        <testcase name="test_json_store_as_admin_without_payload_and_fail_validation" file="/app/vendor/gammamatrix/playground-test/src/Feature/Http/Controllers/Resource/Playground/StoreJsonTrait.php" line="67" class="Tests\Feature\Playground\Lead\Resource\Http\Controllers\Playground\TaskRouteTest" classname="Tests.Feature.Playground.Lead.Resource.Http.Controllers.Playground.TaskRouteTest" assertions="5" time="0.390590"/>
        <testcase name="test_json_store_as_admin_and_succeed" file="/app/vendor/gammamatrix/playground-test/src/Feature/Http/Controllers/Resource/Playground/StoreJsonTrait.php" line="93" class="Tests\Feature\Playground\Lead\Resource\Http\Controllers\Playground\TaskRouteTest" classname="Tests.Feature.Playground.Lead.Resource.Http.Controllers.Playground.TaskRouteTest" assertions="3" time="0.420961"/>
        <testcase name="test_guest_cannot_store" file="/app/vendor/gammamatrix/playground-test/src/Feature/Http/Controllers/Resource/Playground/StoreTrait.php" line="39" class="Tests\Feature\Playground\Lead\Resource\Http\Controllers\Playground\TaskRouteTest" classname="Tests.Feature.Playground.Lead.Resource.Http.Controllers.Playground.TaskRouteTest" assertions="3" time="0.368995"/>
        <testcase name="test_store_as_admin_without_payload_and_fail_validation" file="/app/vendor/gammamatrix/playground-test/src/Feature/Http/Controllers/Resource/Playground/StoreTrait.php" line="62" class="Tests\Feature\Playground\Lead\Resource\Http\Controllers\Playground\TaskRouteTest" classname="Tests.Feature.Playground.Lead.Resource.Http.Controllers.Playground.TaskRouteTest" assertions="5" time="0.387502"/>
        <testcase name="test_store_as_admin_and_succeed" file="/app/vendor/gammamatrix/playground-test/src/Feature/Http/Controllers/Resource/Playground/StoreTrait.php" line="91" class="Tests\Feature\Playground\Lead\Resource\Http\Controllers\Playground\TaskRouteTest" classname="Tests.Feature.Playground.Lead.Resource.Http.Controllers.Playground.TaskRouteTest" assertions="4" time="0.434453"/>
        <testcase name="test_store_as_admin_and_succeed_with_return_url" file="/app/vendor/gammamatrix/playground-test/src/Feature/Http/Controllers/Resource/Playground/StoreTrait.php" line="136" class="Tests\Feature\Playground\Lead\Resource\Http\Controllers\Playground\TaskRouteTest" classname="Tests.Feature.Playground.Lead.Resource.Http.Controllers.Playground.TaskRouteTest" assertions="4" time="0.417638"/>
        <testcase name="test_json_guest_cannot_unlock" file="/app/vendor/gammamatrix/playground-test/src/Feature/Http/Controllers/Resource/Playground/UnlockJsonTrait.php" line="37" class="Tests\Feature\Playground\Lead\Resource\Http\Controllers\Playground\TaskRouteTest" classname="Tests.Feature.Playground.Lead.Resource.Http.Controllers.Playground.TaskRouteTest" assertions="3" time="0.386868"/>
        <testcase name="test_json_unlock_as_admin_and_succeed" file="/app/vendor/gammamatrix/playground-test/src/Feature/Http/Controllers/Resource/Playground/UnlockJsonTrait.php" line="69" class="Tests\Feature\Playground\Lead\Resource\Http\Controllers\Playground\TaskRouteTest" classname="Tests.Feature.Playground.Lead.Resource.Http.Controllers.Playground.TaskRouteTest" assertions="125" time="0.399734"/>
        <testcase name="test_json_unlock_as_admin_and_succeed_with_no_redirect" file="/app/vendor/gammamatrix/playground-test/src/Feature/Http/Controllers/Resource/Playground/UnlockJsonTrait.php" line="105" class="Tests\Feature\Playground\Lead\Resource\Http\Controllers\Playground\TaskRouteTest" classname="Tests.Feature.Playground.Lead.Resource.Http.Controllers.Playground.TaskRouteTest" assertions="125" time="0.399161"/>
        <testcase name="test_json_unlock_as_user_and_get_denied" file="/app/vendor/gammamatrix/playground-test/src/Feature/Http/Controllers/Resource/Playground/UnlockJsonTrait.php" line="146" class="Tests\Feature\Playground\Lead\Resource\Http\Controllers\Playground\TaskRouteTest" classname="Tests.Feature.Playground.Lead.Resource.Http.Controllers.Playground.TaskRouteTest" assertions="3" time="0.385969"/>
        <testcase name="test_guest_cannot_unlock" file="/app/vendor/gammamatrix/playground-test/src/Feature/Http/Controllers/Resource/Playground/UnlockTrait.php" line="37" class="Tests\Feature\Playground\Lead\Resource\Http\Controllers\Playground\TaskRouteTest" classname="Tests.Feature.Playground.Lead.Resource.Http.Controllers.Playground.TaskRouteTest" assertions="3" time="0.377260"/>
        <testcase name="test_unlock_as_admin_and_succeed" file="/app/vendor/gammamatrix/playground-test/src/Feature/Http/Controllers/Resource/Playground/UnlockTrait.php" line="69" class="Tests\Feature\Playground\Lead\Resource\Http\Controllers\Playground\TaskRouteTest" classname="Tests.Feature.Playground.Lead.Resource.Http.Controllers.Playground.TaskRouteTest" assertions="4" time="0.397043"/>
        <testcase name="test_unlock_as_admin_and_succeed_with_redirect_to_index_with_sorted_by_unlocked_desc" file="/app/vendor/gammamatrix/playground-test/src/Feature/Http/Controllers/Resource/Playground/UnlockTrait.php" line="110" class="Tests\Feature\Playground\Lead\Resource\Http\Controllers\Playground\TaskRouteTest" classname="Tests.Feature.Playground.Lead.Resource.Http.Controllers.Playground.TaskRouteTest" assertions="4" time="0.397430"/>
        <testcase name="test_unlock_as_user_and_get_denied" file="/app/vendor/gammamatrix/playground-test/src/Feature/Http/Controllers/Resource/Playground/UnlockTrait.php" line="149" class="Tests\Feature\Playground\Lead\Resource\Http\Controllers\Playground\TaskRouteTest" classname="Tests.Feature.Playground.Lead.Resource.Http.Controllers.Playground.TaskRouteTest" assertions="3" time="0.383903"/>
        <testcase name="test_json_guest_cannot_update" file="/app/vendor/gammamatrix/playground-test/src/Feature/Http/Controllers/Resource/Playground/UpdateJsonTrait.php" line="46" class="Tests\Feature\Playground\Lead\Resource\Http\Controllers\Playground\TaskRouteTest" classname="Tests.Feature.Playground.Lead.Resource.Http.Controllers.Playground.TaskRouteTest" assertions="1" time="0.371357"/>
        <testcase name="test_json_update_as_admin_without_payload_and_passes_validation" file="/app/vendor/gammamatrix/playground-test/src/Feature/Http/Controllers/Resource/Playground/UpdateJsonTrait.php" line="66" class="Tests\Feature\Playground\Lead\Resource\Http\Controllers\Playground\TaskRouteTest" classname="Tests.Feature.Playground.Lead.Resource.Http.Controllers.Playground.TaskRouteTest" assertions="2" time="0.412117"/>
        <testcase name="test_json_admin_can_update" file="/app/vendor/gammamatrix/playground-test/src/Feature/Http/Controllers/Resource/Playground/UpdateJsonTrait.php" line="114" class="Tests\Feature\Playground\Lead\Resource\Http\Controllers\Playground\TaskRouteTest" classname="Tests.Feature.Playground.Lead.Resource.Http.Controllers.Playground.TaskRouteTest" assertions="127" time="0.444465"/>
        <testcase name="test_guest_cannot_update" file="/app/vendor/gammamatrix/playground-test/src/Feature/Http/Controllers/Resource/Playground/UpdateTrait.php" line="46" class="Tests\Feature\Playground\Lead\Resource\Http\Controllers\Playground\TaskRouteTest" classname="Tests.Feature.Playground.Lead.Resource.Http.Controllers.Playground.TaskRouteTest" assertions="1" time="0.372429"/>
        <testcase name="test_update_as_admin_without_payload_and_passes_validation" file="/app/vendor/gammamatrix/playground-test/src/Feature/Http/Controllers/Resource/Playground/UpdateTrait.php" line="66" class="Tests\Feature\Playground\Lead\Resource\Http\Controllers\Playground\TaskRouteTest" classname="Tests.Feature.Playground.Lead.Resource.Http.Controllers.Playground.TaskRouteTest" assertions="3" time="0.408078"/>
        <testcase name="test_admin_can_update" file="/app/vendor/gammamatrix/playground-test/src/Feature/Http/Controllers/Resource/Playground/UpdateTrait.php" line="117" class="Tests\Feature\Playground\Lead\Resource\Http\Controllers\Playground\TaskRouteTest" classname="Tests.Feature.Playground.Lead.Resource.Http.Controllers.Playground.TaskRouteTest" assertions="6" time="0.439354"/>
        <testcase name="test_admin_can_update_view_with_return_url" file="/app/vendor/gammamatrix/playground-test/src/Feature/Http/Controllers/Resource/Playground/UpdateTrait.php" line="160" class="Tests\Feature\Playground\Lead\Resource\Http\Controllers\Playground\TaskRouteTest" classname="Tests.Feature.Playground.Lead.Resource.Http.Controllers.Playground.TaskRouteTest" assertions="6" time="0.440442"/>
      </testsuite>
      <testsuite name="Tests\Feature\Playground\Lead\Resource\Http\Controllers\Playground\TeamRouteTest" file="/app/tests/Feature/Http/Controllers/Playground/TeamRouteTest.php" tests="73" assertions="1329" errors="0" failures="0" skipped="0" time="28.404186">
        <testcase name="test_json_guest_cannot_get_create_info" file="/app/vendor/gammamatrix/playground-test/src/Feature/Http/Controllers/Resource/Playground/CreateJsonTrait.php" line="39" class="Tests\Feature\Playground\Lead\Resource\Http\Controllers\Playground\TeamRouteTest" classname="Tests.Feature.Playground.Lead.Resource.Http.Controllers.Playground.TeamRouteTest" assertions="1" time="0.358801"/>
        <testcase name="test_json_admin_can_get_create_info" file="/app/vendor/gammamatrix/playground-test/src/Feature/Http/Controllers/Resource/Playground/CreateJsonTrait.php" line="54" class="Tests\Feature\Playground\Lead\Resource\Http\Controllers\Playground\TeamRouteTest" classname="Tests.Feature.Playground.Lead.Resource.Http.Controllers.Playground.TeamRouteTest" assertions="123" time="0.374393"/>
        <testcase name="test_json_get_create_info_as_admin_with_invalid_parameter_and_fail_validation" file="/app/vendor/gammamatrix/playground-test/src/Feature/Http/Controllers/Resource/Playground/CreateJsonTrait.php" line="74" class="Tests\Feature\Playground\Lead\Resource\Http\Controllers\Playground\TeamRouteTest" classname="Tests.Feature.Playground.Lead.Resource.Http.Controllers.Playground.TeamRouteTest" assertions="4" time="0.393476"/>
        <testcase name="test_guest_cannot_render_create_view" file="/app/vendor/gammamatrix/playground-test/src/Feature/Http/Controllers/Resource/Playground/CreateTrait.php" line="34" class="Tests\Feature\Playground\Lead\Resource\Http\Controllers\Playground\TeamRouteTest" classname="Tests.Feature.Playground.Lead.Resource.Http.Controllers.Playground.TeamRouteTest" assertions="1" time="0.352300"/>
        <testcase name="test_admin_can_render_create_view" file="/app/vendor/gammamatrix/playground-test/src/Feature/Http/Controllers/Resource/Playground/CreateTrait.php" line="48" class="Tests\Feature\Playground\Lead\Resource\Http\Controllers\Playground\TeamRouteTest" classname="Tests.Feature.Playground.Lead.Resource.Http.Controllers.Playground.TeamRouteTest" assertions="2" time="0.405338"/>
        <testcase name="test_admin_can_render_create_view_with_return_url" file="/app/vendor/gammamatrix/playground-test/src/Feature/Http/Controllers/Resource/Playground/CreateTrait.php" line="66" class="Tests\Feature\Playground\Lead\Resource\Http\Controllers\Playground\TeamRouteTest" classname="Tests.Feature.Playground.Lead.Resource.Http.Controllers.Playground.TeamRouteTest" assertions="3" time="0.400526"/>
        <testcase name="test_create_view_as_admin_with_invalid_parameter_and_fail_validation_and_redirect" file="/app/vendor/gammamatrix/playground-test/src/Feature/Http/Controllers/Resource/Playground/CreateTrait.php" line="90" class="Tests\Feature\Playground\Lead\Resource\Http\Controllers\Playground\TeamRouteTest" classname="Tests.Feature.Playground.Lead.Resource.Http.Controllers.Playground.TeamRouteTest" assertions="5" time="0.369558"/>
        <testcase name="test_json_guest_cannot_destroy" file="/app/vendor/gammamatrix/playground-test/src/Feature/Http/Controllers/Resource/Playground/DestroyJsonTrait.php" line="32" class="Tests\Feature\Playground\Lead\Resource\Http\Controllers\Playground\TeamRouteTest" classname="Tests.Feature.Playground.Lead.Resource.Http.Controllers.Playground.TeamRouteTest" assertions="3" time="0.369659"/>
        <testcase name="test_json_destroy_as_admin_and_succeed" file="/app/vendor/gammamatrix/playground-test/src/Feature/Http/Controllers/Resource/Playground/DestroyJsonTrait.php" line="62" class="Tests\Feature\Playground\Lead\Resource\Http\Controllers\Playground\TeamRouteTest" classname="Tests.Feature.Playground.Lead.Resource.Http.Controllers.Playground.TeamRouteTest" assertions="5" time="0.393881"/>
        <testcase name="test_json_destroy_as_admin_and_succeed_with_force_delete" file="/app/vendor/gammamatrix/playground-test/src/Feature/Http/Controllers/Resource/Playground/DestroyJsonTrait.php" line="101" class="Tests\Feature\Playground\Lead\Resource\Http\Controllers\Playground\TeamRouteTest" classname="Tests.Feature.Playground.Lead.Resource.Http.Controllers.Playground.TeamRouteTest" assertions="4" time="0.373895"/>
        <testcase name="test_json_destroy_as_admin_and_succeed_with_no_content" file="/app/vendor/gammamatrix/playground-test/src/Feature/Http/Controllers/Resource/Playground/DestroyJsonTrait.php" line="133" class="Tests\Feature\Playground\Lead\Resource\Http\Controllers\Playground\TeamRouteTest" classname="Tests.Feature.Playground.Lead.Resource.Http.Controllers.Playground.TeamRouteTest" assertions="5" time="0.374859"/>
        <testcase name="test_json_destroy_as_admin_and_succeed_and_ignore_redirect" file="/app/vendor/gammamatrix/playground-test/src/Feature/Http/Controllers/Resource/Playground/DestroyJsonTrait.php" line="168" class="Tests\Feature\Playground\Lead\Resource\Http\Controllers\Playground\TeamRouteTest" classname="Tests.Feature.Playground.Lead.Resource.Http.Controllers.Playground.TeamRouteTest" assertions="5" time="0.377507"/>
        <testcase name="test_json_destroy_as_user_and_get_denied_and_no_force_delete_allowed" file="/app/vendor/gammamatrix/playground-test/src/Feature/Http/Controllers/Resource/Playground/DestroyJsonTrait.php" line="210" class="Tests\Feature\Playground\Lead\Resource\Http\Controllers\Playground\TeamRouteTest" classname="Tests.Feature.Playground.Lead.Resource.Http.Controllers.Playground.TeamRouteTest" assertions="3" time="0.368253"/>
        <testcase name="test_guest_cannot_destroy" file="/app/vendor/gammamatrix/playground-test/src/Feature/Http/Controllers/Resource/Playground/DestroyTrait.php" line="32" class="Tests\Feature\Playground\Lead\Resource\Http\Controllers\Playground\TeamRouteTest" classname="Tests.Feature.Playground.Lead.Resource.Http.Controllers.Playground.TeamRouteTest" assertions="3" time="0.373113"/>
        <testcase name="test_destroy_as_admin_and_succeed" file="/app/vendor/gammamatrix/playground-test/src/Feature/Http/Controllers/Resource/Playground/DestroyTrait.php" line="62" class="Tests\Feature\Playground\Lead\Resource\Http\Controllers\Playground\TeamRouteTest" classname="Tests.Feature.Playground.Lead.Resource.Http.Controllers.Playground.TeamRouteTest" assertions="5" time="0.375329"/>
        <testcase name="test_destroy_as_admin_and_succeed_with_force_delete" file="/app/vendor/gammamatrix/playground-test/src/Feature/Http/Controllers/Resource/Playground/DestroyTrait.php" line="98" class="Tests\Feature\Playground\Lead\Resource\Http\Controllers\Playground\TeamRouteTest" classname="Tests.Feature.Playground.Lead.Resource.Http.Controllers.Playground.TeamRouteTest" assertions="4" time="0.378453"/>
        <testcase name="test_destroy_as_admin_and_succeed_with_redirect_to_index_with_trash" file="/app/vendor/gammamatrix/playground-test/src/Feature/Http/Controllers/Resource/Playground/DestroyTrait.php" line="130" class="Tests\Feature\Playground\Lead\Resource\Http\Controllers\Playground\TeamRouteTest" classname="Tests.Feature.Playground.Lead.Resource.Http.Controllers.Playground.TeamRouteTest" assertions="5" time="0.373315"/>
        <testcase name="test_destroy_as_user_and_get_denied_and_no_force_delete_allowed" file="/app/vendor/gammamatrix/playground-test/src/Feature/Http/Controllers/Resource/Playground/DestroyTrait.php" line="172" class="Tests\Feature\Playground\Lead\Resource\Http\Controllers\Playground\TeamRouteTest" classname="Tests.Feature.Playground.Lead.Resource.Http.Controllers.Playground.TeamRouteTest" assertions="3" time="0.372764"/>
        <testcase name="test_json_guest_cannot_get_edit_info" file="/app/vendor/gammamatrix/playground-test/src/Feature/Http/Controllers/Resource/Playground/EditJsonTrait.php" line="39" class="Tests\Feature\Playground\Lead\Resource\Http\Controllers\Playground\TeamRouteTest" classname="Tests.Feature.Playground.Lead.Resource.Http.Controllers.Playground.TeamRouteTest" assertions="1" time="0.363129"/>
        <testcase name="test_json_admin_can_get_edit_info" file="/app/vendor/gammamatrix/playground-test/src/Feature/Http/Controllers/Resource/Playground/EditJsonTrait.php" line="59" class="Tests\Feature\Playground\Lead\Resource\Http\Controllers\Playground\TeamRouteTest" classname="Tests.Feature.Playground.Lead.Resource.Http.Controllers.Playground.TeamRouteTest" assertions="4" time="0.406734"/>
        <testcase name="test_json_edit_as_admin_and_fail_validation_with_invalid_parameter" file="/app/vendor/gammamatrix/playground-test/src/Feature/Http/Controllers/Resource/Playground/EditJsonTrait.php" line="88" class="Tests\Feature\Playground\Lead\Resource\Http\Controllers\Playground\TeamRouteTest" classname="Tests.Feature.Playground.Lead.Resource.Http.Controllers.Playground.TeamRouteTest" assertions="4" time="0.384127"/>
        <testcase name="test_guest_cannot_render_edit_view" file="/app/vendor/gammamatrix/playground-test/src/Feature/Http/Controllers/Resource/Playground/EditTrait.php" line="34" class="Tests\Feature\Playground\Lead\Resource\Http\Controllers\Playground\TeamRouteTest" classname="Tests.Feature.Playground.Lead.Resource.Http.Controllers.Playground.TeamRouteTest" assertions="1" time="0.364340"/>
        <testcase name="test_admin_can_render_edit_view" file="/app/vendor/gammamatrix/playground-test/src/Feature/Http/Controllers/Resource/Playground/EditTrait.php" line="54" class="Tests\Feature\Playground\Lead\Resource\Http\Controllers\Playground\TeamRouteTest" classname="Tests.Feature.Playground.Lead.Resource.Http.Controllers.Playground.TeamRouteTest" assertions="2" time="0.415932"/>
        <testcase name="test_admin_can_render_edit_view_with_return_url" file="/app/vendor/gammamatrix/playground-test/src/Feature/Http/Controllers/Resource/Playground/EditTrait.php" line="78" class="Tests\Feature\Playground\Lead\Resource\Http\Controllers\Playground\TeamRouteTest" classname="Tests.Feature.Playground.Lead.Resource.Http.Controllers.Playground.TeamRouteTest" assertions="3" time="0.415625"/>
        <testcase name="test_edit_view_as_admin_with_invalid_parameter_and_fail_validation_and_redirect" file="/app/vendor/gammamatrix/playground-test/src/Feature/Http/Controllers/Resource/Playground/EditTrait.php" line="107" class="Tests\Feature\Playground\Lead\Resource\Http\Controllers\Playground\TeamRouteTest" classname="Tests.Feature.Playground.Lead.Resource.Http.Controllers.Playground.TeamRouteTest" assertions="4" time="0.392534"/>
        <testcase name="test_json_guest_cannot_get_index" file="/app/vendor/gammamatrix/playground-test/src/Feature/Http/Controllers/Resource/Playground/IndexJsonTrait.php" line="35" class="Tests\Feature\Playground\Lead\Resource\Http\Controllers\Playground\TeamRouteTest" classname="Tests.Feature.Playground.Lead.Resource.Http.Controllers.Playground.TeamRouteTest" assertions="1" time="0.364838"/>
        <testcase name="test_json_admin_can_get_index" file="/app/vendor/gammamatrix/playground-test/src/Feature/Http/Controllers/Resource/Playground/IndexJsonTrait.php" line="50" class="Tests\Feature\Playground\Lead\Resource\Http\Controllers\Playground\TeamRouteTest" classname="Tests.Feature.Playground.Lead.Resource.Http.Controllers.Playground.TeamRouteTest" assertions="127" time="0.390247"/>
        <testcase name="test_json_admin_can_get_index_with_filters" file="/app/vendor/gammamatrix/playground-test/src/Feature/Http/Controllers/Resource/Playground/IndexJsonTrait.php" line="86" class="Tests\Feature\Playground\Lead\Resource\Http\Controllers\Playground\TeamRouteTest" classname="Tests.Feature.Playground.Lead.Resource.Http.Controllers.Playground.TeamRouteTest" assertions="3" time="0.391702"/>
        <testcase name="test_guest_cannot_render_index_view" file="/app/vendor/gammamatrix/playground-test/src/Feature/Http/Controllers/Resource/Playground/IndexTrait.php" line="30" class="Tests\Feature\Playground\Lead\Resource\Http\Controllers\Playground\TeamRouteTest" classname="Tests.Feature.Playground.Lead.Resource.Http.Controllers.Playground.TeamRouteTest" assertions="1" time="0.364975"/>
        <testcase name="test_admin_can_render_index_view" file="/app/vendor/gammamatrix/playground-test/src/Feature/Http/Controllers/Resource/Playground/IndexTrait.php" line="45" class="Tests\Feature\Playground\Lead\Resource\Http\Controllers\Playground\TeamRouteTest" classname="Tests.Feature.Playground.Lead.Resource.Http.Controllers.Playground.TeamRouteTest" assertions="2" time="0.427014"/>
        <testcase name="test_admin_can_render_index_view_with_filters" file="/app/vendor/gammamatrix/playground-test/src/Feature/Http/Controllers/Resource/Playground/IndexTrait.php" line="78" class="Tests\Feature\Playground\Lead\Resource\Http\Controllers\Playground\TeamRouteTest" classname="Tests.Feature.Playground.Lead.Resource.Http.Controllers.Playground.TeamRouteTest" assertions="3" time="0.418595"/>
        <testcase name="test_json_guest_cannot_lock" file="/app/vendor/gammamatrix/playground-test/src/Feature/Http/Controllers/Resource/Playground/LockJsonTrait.php" line="37" class="Tests\Feature\Playground\Lead\Resource\Http\Controllers\Playground\TeamRouteTest" classname="Tests.Feature.Playground.Lead.Resource.Http.Controllers.Playground.TeamRouteTest" assertions="3" time="0.368122"/>
        <testcase name="test_json_lock_as_admin_and_succeed" file="/app/vendor/gammamatrix/playground-test/src/Feature/Http/Controllers/Resource/Playground/LockJsonTrait.php" line="67" class="Tests\Feature\Playground\Lead\Resource\Http\Controllers\Playground\TeamRouteTest" classname="Tests.Feature.Playground.Lead.Resource.Http.Controllers.Playground.TeamRouteTest" assertions="3" time="0.388323"/>
        <testcase name="test_json_lock_as_admin_and_succeed_with_no_redirect" file="/app/vendor/gammamatrix/playground-test/src/Feature/Http/Controllers/Resource/Playground/LockJsonTrait.php" line="99" class="Tests\Feature\Playground\Lead\Resource\Http\Controllers\Playground\TeamRouteTest" classname="Tests.Feature.Playground.Lead.Resource.Http.Controllers.Playground.TeamRouteTest" assertions="125" time="0.392185"/>
        <testcase name="test_json_lock_as_user_and_get_denied" file="/app/vendor/gammamatrix/playground-test/src/Feature/Http/Controllers/Resource/Playground/LockJsonTrait.php" line="144" class="Tests\Feature\Playground\Lead\Resource\Http\Controllers\Playground\TeamRouteTest" classname="Tests.Feature.Playground.Lead.Resource.Http.Controllers.Playground.TeamRouteTest" assertions="3" time="0.383927"/>
        <testcase name="test_guest_cannot_lock" file="/app/vendor/gammamatrix/playground-test/src/Feature/Http/Controllers/Resource/Playground/LockTrait.php" line="32" class="Tests\Feature\Playground\Lead\Resource\Http\Controllers\Playground\TeamRouteTest" classname="Tests.Feature.Playground.Lead.Resource.Http.Controllers.Playground.TeamRouteTest" assertions="3" time="0.367656"/>
        <testcase name="test_lock_as_admin_and_succeed" file="/app/vendor/gammamatrix/playground-test/src/Feature/Http/Controllers/Resource/Playground/LockTrait.php" line="62" class="Tests\Feature\Playground\Lead\Resource\Http\Controllers\Playground\TeamRouteTest" classname="Tests.Feature.Playground.Lead.Resource.Http.Controllers.Playground.TeamRouteTest" assertions="4" time="0.385664"/>
        <testcase name="test_lock_as_admin_and_succeed_with_redirect_to_index_with_sorted_by_locked_desc" file="/app/vendor/gammamatrix/playground-test/src/Feature/Http/Controllers/Resource/Playground/LockTrait.php" line="96" class="Tests\Feature\Playground\Lead\Resource\Http\Controllers\Playground\TeamRouteTest" classname="Tests.Feature.Playground.Lead.Resource.Http.Controllers.Playground.TeamRouteTest" assertions="4" time="0.386039"/>
        <testcase name="test_lock_as_user_and_get_denied" file="/app/vendor/gammamatrix/playground-test/src/Feature/Http/Controllers/Resource/Playground/LockTrait.php" line="133" class="Tests\Feature\Playground\Lead\Resource\Http\Controllers\Playground\TeamRouteTest" classname="Tests.Feature.Playground.Lead.Resource.Http.Controllers.Playground.TeamRouteTest" assertions="3" time="0.379390"/>
        <testcase name="test_json_guest_cannot_restore" file="/app/vendor/gammamatrix/playground-test/src/Feature/Http/Controllers/Resource/Playground/RestoreJsonTrait.php" line="33" class="Tests\Feature\Playground\Lead\Resource\Http\Controllers\Playground\TeamRouteTest" classname="Tests.Feature.Playground.Lead.Resource.Http.Controllers.Playground.TeamRouteTest" assertions="3" time="0.369251"/>
        <testcase name="test_json_restore_as_admin_and_succeed" file="/app/vendor/gammamatrix/playground-test/src/Feature/Http/Controllers/Resource/Playground/RestoreJsonTrait.php" line="65" class="Tests\Feature\Playground\Lead\Resource\Http\Controllers\Playground\TeamRouteTest" classname="Tests.Feature.Playground.Lead.Resource.Http.Controllers.Playground.TeamRouteTest" assertions="125" time="0.401110"/>
        <testcase name="test_json_restore_as_admin_and_succeed_with_no_redirect" file="/app/vendor/gammamatrix/playground-test/src/Feature/Http/Controllers/Resource/Playground/RestoreJsonTrait.php" line="101" class="Tests\Feature\Playground\Lead\Resource\Http\Controllers\Playground\TeamRouteTest" classname="Tests.Feature.Playground.Lead.Resource.Http.Controllers.Playground.TeamRouteTest" assertions="125" time="0.389313"/>
        <testcase name="test_json_restore_as_user_and_get_denied" file="/app/vendor/gammamatrix/playground-test/src/Feature/Http/Controllers/Resource/Playground/RestoreJsonTrait.php" line="144" class="Tests\Feature\Playground\Lead\Resource\Http\Controllers\Playground\TeamRouteTest" classname="Tests.Feature.Playground.Lead.Resource.Http.Controllers.Playground.TeamRouteTest" assertions="3" time="0.377663"/>
        <testcase name="test_guest_cannot_restore" file="/app/vendor/gammamatrix/playground-test/src/Feature/Http/Controllers/Resource/Playground/RestoreTrait.php" line="33" class="Tests\Feature\Playground\Lead\Resource\Http\Controllers\Playground\TeamRouteTest" classname="Tests.Feature.Playground.Lead.Resource.Http.Controllers.Playground.TeamRouteTest" assertions="3" time="0.370763"/>
        <testcase name="test_restore_as_admin_and_succeed" file="/app/vendor/gammamatrix/playground-test/src/Feature/Http/Controllers/Resource/Playground/RestoreTrait.php" line="65" class="Tests\Feature\Playground\Lead\Resource\Http\Controllers\Playground\TeamRouteTest" classname="Tests.Feature.Playground.Lead.Resource.Http.Controllers.Playground.TeamRouteTest" assertions="4" time="0.383799"/>
        <testcase name="test_restore_as_admin_and_succeed_with_redirect_to_index_with_only_trash" file="/app/vendor/gammamatrix/playground-test/src/Feature/Http/Controllers/Resource/Playground/RestoreTrait.php" line="101" class="Tests\Feature\Playground\Lead\Resource\Http\Controllers\Playground\TeamRouteTest" classname="Tests.Feature.Playground.Lead.Resource.Http.Controllers.Playground.TeamRouteTest" assertions="4" time="0.387568"/>
        <testcase name="test_restore_as_user_and_get_denied" file="/app/vendor/gammamatrix/playground-test/src/Feature/Http/Controllers/Resource/Playground/RestoreTrait.php" line="147" class="Tests\Feature\Playground\Lead\Resource\Http\Controllers\Playground\TeamRouteTest" classname="Tests.Feature.Playground.Lead.Resource.Http.Controllers.Playground.TeamRouteTest" assertions="3" time="0.393041"/>
        <testcase name="test_json_guest_cannot_see_info" file="/app/vendor/gammamatrix/playground-test/src/Feature/Http/Controllers/Resource/Playground/ShowJsonTrait.php" line="30" class="Tests\Feature\Playground\Lead\Resource\Http\Controllers\Playground\TeamRouteTest" classname="Tests.Feature.Playground.Lead.Resource.Http.Controllers.Playground.TeamRouteTest" assertions="1" time="0.373119"/>
        <testcase name="test_json_show_info_for_admin" file="/app/vendor/gammamatrix/playground-test/src/Feature/Http/Controllers/Resource/Playground/ShowJsonTrait.php" line="50" class="Tests\Feature\Playground\Lead\Resource\Http\Controllers\Playground\TeamRouteTest" classname="Tests.Feature.Playground.Lead.Resource.Http.Controllers.Playground.TeamRouteTest" assertions="124" time="0.386882"/>
        <testcase name="test_guest_cannot_render_show_view" file="/app/vendor/gammamatrix/playground-test/src/Feature/Http/Controllers/Resource/Playground/ShowTrait.php" line="30" class="Tests\Feature\Playground\Lead\Resource\Http\Controllers\Playground\TeamRouteTest" classname="Tests.Feature.Playground.Lead.Resource.Http.Controllers.Playground.TeamRouteTest" assertions="1" time="0.372898"/>
        <testcase name="test_show_view_rendered_by_admin" file="/app/vendor/gammamatrix/playground-test/src/Feature/Http/Controllers/Resource/Playground/ShowTrait.php" line="50" class="Tests\Feature\Playground\Lead\Resource\Http\Controllers\Playground\TeamRouteTest" classname="Tests.Feature.Playground.Lead.Resource.Http.Controllers.Playground.TeamRouteTest" assertions="2" time="0.399445"/>
        <testcase name="test_json_guest_cannot_store" file="/app/vendor/gammamatrix/playground-test/src/Feature/Http/Controllers/Resource/Playground/StoreJsonTrait.php" line="44" class="Tests\Feature\Playground\Lead\Resource\Http\Controllers\Playground\TeamRouteTest" classname="Tests.Feature.Playground.Lead.Resource.Http.Controllers.Playground.TeamRouteTest" assertions="3" time="0.374479"/>
        <testcase name="test_json_store_as_admin_without_payload_and_fail_validation" file="/app/vendor/gammamatrix/playground-test/src/Feature/Http/Controllers/Resource/Playground/StoreJsonTrait.php" line="67" class="Tests\Feature\Playground\Lead\Resource\Http\Controllers\Playground\TeamRouteTest" classname="Tests.Feature.Playground.Lead.Resource.Http.Controllers.Playground.TeamRouteTest" assertions="5" time="0.384321"/>
        <testcase name="test_json_store_as_admin_and_succeed" file="/app/vendor/gammamatrix/playground-test/src/Feature/Http/Controllers/Resource/Playground/StoreJsonTrait.php" line="93" class="Tests\Feature\Playground\Lead\Resource\Http\Controllers\Playground\TeamRouteTest" classname="Tests.Feature.Playground.Lead.Resource.Http.Controllers.Playground.TeamRouteTest" assertions="3" time="0.444500"/>
        <testcase name="test_guest_cannot_store" file="/app/vendor/gammamatrix/playground-test/src/Feature/Http/Controllers/Resource/Playground/StoreTrait.php" line="39" class="Tests\Feature\Playground\Lead\Resource\Http\Controllers\Playground\TeamRouteTest" classname="Tests.Feature.Playground.Lead.Resource.Http.Controllers.Playground.TeamRouteTest" assertions="3" time="0.366248"/>
        <testcase name="test_store_as_admin_without_payload_and_fail_validation" file="/app/vendor/gammamatrix/playground-test/src/Feature/Http/Controllers/Resource/Playground/StoreTrait.php" line="62" class="Tests\Feature\Playground\Lead\Resource\Http\Controllers\Playground\TeamRouteTest" classname="Tests.Feature.Playground.Lead.Resource.Http.Controllers.Playground.TeamRouteTest" assertions="5" time="0.384407"/>
        <testcase name="test_store_as_admin_and_succeed" file="/app/vendor/gammamatrix/playground-test/src/Feature/Http/Controllers/Resource/Playground/StoreTrait.php" line="91" class="Tests\Feature\Playground\Lead\Resource\Http\Controllers\Playground\TeamRouteTest" classname="Tests.Feature.Playground.Lead.Resource.Http.Controllers.Playground.TeamRouteTest" assertions="4" time="0.419750"/>
        <testcase name="test_store_as_admin_and_succeed_with_return_url" file="/app/vendor/gammamatrix/playground-test/src/Feature/Http/Controllers/Resource/Playground/StoreTrait.php" line="136" class="Tests\Feature\Playground\Lead\Resource\Http\Controllers\Playground\TeamRouteTest" classname="Tests.Feature.Playground.Lead.Resource.Http.Controllers.Playground.TeamRouteTest" assertions="4" time="0.441120"/>
        <testcase name="test_json_guest_cannot_unlock" file="/app/vendor/gammamatrix/playground-test/src/Feature/Http/Controllers/Resource/Playground/UnlockJsonTrait.php" line="37" class="Tests\Feature\Playground\Lead\Resource\Http\Controllers\Playground\TeamRouteTest" classname="Tests.Feature.Playground.Lead.Resource.Http.Controllers.Playground.TeamRouteTest" assertions="3" time="0.375643"/>
        <testcase name="test_json_unlock_as_admin_and_succeed" file="/app/vendor/gammamatrix/playground-test/src/Feature/Http/Controllers/Resource/Playground/UnlockJsonTrait.php" line="69" class="Tests\Feature\Playground\Lead\Resource\Http\Controllers\Playground\TeamRouteTest" classname="Tests.Feature.Playground.Lead.Resource.Http.Controllers.Playground.TeamRouteTest" assertions="125" time="0.400026"/>
        <testcase name="test_json_unlock_as_admin_and_succeed_with_no_redirect" file="/app/vendor/gammamatrix/playground-test/src/Feature/Http/Controllers/Resource/Playground/UnlockJsonTrait.php" line="105" class="Tests\Feature\Playground\Lead\Resource\Http\Controllers\Playground\TeamRouteTest" classname="Tests.Feature.Playground.Lead.Resource.Http.Controllers.Playground.TeamRouteTest" assertions="125" time="0.402298"/>
        <testcase name="test_json_unlock_as_user_and_get_denied" file="/app/vendor/gammamatrix/playground-test/src/Feature/Http/Controllers/Resource/Playground/UnlockJsonTrait.php" line="146" class="Tests\Feature\Playground\Lead\Resource\Http\Controllers\Playground\TeamRouteTest" classname="Tests.Feature.Playground.Lead.Resource.Http.Controllers.Playground.TeamRouteTest" assertions="3" time="0.387973"/>
        <testcase name="test_guest_cannot_unlock" file="/app/vendor/gammamatrix/playground-test/src/Feature/Http/Controllers/Resource/Playground/UnlockTrait.php" line="37" class="Tests\Feature\Playground\Lead\Resource\Http\Controllers\Playground\TeamRouteTest" classname="Tests.Feature.Playground.Lead.Resource.Http.Controllers.Playground.TeamRouteTest" assertions="3" time="0.382305"/>
        <testcase name="test_unlock_as_admin_and_succeed" file="/app/vendor/gammamatrix/playground-test/src/Feature/Http/Controllers/Resource/Playground/UnlockTrait.php" line="69" class="Tests\Feature\Playground\Lead\Resource\Http\Controllers\Playground\TeamRouteTest" classname="Tests.Feature.Playground.Lead.Resource.Http.Controllers.Playground.TeamRouteTest" assertions="4" time="0.403325"/>
        <testcase name="test_unlock_as_admin_and_succeed_with_redirect_to_index_with_sorted_by_unlocked_desc" file="/app/vendor/gammamatrix/playground-test/src/Feature/Http/Controllers/Resource/Playground/UnlockTrait.php" line="110" class="Tests\Feature\Playground\Lead\Resource\Http\Controllers\Playground\TeamRouteTest" classname="Tests.Feature.Playground.Lead.Resource.Http.Controllers.Playground.TeamRouteTest" assertions="4" time="0.405885"/>
        <testcase name="test_unlock_as_user_and_get_denied" file="/app/vendor/gammamatrix/playground-test/src/Feature/Http/Controllers/Resource/Playground/UnlockTrait.php" line="149" class="Tests\Feature\Playground\Lead\Resource\Http\Controllers\Playground\TeamRouteTest" classname="Tests.Feature.Playground.Lead.Resource.Http.Controllers.Playground.TeamRouteTest" assertions="3" time="0.388153"/>
        <testcase name="test_json_guest_cannot_update" file="/app/vendor/gammamatrix/playground-test/src/Feature/Http/Controllers/Resource/Playground/UpdateJsonTrait.php" line="46" class="Tests\Feature\Playground\Lead\Resource\Http\Controllers\Playground\TeamRouteTest" classname="Tests.Feature.Playground.Lead.Resource.Http.Controllers.Playground.TeamRouteTest" assertions="1" time="0.373193"/>
        <testcase name="test_json_update_as_admin_without_payload_and_passes_validation" file="/app/vendor/gammamatrix/playground-test/src/Feature/Http/Controllers/Resource/Playground/UpdateJsonTrait.php" line="66" class="Tests\Feature\Playground\Lead\Resource\Http\Controllers\Playground\TeamRouteTest" classname="Tests.Feature.Playground.Lead.Resource.Http.Controllers.Playground.TeamRouteTest" assertions="2" time="0.404140"/>
        <testcase name="test_json_admin_can_update" file="/app/vendor/gammamatrix/playground-test/src/Feature/Http/Controllers/Resource/Playground/UpdateJsonTrait.php" line="114" class="Tests\Feature\Playground\Lead\Resource\Http\Controllers\Playground\TeamRouteTest" classname="Tests.Feature.Playground.Lead.Resource.Http.Controllers.Playground.TeamRouteTest" assertions="127" time="0.449702"/>
        <testcase name="test_guest_cannot_update" file="/app/vendor/gammamatrix/playground-test/src/Feature/Http/Controllers/Resource/Playground/UpdateTrait.php" line="46" class="Tests\Feature\Playground\Lead\Resource\Http\Controllers\Playground\TeamRouteTest" classname="Tests.Feature.Playground.Lead.Resource.Http.Controllers.Playground.TeamRouteTest" assertions="1" time="0.386969"/>
        <testcase name="test_update_as_admin_without_payload_and_passes_validation" file="/app/vendor/gammamatrix/playground-test/src/Feature/Http/Controllers/Resource/Playground/UpdateTrait.php" line="66" class="Tests\Feature\Playground\Lead\Resource\Http\Controllers\Playground\TeamRouteTest" classname="Tests.Feature.Playground.Lead.Resource.Http.Controllers.Playground.TeamRouteTest" assertions="3" time="0.399698"/>
        <testcase name="test_admin_can_update" file="/app/vendor/gammamatrix/playground-test/src/Feature/Http/Controllers/Resource/Playground/UpdateTrait.php" line="117" class="Tests\Feature\Playground\Lead\Resource\Http\Controllers\Playground\TeamRouteTest" classname="Tests.Feature.Playground.Lead.Resource.Http.Controllers.Playground.TeamRouteTest" assertions="6" time="0.443991"/>
        <testcase name="test_admin_can_update_view_with_return_url" file="/app/vendor/gammamatrix/playground-test/src/Feature/Http/Controllers/Resource/Playground/UpdateTrait.php" line="160" class="Tests\Feature\Playground\Lead\Resource\Http\Controllers\Playground\TeamRouteTest" classname="Tests.Feature.Playground.Lead.Resource.Http.Controllers.Playground.TeamRouteTest" assertions="6" time="0.444691"/>
      </testsuite>
      <testsuite name="Tests\Feature\Playground\Lead\Resource\Http\Controllers\Playground\TeammateRouteTest" file="/app/tests/Feature/Http/Controllers/Playground/TeammateRouteTest.php" tests="73" assertions="1329" errors="0" failures="0" skipped="0" time="28.381384">
        <testcase name="test_json_guest_cannot_get_create_info" file="/app/vendor/gammamatrix/playground-test/src/Feature/Http/Controllers/Resource/Playground/CreateJsonTrait.php" line="39" class="Tests\Feature\Playground\Lead\Resource\Http\Controllers\Playground\TeammateRouteTest" classname="Tests.Feature.Playground.Lead.Resource.Http.Controllers.Playground.TeammateRouteTest" assertions="1" time="0.373765"/>
        <testcase name="test_json_admin_can_get_create_info" file="/app/vendor/gammamatrix/playground-test/src/Feature/Http/Controllers/Resource/Playground/CreateJsonTrait.php" line="54" class="Tests\Feature\Playground\Lead\Resource\Http\Controllers\Playground\TeammateRouteTest" classname="Tests.Feature.Playground.Lead.Resource.Http.Controllers.Playground.TeammateRouteTest" assertions="123" time="0.384219"/>
        <testcase name="test_json_get_create_info_as_admin_with_invalid_parameter_and_fail_validation" file="/app/vendor/gammamatrix/playground-test/src/Feature/Http/Controllers/Resource/Playground/CreateJsonTrait.php" line="74" class="Tests\Feature\Playground\Lead\Resource\Http\Controllers\Playground\TeammateRouteTest" classname="Tests.Feature.Playground.Lead.Resource.Http.Controllers.Playground.TeammateRouteTest" assertions="4" time="0.368376"/>
        <testcase name="test_guest_cannot_render_create_view" file="/app/vendor/gammamatrix/playground-test/src/Feature/Http/Controllers/Resource/Playground/CreateTrait.php" line="34" class="Tests\Feature\Playground\Lead\Resource\Http\Controllers\Playground\TeammateRouteTest" classname="Tests.Feature.Playground.Lead.Resource.Http.Controllers.Playground.TeammateRouteTest" assertions="1" time="0.350871"/>
        <testcase name="test_admin_can_render_create_view" file="/app/vendor/gammamatrix/playground-test/src/Feature/Http/Controllers/Resource/Playground/CreateTrait.php" line="48" class="Tests\Feature\Playground\Lead\Resource\Http\Controllers\Playground\TeammateRouteTest" classname="Tests.Feature.Playground.Lead.Resource.Http.Controllers.Playground.TeammateRouteTest" assertions="2" time="0.405943"/>
        <testcase name="test_admin_can_render_create_view_with_return_url" file="/app/vendor/gammamatrix/playground-test/src/Feature/Http/Controllers/Resource/Playground/CreateTrait.php" line="66" class="Tests\Feature\Playground\Lead\Resource\Http\Controllers\Playground\TeammateRouteTest" classname="Tests.Feature.Playground.Lead.Resource.Http.Controllers.Playground.TeammateRouteTest" assertions="3" time="0.404988"/>
        <testcase name="test_create_view_as_admin_with_invalid_parameter_and_fail_validation_and_redirect" file="/app/vendor/gammamatrix/playground-test/src/Feature/Http/Controllers/Resource/Playground/CreateTrait.php" line="90" class="Tests\Feature\Playground\Lead\Resource\Http\Controllers\Playground\TeammateRouteTest" classname="Tests.Feature.Playground.Lead.Resource.Http.Controllers.Playground.TeammateRouteTest" assertions="5" time="0.378899"/>
        <testcase name="test_json_guest_cannot_destroy" file="/app/vendor/gammamatrix/playground-test/src/Feature/Http/Controllers/Resource/Playground/DestroyJsonTrait.php" line="32" class="Tests\Feature\Playground\Lead\Resource\Http\Controllers\Playground\TeammateRouteTest" classname="Tests.Feature.Playground.Lead.Resource.Http.Controllers.Playground.TeammateRouteTest" assertions="3" time="0.361553"/>
        <testcase name="test_json_destroy_as_admin_and_succeed" file="/app/vendor/gammamatrix/playground-test/src/Feature/Http/Controllers/Resource/Playground/DestroyJsonTrait.php" line="62" class="Tests\Feature\Playground\Lead\Resource\Http\Controllers\Playground\TeammateRouteTest" classname="Tests.Feature.Playground.Lead.Resource.Http.Controllers.Playground.TeammateRouteTest" assertions="5" time="0.373492"/>
        <testcase name="test_json_destroy_as_admin_and_succeed_with_force_delete" file="/app/vendor/gammamatrix/playground-test/src/Feature/Http/Controllers/Resource/Playground/DestroyJsonTrait.php" line="101" class="Tests\Feature\Playground\Lead\Resource\Http\Controllers\Playground\TeammateRouteTest" classname="Tests.Feature.Playground.Lead.Resource.Http.Controllers.Playground.TeammateRouteTest" assertions="4" time="0.373163"/>
        <testcase name="test_json_destroy_as_admin_and_succeed_with_no_content" file="/app/vendor/gammamatrix/playground-test/src/Feature/Http/Controllers/Resource/Playground/DestroyJsonTrait.php" line="133" class="Tests\Feature\Playground\Lead\Resource\Http\Controllers\Playground\TeammateRouteTest" classname="Tests.Feature.Playground.Lead.Resource.Http.Controllers.Playground.TeammateRouteTest" assertions="5" time="0.379493"/>
        <testcase name="test_json_destroy_as_admin_and_succeed_and_ignore_redirect" file="/app/vendor/gammamatrix/playground-test/src/Feature/Http/Controllers/Resource/Playground/DestroyJsonTrait.php" line="168" class="Tests\Feature\Playground\Lead\Resource\Http\Controllers\Playground\TeammateRouteTest" classname="Tests.Feature.Playground.Lead.Resource.Http.Controllers.Playground.TeammateRouteTest" assertions="5" time="0.373539"/>
        <testcase name="test_json_destroy_as_user_and_get_denied_and_no_force_delete_allowed" file="/app/vendor/gammamatrix/playground-test/src/Feature/Http/Controllers/Resource/Playground/DestroyJsonTrait.php" line="210" class="Tests\Feature\Playground\Lead\Resource\Http\Controllers\Playground\TeammateRouteTest" classname="Tests.Feature.Playground.Lead.Resource.Http.Controllers.Playground.TeammateRouteTest" assertions="3" time="0.389261"/>
        <testcase name="test_guest_cannot_destroy" file="/app/vendor/gammamatrix/playground-test/src/Feature/Http/Controllers/Resource/Playground/DestroyTrait.php" line="32" class="Tests\Feature\Playground\Lead\Resource\Http\Controllers\Playground\TeammateRouteTest" classname="Tests.Feature.Playground.Lead.Resource.Http.Controllers.Playground.TeammateRouteTest" assertions="3" time="0.368644"/>
        <testcase name="test_destroy_as_admin_and_succeed" file="/app/vendor/gammamatrix/playground-test/src/Feature/Http/Controllers/Resource/Playground/DestroyTrait.php" line="62" class="Tests\Feature\Playground\Lead\Resource\Http\Controllers\Playground\TeammateRouteTest" classname="Tests.Feature.Playground.Lead.Resource.Http.Controllers.Playground.TeammateRouteTest" assertions="5" time="0.374749"/>
        <testcase name="test_destroy_as_admin_and_succeed_with_force_delete" file="/app/vendor/gammamatrix/playground-test/src/Feature/Http/Controllers/Resource/Playground/DestroyTrait.php" line="98" class="Tests\Feature\Playground\Lead\Resource\Http\Controllers\Playground\TeammateRouteTest" classname="Tests.Feature.Playground.Lead.Resource.Http.Controllers.Playground.TeammateRouteTest" assertions="4" time="0.374794"/>
        <testcase name="test_destroy_as_admin_and_succeed_with_redirect_to_index_with_trash" file="/app/vendor/gammamatrix/playground-test/src/Feature/Http/Controllers/Resource/Playground/DestroyTrait.php" line="130" class="Tests\Feature\Playground\Lead\Resource\Http\Controllers\Playground\TeammateRouteTest" classname="Tests.Feature.Playground.Lead.Resource.Http.Controllers.Playground.TeammateRouteTest" assertions="5" time="0.383952"/>
        <testcase name="test_destroy_as_user_and_get_denied_and_no_force_delete_allowed" file="/app/vendor/gammamatrix/playground-test/src/Feature/Http/Controllers/Resource/Playground/DestroyTrait.php" line="172" class="Tests\Feature\Playground\Lead\Resource\Http\Controllers\Playground\TeammateRouteTest" classname="Tests.Feature.Playground.Lead.Resource.Http.Controllers.Playground.TeammateRouteTest" assertions="3" time="0.372075"/>
        <testcase name="test_json_guest_cannot_get_edit_info" file="/app/vendor/gammamatrix/playground-test/src/Feature/Http/Controllers/Resource/Playground/EditJsonTrait.php" line="39" class="Tests\Feature\Playground\Lead\Resource\Http\Controllers\Playground\TeammateRouteTest" classname="Tests.Feature.Playground.Lead.Resource.Http.Controllers.Playground.TeammateRouteTest" assertions="1" time="0.372687"/>
        <testcase name="test_json_admin_can_get_edit_info" file="/app/vendor/gammamatrix/playground-test/src/Feature/Http/Controllers/Resource/Playground/EditJsonTrait.php" line="59" class="Tests\Feature\Playground\Lead\Resource\Http\Controllers\Playground\TeammateRouteTest" classname="Tests.Feature.Playground.Lead.Resource.Http.Controllers.Playground.TeammateRouteTest" assertions="4" time="0.390694"/>
        <testcase name="test_json_edit_as_admin_and_fail_validation_with_invalid_parameter" file="/app/vendor/gammamatrix/playground-test/src/Feature/Http/Controllers/Resource/Playground/EditJsonTrait.php" line="88" class="Tests\Feature\Playground\Lead\Resource\Http\Controllers\Playground\TeammateRouteTest" classname="Tests.Feature.Playground.Lead.Resource.Http.Controllers.Playground.TeammateRouteTest" assertions="4" time="0.383081"/>
        <testcase name="test_guest_cannot_render_edit_view" file="/app/vendor/gammamatrix/playground-test/src/Feature/Http/Controllers/Resource/Playground/EditTrait.php" line="34" class="Tests\Feature\Playground\Lead\Resource\Http\Controllers\Playground\TeammateRouteTest" classname="Tests.Feature.Playground.Lead.Resource.Http.Controllers.Playground.TeammateRouteTest" assertions="1" time="0.365163"/>
        <testcase name="test_admin_can_render_edit_view" file="/app/vendor/gammamatrix/playground-test/src/Feature/Http/Controllers/Resource/Playground/EditTrait.php" line="54" class="Tests\Feature\Playground\Lead\Resource\Http\Controllers\Playground\TeammateRouteTest" classname="Tests.Feature.Playground.Lead.Resource.Http.Controllers.Playground.TeammateRouteTest" assertions="2" time="0.418118"/>
        <testcase name="test_admin_can_render_edit_view_with_return_url" file="/app/vendor/gammamatrix/playground-test/src/Feature/Http/Controllers/Resource/Playground/EditTrait.php" line="78" class="Tests\Feature\Playground\Lead\Resource\Http\Controllers\Playground\TeammateRouteTest" classname="Tests.Feature.Playground.Lead.Resource.Http.Controllers.Playground.TeammateRouteTest" assertions="3" time="0.424335"/>
        <testcase name="test_edit_view_as_admin_with_invalid_parameter_and_fail_validation_and_redirect" file="/app/vendor/gammamatrix/playground-test/src/Feature/Http/Controllers/Resource/Playground/EditTrait.php" line="107" class="Tests\Feature\Playground\Lead\Resource\Http\Controllers\Playground\TeammateRouteTest" classname="Tests.Feature.Playground.Lead.Resource.Http.Controllers.Playground.TeammateRouteTest" assertions="4" time="0.385401"/>
        <testcase name="test_json_guest_cannot_get_index" file="/app/vendor/gammamatrix/playground-test/src/Feature/Http/Controllers/Resource/Playground/IndexJsonTrait.php" line="35" class="Tests\Feature\Playground\Lead\Resource\Http\Controllers\Playground\TeammateRouteTest" classname="Tests.Feature.Playground.Lead.Resource.Http.Controllers.Playground.TeammateRouteTest" assertions="1" time="0.362900"/>
        <testcase name="test_json_admin_can_get_index" file="/app/vendor/gammamatrix/playground-test/src/Feature/Http/Controllers/Resource/Playground/IndexJsonTrait.php" line="50" class="Tests\Feature\Playground\Lead\Resource\Http\Controllers\Playground\TeammateRouteTest" classname="Tests.Feature.Playground.Lead.Resource.Http.Controllers.Playground.TeammateRouteTest" assertions="127" time="0.391876"/>
        <testcase name="test_json_admin_can_get_index_with_filters" file="/app/vendor/gammamatrix/playground-test/src/Feature/Http/Controllers/Resource/Playground/IndexJsonTrait.php" line="86" class="Tests\Feature\Playground\Lead\Resource\Http\Controllers\Playground\TeammateRouteTest" classname="Tests.Feature.Playground.Lead.Resource.Http.Controllers.Playground.TeammateRouteTest" assertions="3" time="0.393559"/>
        <testcase name="test_guest_cannot_render_index_view" file="/app/vendor/gammamatrix/playground-test/src/Feature/Http/Controllers/Resource/Playground/IndexTrait.php" line="30" class="Tests\Feature\Playground\Lead\Resource\Http\Controllers\Playground\TeammateRouteTest" classname="Tests.Feature.Playground.Lead.Resource.Http.Controllers.Playground.TeammateRouteTest" assertions="1" time="0.379394"/>
        <testcase name="test_admin_can_render_index_view" file="/app/vendor/gammamatrix/playground-test/src/Feature/Http/Controllers/Resource/Playground/IndexTrait.php" line="45" class="Tests\Feature\Playground\Lead\Resource\Http\Controllers\Playground\TeammateRouteTest" classname="Tests.Feature.Playground.Lead.Resource.Http.Controllers.Playground.TeammateRouteTest" assertions="2" time="0.423598"/>
        <testcase name="test_admin_can_render_index_view_with_filters" file="/app/vendor/gammamatrix/playground-test/src/Feature/Http/Controllers/Resource/Playground/IndexTrait.php" line="78" class="Tests\Feature\Playground\Lead\Resource\Http\Controllers\Playground\TeammateRouteTest" classname="Tests.Feature.Playground.Lead.Resource.Http.Controllers.Playground.TeammateRouteTest" assertions="3" time="0.421068"/>
        <testcase name="test_json_guest_cannot_lock" file="/app/vendor/gammamatrix/playground-test/src/Feature/Http/Controllers/Resource/Playground/LockJsonTrait.php" line="37" class="Tests\Feature\Playground\Lead\Resource\Http\Controllers\Playground\TeammateRouteTest" classname="Tests.Feature.Playground.Lead.Resource.Http.Controllers.Playground.TeammateRouteTest" assertions="3" time="0.366827"/>
        <testcase name="test_json_lock_as_admin_and_succeed" file="/app/vendor/gammamatrix/playground-test/src/Feature/Http/Controllers/Resource/Playground/LockJsonTrait.php" line="67" class="Tests\Feature\Playground\Lead\Resource\Http\Controllers\Playground\TeammateRouteTest" classname="Tests.Feature.Playground.Lead.Resource.Http.Controllers.Playground.TeammateRouteTest" assertions="3" time="0.388840"/>
        <testcase name="test_json_lock_as_admin_and_succeed_with_no_redirect" file="/app/vendor/gammamatrix/playground-test/src/Feature/Http/Controllers/Resource/Playground/LockJsonTrait.php" line="99" class="Tests\Feature\Playground\Lead\Resource\Http\Controllers\Playground\TeammateRouteTest" classname="Tests.Feature.Playground.Lead.Resource.Http.Controllers.Playground.TeammateRouteTest" assertions="125" time="0.401616"/>
        <testcase name="test_json_lock_as_user_and_get_denied" file="/app/vendor/gammamatrix/playground-test/src/Feature/Http/Controllers/Resource/Playground/LockJsonTrait.php" line="144" class="Tests\Feature\Playground\Lead\Resource\Http\Controllers\Playground\TeammateRouteTest" classname="Tests.Feature.Playground.Lead.Resource.Http.Controllers.Playground.TeammateRouteTest" assertions="3" time="0.379140"/>
        <testcase name="test_guest_cannot_lock" file="/app/vendor/gammamatrix/playground-test/src/Feature/Http/Controllers/Resource/Playground/LockTrait.php" line="32" class="Tests\Feature\Playground\Lead\Resource\Http\Controllers\Playground\TeammateRouteTest" classname="Tests.Feature.Playground.Lead.Resource.Http.Controllers.Playground.TeammateRouteTest" assertions="3" time="0.371332"/>
        <testcase name="test_lock_as_admin_and_succeed" file="/app/vendor/gammamatrix/playground-test/src/Feature/Http/Controllers/Resource/Playground/LockTrait.php" line="62" class="Tests\Feature\Playground\Lead\Resource\Http\Controllers\Playground\TeammateRouteTest" classname="Tests.Feature.Playground.Lead.Resource.Http.Controllers.Playground.TeammateRouteTest" assertions="4" time="0.386810"/>
        <testcase name="test_lock_as_admin_and_succeed_with_redirect_to_index_with_sorted_by_locked_desc" file="/app/vendor/gammamatrix/playground-test/src/Feature/Http/Controllers/Resource/Playground/LockTrait.php" line="96" class="Tests\Feature\Playground\Lead\Resource\Http\Controllers\Playground\TeammateRouteTest" classname="Tests.Feature.Playground.Lead.Resource.Http.Controllers.Playground.TeammateRouteTest" assertions="4" time="0.384116"/>
        <testcase name="test_lock_as_user_and_get_denied" file="/app/vendor/gammamatrix/playground-test/src/Feature/Http/Controllers/Resource/Playground/LockTrait.php" line="133" class="Tests\Feature\Playground\Lead\Resource\Http\Controllers\Playground\TeammateRouteTest" classname="Tests.Feature.Playground.Lead.Resource.Http.Controllers.Playground.TeammateRouteTest" assertions="3" time="0.378055"/>
        <testcase name="test_json_guest_cannot_restore" file="/app/vendor/gammamatrix/playground-test/src/Feature/Http/Controllers/Resource/Playground/RestoreJsonTrait.php" line="33" class="Tests\Feature\Playground\Lead\Resource\Http\Controllers\Playground\TeammateRouteTest" classname="Tests.Feature.Playground.Lead.Resource.Http.Controllers.Playground.TeammateRouteTest" assertions="3" time="0.393434"/>
        <testcase name="test_json_restore_as_admin_and_succeed" file="/app/vendor/gammamatrix/playground-test/src/Feature/Http/Controllers/Resource/Playground/RestoreJsonTrait.php" line="65" class="Tests\Feature\Playground\Lead\Resource\Http\Controllers\Playground\TeammateRouteTest" classname="Tests.Feature.Playground.Lead.Resource.Http.Controllers.Playground.TeammateRouteTest" assertions="125" time="0.394372"/>
        <testcase name="test_json_restore_as_admin_and_succeed_with_no_redirect" file="/app/vendor/gammamatrix/playground-test/src/Feature/Http/Controllers/Resource/Playground/RestoreJsonTrait.php" line="101" class="Tests\Feature\Playground\Lead\Resource\Http\Controllers\Playground\TeammateRouteTest" classname="Tests.Feature.Playground.Lead.Resource.Http.Controllers.Playground.TeammateRouteTest" assertions="125" time="0.394319"/>
        <testcase name="test_json_restore_as_user_and_get_denied" file="/app/vendor/gammamatrix/playground-test/src/Feature/Http/Controllers/Resource/Playground/RestoreJsonTrait.php" line="144" class="Tests\Feature\Playground\Lead\Resource\Http\Controllers\Playground\TeammateRouteTest" classname="Tests.Feature.Playground.Lead.Resource.Http.Controllers.Playground.TeammateRouteTest" assertions="3" time="0.382931"/>
        <testcase name="test_guest_cannot_restore" file="/app/vendor/gammamatrix/playground-test/src/Feature/Http/Controllers/Resource/Playground/RestoreTrait.php" line="33" class="Tests\Feature\Playground\Lead\Resource\Http\Controllers\Playground\TeammateRouteTest" classname="Tests.Feature.Playground.Lead.Resource.Http.Controllers.Playground.TeammateRouteTest" assertions="3" time="0.373121"/>
        <testcase name="test_restore_as_admin_and_succeed" file="/app/vendor/gammamatrix/playground-test/src/Feature/Http/Controllers/Resource/Playground/RestoreTrait.php" line="65" class="Tests\Feature\Playground\Lead\Resource\Http\Controllers\Playground\TeammateRouteTest" classname="Tests.Feature.Playground.Lead.Resource.Http.Controllers.Playground.TeammateRouteTest" assertions="4" time="0.386315"/>
        <testcase name="test_restore_as_admin_and_succeed_with_redirect_to_index_with_only_trash" file="/app/vendor/gammamatrix/playground-test/src/Feature/Http/Controllers/Resource/Playground/RestoreTrait.php" line="101" class="Tests\Feature\Playground\Lead\Resource\Http\Controllers\Playground\TeammateRouteTest" classname="Tests.Feature.Playground.Lead.Resource.Http.Controllers.Playground.TeammateRouteTest" assertions="4" time="0.392379"/>
        <testcase name="test_restore_as_user_and_get_denied" file="/app/vendor/gammamatrix/playground-test/src/Feature/Http/Controllers/Resource/Playground/RestoreTrait.php" line="147" class="Tests\Feature\Playground\Lead\Resource\Http\Controllers\Playground\TeammateRouteTest" classname="Tests.Feature.Playground.Lead.Resource.Http.Controllers.Playground.TeammateRouteTest" assertions="3" time="0.383993"/>
        <testcase name="test_json_guest_cannot_see_info" file="/app/vendor/gammamatrix/playground-test/src/Feature/Http/Controllers/Resource/Playground/ShowJsonTrait.php" line="30" class="Tests\Feature\Playground\Lead\Resource\Http\Controllers\Playground\TeammateRouteTest" classname="Tests.Feature.Playground.Lead.Resource.Http.Controllers.Playground.TeammateRouteTest" assertions="1" time="0.369567"/>
        <testcase name="test_json_show_info_for_admin" file="/app/vendor/gammamatrix/playground-test/src/Feature/Http/Controllers/Resource/Playground/ShowJsonTrait.php" line="50" class="Tests\Feature\Playground\Lead\Resource\Http\Controllers\Playground\TeammateRouteTest" classname="Tests.Feature.Playground.Lead.Resource.Http.Controllers.Playground.TeammateRouteTest" assertions="124" time="0.387145"/>
        <testcase name="test_guest_cannot_render_show_view" file="/app/vendor/gammamatrix/playground-test/src/Feature/Http/Controllers/Resource/Playground/ShowTrait.php" line="30" class="Tests\Feature\Playground\Lead\Resource\Http\Controllers\Playground\TeammateRouteTest" classname="Tests.Feature.Playground.Lead.Resource.Http.Controllers.Playground.TeammateRouteTest" assertions="1" time="0.374847"/>
        <testcase name="test_show_view_rendered_by_admin" file="/app/vendor/gammamatrix/playground-test/src/Feature/Http/Controllers/Resource/Playground/ShowTrait.php" line="50" class="Tests\Feature\Playground\Lead\Resource\Http\Controllers\Playground\TeammateRouteTest" classname="Tests.Feature.Playground.Lead.Resource.Http.Controllers.Playground.TeammateRouteTest" assertions="2" time="0.407596"/>
        <testcase name="test_json_guest_cannot_store" file="/app/vendor/gammamatrix/playground-test/src/Feature/Http/Controllers/Resource/Playground/StoreJsonTrait.php" line="44" class="Tests\Feature\Playground\Lead\Resource\Http\Controllers\Playground\TeammateRouteTest" classname="Tests.Feature.Playground.Lead.Resource.Http.Controllers.Playground.TeammateRouteTest" assertions="3" time="0.364021"/>
        <testcase name="test_json_store_as_admin_without_payload_and_fail_validation" file="/app/vendor/gammamatrix/playground-test/src/Feature/Http/Controllers/Resource/Playground/StoreJsonTrait.php" line="67" class="Tests\Feature\Playground\Lead\Resource\Http\Controllers\Playground\TeammateRouteTest" classname="Tests.Feature.Playground.Lead.Resource.Http.Controllers.Playground.TeammateRouteTest" assertions="5" time="0.378823"/>
        <testcase name="test_json_store_as_admin_and_succeed" file="/app/vendor/gammamatrix/playground-test/src/Feature/Http/Controllers/Resource/Playground/StoreJsonTrait.php" line="93" class="Tests\Feature\Playground\Lead\Resource\Http\Controllers\Playground\TeammateRouteTest" classname="Tests.Feature.Playground.Lead.Resource.Http.Controllers.Playground.TeammateRouteTest" assertions="3" time="0.417665"/>
        <testcase name="test_guest_cannot_store" file="/app/vendor/gammamatrix/playground-test/src/Feature/Http/Controllers/Resource/Playground/StoreTrait.php" line="39" class="Tests\Feature\Playground\Lead\Resource\Http\Controllers\Playground\TeammateRouteTest" classname="Tests.Feature.Playground.Lead.Resource.Http.Controllers.Playground.TeammateRouteTest" assertions="3" time="0.367064"/>
        <testcase name="test_store_as_admin_without_payload_and_fail_validation" file="/app/vendor/gammamatrix/playground-test/src/Feature/Http/Controllers/Resource/Playground/StoreTrait.php" line="62" class="Tests\Feature\Playground\Lead\Resource\Http\Controllers\Playground\TeammateRouteTest" classname="Tests.Feature.Playground.Lead.Resource.Http.Controllers.Playground.TeammateRouteTest" assertions="5" time="0.382045"/>
        <testcase name="test_store_as_admin_and_succeed" file="/app/vendor/gammamatrix/playground-test/src/Feature/Http/Controllers/Resource/Playground/StoreTrait.php" line="91" class="Tests\Feature\Playground\Lead\Resource\Http\Controllers\Playground\TeammateRouteTest" classname="Tests.Feature.Playground.Lead.Resource.Http.Controllers.Playground.TeammateRouteTest" assertions="4" time="0.421001"/>
        <testcase name="test_store_as_admin_and_succeed_with_return_url" file="/app/vendor/gammamatrix/playground-test/src/Feature/Http/Controllers/Resource/Playground/StoreTrait.php" line="136" class="Tests\Feature\Playground\Lead\Resource\Http\Controllers\Playground\TeammateRouteTest" classname="Tests.Feature.Playground.Lead.Resource.Http.Controllers.Playground.TeammateRouteTest" assertions="4" time="0.419808"/>
        <testcase name="test_json_guest_cannot_unlock" file="/app/vendor/gammamatrix/playground-test/src/Feature/Http/Controllers/Resource/Playground/UnlockJsonTrait.php" line="37" class="Tests\Feature\Playground\Lead\Resource\Http\Controllers\Playground\TeammateRouteTest" classname="Tests.Feature.Playground.Lead.Resource.Http.Controllers.Playground.TeammateRouteTest" assertions="3" time="0.380011"/>
        <testcase name="test_json_unlock_as_admin_and_succeed" file="/app/vendor/gammamatrix/playground-test/src/Feature/Http/Controllers/Resource/Playground/UnlockJsonTrait.php" line="69" class="Tests\Feature\Playground\Lead\Resource\Http\Controllers\Playground\TeammateRouteTest" classname="Tests.Feature.Playground.Lead.Resource.Http.Controllers.Playground.TeammateRouteTest" assertions="125" time="0.395319"/>
        <testcase name="test_json_unlock_as_admin_and_succeed_with_no_redirect" file="/app/vendor/gammamatrix/playground-test/src/Feature/Http/Controllers/Resource/Playground/UnlockJsonTrait.php" line="105" class="Tests\Feature\Playground\Lead\Resource\Http\Controllers\Playground\TeammateRouteTest" classname="Tests.Feature.Playground.Lead.Resource.Http.Controllers.Playground.TeammateRouteTest" assertions="125" time="0.401631"/>
        <testcase name="test_json_unlock_as_user_and_get_denied" file="/app/vendor/gammamatrix/playground-test/src/Feature/Http/Controllers/Resource/Playground/UnlockJsonTrait.php" line="146" class="Tests\Feature\Playground\Lead\Resource\Http\Controllers\Playground\TeammateRouteTest" classname="Tests.Feature.Playground.Lead.Resource.Http.Controllers.Playground.TeammateRouteTest" assertions="3" time="0.396115"/>
        <testcase name="test_guest_cannot_unlock" file="/app/vendor/gammamatrix/playground-test/src/Feature/Http/Controllers/Resource/Playground/UnlockTrait.php" line="37" class="Tests\Feature\Playground\Lead\Resource\Http\Controllers\Playground\TeammateRouteTest" classname="Tests.Feature.Playground.Lead.Resource.Http.Controllers.Playground.TeammateRouteTest" assertions="3" time="0.383702"/>
        <testcase name="test_unlock_as_admin_and_succeed" file="/app/vendor/gammamatrix/playground-test/src/Feature/Http/Controllers/Resource/Playground/UnlockTrait.php" line="69" class="Tests\Feature\Playground\Lead\Resource\Http\Controllers\Playground\TeammateRouteTest" classname="Tests.Feature.Playground.Lead.Resource.Http.Controllers.Playground.TeammateRouteTest" assertions="4" time="0.390900"/>
        <testcase name="test_unlock_as_admin_and_succeed_with_redirect_to_index_with_sorted_by_unlocked_desc" file="/app/vendor/gammamatrix/playground-test/src/Feature/Http/Controllers/Resource/Playground/UnlockTrait.php" line="110" class="Tests\Feature\Playground\Lead\Resource\Http\Controllers\Playground\TeammateRouteTest" classname="Tests.Feature.Playground.Lead.Resource.Http.Controllers.Playground.TeammateRouteTest" assertions="4" time="0.388584"/>
        <testcase name="test_unlock_as_user_and_get_denied" file="/app/vendor/gammamatrix/playground-test/src/Feature/Http/Controllers/Resource/Playground/UnlockTrait.php" line="149" class="Tests\Feature\Playground\Lead\Resource\Http\Controllers\Playground\TeammateRouteTest" classname="Tests.Feature.Playground.Lead.Resource.Http.Controllers.Playground.TeammateRouteTest" assertions="3" time="0.388389"/>
        <testcase name="test_json_guest_cannot_update" file="/app/vendor/gammamatrix/playground-test/src/Feature/Http/Controllers/Resource/Playground/UpdateJsonTrait.php" line="46" class="Tests\Feature\Playground\Lead\Resource\Http\Controllers\Playground\TeammateRouteTest" classname="Tests.Feature.Playground.Lead.Resource.Http.Controllers.Playground.TeammateRouteTest" assertions="1" time="0.371755"/>
        <testcase name="test_json_update_as_admin_without_payload_and_passes_validation" file="/app/vendor/gammamatrix/playground-test/src/Feature/Http/Controllers/Resource/Playground/UpdateJsonTrait.php" line="66" class="Tests\Feature\Playground\Lead\Resource\Http\Controllers\Playground\TeammateRouteTest" classname="Tests.Feature.Playground.Lead.Resource.Http.Controllers.Playground.TeammateRouteTest" assertions="2" time="0.404798"/>
        <testcase name="test_json_admin_can_update" file="/app/vendor/gammamatrix/playground-test/src/Feature/Http/Controllers/Resource/Playground/UpdateJsonTrait.php" line="114" class="Tests\Feature\Playground\Lead\Resource\Http\Controllers\Playground\TeammateRouteTest" classname="Tests.Feature.Playground.Lead.Resource.Http.Controllers.Playground.TeammateRouteTest" assertions="127" time="0.461261"/>
        <testcase name="test_guest_cannot_update" file="/app/vendor/gammamatrix/playground-test/src/Feature/Http/Controllers/Resource/Playground/UpdateTrait.php" line="46" class="Tests\Feature\Playground\Lead\Resource\Http\Controllers\Playground\TeammateRouteTest" classname="Tests.Feature.Playground.Lead.Resource.Http.Controllers.Playground.TeammateRouteTest" assertions="1" time="0.378974"/>
        <testcase name="test_update_as_admin_without_payload_and_passes_validation" file="/app/vendor/gammamatrix/playground-test/src/Feature/Http/Controllers/Resource/Playground/UpdateTrait.php" line="66" class="Tests\Feature\Playground\Lead\Resource\Http\Controllers\Playground\TeammateRouteTest" classname="Tests.Feature.Playground.Lead.Resource.Http.Controllers.Playground.TeammateRouteTest" assertions="3" time="0.404077"/>
        <testcase name="test_admin_can_update" file="/app/vendor/gammamatrix/playground-test/src/Feature/Http/Controllers/Resource/Playground/UpdateTrait.php" line="117" class="Tests\Feature\Playground\Lead\Resource\Http\Controllers\Playground\TeammateRouteTest" classname="Tests.Feature.Playground.Lead.Resource.Http.Controllers.Playground.TeammateRouteTest" assertions="6" time="0.441958"/>
        <testcase name="test_admin_can_update_view_with_return_url" file="/app/vendor/gammamatrix/playground-test/src/Feature/Http/Controllers/Resource/Playground/UpdateTrait.php" line="160" class="Tests\Feature\Playground\Lead\Resource\Http\Controllers\Playground\TeammateRouteTest" classname="Tests.Feature.Playground.Lead.Resource.Http.Controllers.Playground.TeammateRouteTest" assertions="6" time="0.443072"/>
      </testsuite>
      <testsuite name="Tests\Feature\Playground\Lead\Resource\Http\Requests\FormRequest\InstanceTest" file="/app/tests/Feature/Http/Requests/FormRequest/InstanceTest.php" tests="1" assertions="1" errors="0" failures="0" skipped="0" time="0.350141">
        <testcase name="test_form_request_authorize_with_admin" file="/app/tests/Feature/Http/Requests/FormRequest/InstanceTest.php" line="23" class="Tests\Feature\Playground\Lead\Resource\Http\Requests\FormRequest\InstanceTest" classname="Tests.Feature.Playground.Lead.Resource.Http.Requests.FormRequest.InstanceTest" assertions="1" time="0.350141"/>
      </testsuite>
    </testsuite>
  </testsuite>
</testsuites>
